Archive member included to satisfy reference by file (symbol)

C:/ti/simplelink_msp432_sdk_1_40_01_00/source/ti/devices/msp432p4xx/driverlib/gcc\msp432p4xx_driverlib.a(gpio.obj)
                              ./HAL_I2C.o (GPIO_setAsPeripheralModuleFunctionOutputPin)
C:/ti/simplelink_msp432_sdk_1_40_01_00/source/ti/devices/msp432p4xx/driverlib/gcc\msp432p4xx_driverlib.a(i2c.obj)
                              ./HAL_I2C.o (I2C_initMaster)
C:/ti/simplelink_msp432_sdk_1_40_01_00/source/ti/devices/msp432p4xx/driverlib/gcc\msp432p4xx_driverlib.a(interrupt.obj)
                              C:/ti/simplelink_msp432_sdk_1_40_01_00/source/ti/devices/msp432p4xx/driverlib/gcc\msp432p4xx_driverlib.a(gpio.obj) (Interrupt_registerInterrupt)
C:/ti/simplelink_msp432_sdk_1_40_01_00/source/ti/devices/msp432p4xx/driverlib/gcc\msp432p4xx_driverlib.a(cpu.obj)
                              C:/ti/simplelink_msp432_sdk_1_40_01_00/source/ti/devices/msp432p4xx/driverlib/gcc\msp432p4xx_driverlib.a(interrupt.obj) (CPU_cpsid)
c:/ti/ccsv7/tools/compiler/gcc-arm-none-eabi-6-2017-q1-update/bin/../lib/gcc/arm-none-eabi/6.3.1/thumb/v7e-m/fpv4-sp/hard\libgcc.a(_arm_addsubdf3.o)
                              ./main.o (__aeabi_dsub)
c:/ti/ccsv7/tools/compiler/gcc-arm-none-eabi-6-2017-q1-update/bin/../lib/gcc/arm-none-eabi/6.3.1/thumb/v7e-m/fpv4-sp/hard\libgcc.a(_arm_muldivdf3.o)
                              ./main.o (__aeabi_dmul)
c:/ti/ccsv7/tools/compiler/gcc-arm-none-eabi-6-2017-q1-update/bin/../lib/gcc/arm-none-eabi/6.3.1/thumb/v7e-m/fpv4-sp/hard\libgcc.a(_arm_fixunsdfsi.o)
                              ./main.o (__aeabi_d2uiz)
c:/ti/ccsv7/tools/compiler/gcc-arm-none-eabi-6-2017-q1-update/bin/../lib/gcc/arm-none-eabi/6.3.1/thumb/v7e-m/fpv4-sp/hard\libgcc.a(unwind-arm.o)
                              ./HAL_I2C.o (__aeabi_unwind_cpp_pr0)
c:/ti/ccsv7/tools/compiler/gcc-arm-none-eabi-6-2017-q1-update/bin/../lib/gcc/arm-none-eabi/6.3.1/thumb/v7e-m/fpv4-sp/hard\libgcc.a(libunwind.o)
                              c:/ti/ccsv7/tools/compiler/gcc-arm-none-eabi-6-2017-q1-update/bin/../lib/gcc/arm-none-eabi/6.3.1/thumb/v7e-m/fpv4-sp/hard\libgcc.a(unwind-arm.o) (restore_core_regs)
c:/ti/ccsv7/tools/compiler/gcc-arm-none-eabi-6-2017-q1-update/bin/../lib/gcc/arm-none-eabi/6.3.1/thumb/v7e-m/fpv4-sp/hard\libgcc.a(pr-support.o)
                              c:/ti/ccsv7/tools/compiler/gcc-arm-none-eabi-6-2017-q1-update/bin/../lib/gcc/arm-none-eabi/6.3.1/thumb/v7e-m/fpv4-sp/hard\libgcc.a(unwind-arm.o) (__gnu_unwind_execute)
C:/ti/ccsv7/tools/compiler/gcc-arm-none-eabi-6-2017-q1-update/arm-none-eabi/lib/thumb/v7e-m/fpv4-sp/hard\libc_nano.a(lib_a-abort.o)
                              c:/ti/ccsv7/tools/compiler/gcc-arm-none-eabi-6-2017-q1-update/bin/../lib/gcc/arm-none-eabi/6.3.1/thumb/v7e-m/fpv4-sp/hard\libgcc.a(unwind-arm.o) (abort)
C:/ti/ccsv7/tools/compiler/gcc-arm-none-eabi-6-2017-q1-update/arm-none-eabi/lib/thumb/v7e-m/fpv4-sp/hard\libc_nano.a(lib_a-exit.o)
                              c:/ti/ccsv7/tools/compiler/gcc-arm-none-eabi-6-2017-q1-update/bin/../lib/gcc/arm-none-eabi/6.3.1/../../../../arm-none-eabi/lib/thumb/v7e-m/fpv4-sp/hard/crt0.o (exit)
C:/ti/ccsv7/tools/compiler/gcc-arm-none-eabi-6-2017-q1-update/arm-none-eabi/lib/thumb/v7e-m/fpv4-sp/hard\libc_nano.a(lib_a-impure.o)
                              C:/ti/ccsv7/tools/compiler/gcc-arm-none-eabi-6-2017-q1-update/arm-none-eabi/lib/thumb/v7e-m/fpv4-sp/hard\libc_nano.a(lib_a-exit.o) (_global_impure_ptr)
C:/ti/ccsv7/tools/compiler/gcc-arm-none-eabi-6-2017-q1-update/arm-none-eabi/lib/thumb/v7e-m/fpv4-sp/hard\libc_nano.a(lib_a-init.o)
                              c:/ti/ccsv7/tools/compiler/gcc-arm-none-eabi-6-2017-q1-update/bin/../lib/gcc/arm-none-eabi/6.3.1/../../../../arm-none-eabi/lib/thumb/v7e-m/fpv4-sp/hard/crt0.o (__libc_init_array)
C:/ti/ccsv7/tools/compiler/gcc-arm-none-eabi-6-2017-q1-update/arm-none-eabi/lib/thumb/v7e-m/fpv4-sp/hard\libc_nano.a(lib_a-memcpy-stub.o)
                              c:/ti/ccsv7/tools/compiler/gcc-arm-none-eabi-6-2017-q1-update/bin/../lib/gcc/arm-none-eabi/6.3.1/thumb/v7e-m/fpv4-sp/hard\libgcc.a(unwind-arm.o) (memcpy)
C:/ti/ccsv7/tools/compiler/gcc-arm-none-eabi-6-2017-q1-update/arm-none-eabi/lib/thumb/v7e-m/fpv4-sp/hard\libc_nano.a(lib_a-memset.o)
                              c:/ti/ccsv7/tools/compiler/gcc-arm-none-eabi-6-2017-q1-update/bin/../lib/gcc/arm-none-eabi/6.3.1/../../../../arm-none-eabi/lib/thumb/v7e-m/fpv4-sp/hard/crt0.o (memset)
C:/ti/ccsv7/tools/compiler/gcc-arm-none-eabi-6-2017-q1-update/arm-none-eabi/lib/thumb/v7e-m/fpv4-sp/hard\libc_nano.a(lib_a-signal.o)
                              C:/ti/ccsv7/tools/compiler/gcc-arm-none-eabi-6-2017-q1-update/arm-none-eabi/lib/thumb/v7e-m/fpv4-sp/hard\libc_nano.a(lib_a-abort.o) (raise)
C:/ti/ccsv7/tools/compiler/gcc-arm-none-eabi-6-2017-q1-update/arm-none-eabi/lib/thumb/v7e-m/fpv4-sp/hard\libc_nano.a(lib_a-signalr.o)
[...]
Memory Configuration

Name             Origin             Length             Attributes
MAIN_FLASH       0x00000000         0x00040000         xr
INFO_FLASH       0x00200000         0x00004000         xr
SRAM_CODE        0x01000000         0x00010000         xrw
SRAM_DATA        0x20000000         0x00010000         rw
*default*        0x00000000         0xffffffff

Linker script and memory map

LOAD c:/ti/ccsv7/tools/compiler/gcc-arm-none-eabi-6-2017-q1-update/bin/../lib/gcc/arm-none-eabi/6.3.1/thumb/v7e-m/fpv4-sp/hard/crti.o
LOAD c:/ti/ccsv7/tools/compiler/gcc-arm-none-eabi-6-2017-q1-update/bin/../lib/gcc/arm-none-eabi/6.3.1/thumb/v7e-m/fpv4-sp/hard/crtbegin.o
LOAD c:/ti/ccsv7/tools/compiler/gcc-arm-none-eabi-6-2017-q1-update/bin/../lib/gcc/arm-none-eabi/6.3.1/../../../../arm-none-eabi/lib/thumb/v7e-m/fpv4-sp/hard/crt0.o
LOAD ./HAL_I2C.o
LOAD ./HAL_OPT3001.o
LOAD ./main.o
LOAD ./startup_msp432p401r_gcc.o
LOAD ./system_msp432p401r.o
LOAD ./fonts/fontcm12.o
LOAD ./fonts/fontcm12b.o
LOAD ./fonts/fontcm12i.o
LOAD ./fonts/fontcm14.o
LOAD ./fonts/fontcm14b.o
LOAD ./fonts/fontcm14i.o
LOAD ./fonts/fontcm16.o
LOAD ./fonts/fontcm16b.o
LOAD ./fonts/fontcm16i.o
LOAD ./fonts/fontcm18.o
LOAD ./fonts/fontcm18b.o
LOAD ./fonts/fontcm18i.o
LOAD ./fonts/fontcm20.o
LOAD ./fonts/fontcm20b.o
LOAD ./fonts/fontcm20i.o
LOAD ./fonts/fontcm22.o
LOAD ./fonts/fontcm22b.o
LOAD ./fonts/fontcm22i.o
LOAD ./fonts/fontcm24.o
LOAD ./fonts/fontcm24b.o
LOAD ./fonts/fontcm24i.o
LOAD ./fonts/fontcm26.o
LOAD ./fonts/fontcm26b.o
LOAD ./fonts/fontcm26i.o
LOAD ./fonts/fontcm28.o
LOAD ./fonts/fontcm28b.o
LOAD ./fonts/fontcm28i.o
LOAD ./fonts/fontcm30.o
LOAD ./fonts/fontcm30b.o
LOAD ./fonts/fontcm30i.o
LOAD ./fonts/fontcm32.o
LOAD ./fonts/fontcm32b.o
LOAD ./fonts/fontcm32i.o
LOAD ./fonts/fontcm34.o
LOAD ./fonts/fontcm34b.o
LOAD ./fonts/fontcm34i.o
LOAD ./fonts/fontcm36.o
LOAD ./fonts/fontcm36b.o
LOAD ./fonts/fontcm36i.o
LOAD ./fonts/fontcm38.o
LOAD ./fonts/fontcm38b.o
LOAD ./fonts/fontcm38i.o
LOAD ./fonts/fontcm40.o
LOAD ./fonts/fontcm40b.o
LOAD ./fonts/fontcm40i.o
LOAD ./fonts/fontcm42.o
LOAD ./fonts/fontcm42b.o
LOAD ./fonts/fontcm42i.o
LOAD ./fonts/fontcm44.o
LOAD ./fonts/fontcm44b.o
LOAD ./fonts/fontcm44i.o
LOAD ./fonts/fontcm46.o
LOAD ./fonts/fontcm46b.o
LOAD ./fonts/fontcm46i.o
LOAD ./fonts/fontcm48.o
LOAD ./fonts/fontcm48b.o
LOAD ./fonts/fontcm48i.o
LOAD ./fonts/fontcmsc12.o
LOAD ./fonts/fontcmsc14.o
LOAD ./fonts/fontcmsc16.o
LOAD ./fonts/fontcmsc18.o
LOAD ./fonts/fontcmsc20.o
LOAD ./fonts/fontcmsc22.o
LOAD ./fonts/fontcmsc24.o
LOAD ./fonts/fontcmsc26.o
LOAD ./fonts/fontcmsc28.o
LOAD ./fonts/fontcmsc30.o
LOAD ./fonts/fontcmsc32.o
LOAD ./fonts/fontcmsc34.o
LOAD ./fonts/fontcmsc36.o
LOAD ./fonts/fontcmsc38.o
LOAD ./fonts/fontcmsc40.o
LOAD ./fonts/fontcmsc42.o
LOAD ./fonts/fontcmsc44.o
LOAD ./fonts/fontcmsc46.o
LOAD ./fonts/fontcmsc48.o
LOAD ./fonts/fontcmss12.o
LOAD ./fonts/fontcmss12b.o
LOAD ./fonts/fontcmss12i.o
LOAD ./fonts/fontcmss14.o
LOAD ./fonts/fontcmss14b.o
LOAD ./fonts/fontcmss14i.o
LOAD ./fonts/fontcmss16.o
LOAD ./fonts/fontcmss16b.o
LOAD ./fonts/fontcmss16i.o
LOAD ./fonts/fontcmss18.o
LOAD ./fonts/fontcmss18b.o
LOAD ./fonts/fontcmss18i.o
LOAD ./fonts/fontcmss20.o
LOAD ./fonts/fontcmss20b.o
LOAD ./fonts/fontcmss20i.o
LOAD ./fonts/fontcmss22.o
LOAD ./fonts/fontcmss22b.o
LOAD ./fonts/fontcmss22i.o
LOAD ./fonts/fontcmss24.o
LOAD ./fonts/fontcmss24b.o
LOAD ./fonts/fontcmss24i.o
LOAD ./fonts/fontcmss26.o
LOAD ./fonts/fontcmss26b.o
LOAD ./fonts/fontcmss26i.o
LOAD ./fonts/fontcmss28.o
LOAD ./fonts/fontcmss28b.o
LOAD ./fonts/fontcmss28i.o
LOAD ./fonts/fontcmss30.o
LOAD ./fonts/fontcmss30b.o
LOAD ./fonts/fontcmss30i.o
LOAD ./fonts/fontcmss32.o
LOAD ./fonts/fontcmss32b.o
LOAD ./fonts/fontcmss32i.o
LOAD ./fonts/fontcmss34.o
LOAD ./fonts/fontcmss34b.o
LOAD ./fonts/fontcmss34i.o
LOAD ./fonts/fontcmss36.o
LOAD ./fonts/fontcmss36b.o
LOAD ./fonts/fontcmss36i.o
LOAD ./fonts/fontcmss38.o
LOAD ./fonts/fontcmss38b.o
LOAD ./fonts/fontcmss38i.o
LOAD ./fonts/fontcmss40.o
LOAD ./fonts/fontcmss40b.o
LOAD ./fonts/fontcmss40i.o
LOAD ./fonts/fontcmss42.o
LOAD ./fonts/fontcmss42b.o
LOAD ./fonts/fontcmss42i.o
LOAD ./fonts/fontcmss44.o
LOAD ./fonts/fontcmss44b.o
LOAD ./fonts/fontcmss44i.o
LOAD ./fonts/fontcmss46.o
LOAD ./fonts/fontcmss46b.o
LOAD ./fonts/fontcmss46i.o
LOAD ./fonts/fontcmss48.o
LOAD ./fonts/fontcmss48b.o
LOAD ./fonts/fontcmss48i.o
LOAD ./fonts/fontcmtt12.o
LOAD ./fonts/fontcmtt14.o
LOAD ./fonts/fontcmtt16.o
LOAD ./fonts/fontcmtt18.o
LOAD ./fonts/fontcmtt20.o
LOAD ./fonts/fontcmtt22.o
LOAD ./fonts/fontcmtt24.o
LOAD ./fonts/fontcmtt26.o
LOAD ./fonts/fontcmtt28.o
LOAD ./fonts/fontcmtt30.o
LOAD ./fonts/fontcmtt32.o
LOAD ./fonts/fontcmtt34.o
LOAD ./fonts/fontcmtt36.o
LOAD ./fonts/fontcmtt38.o
LOAD ./fonts/fontcmtt40.o
LOAD ./fonts/fontcmtt42.o
LOAD ./fonts/fontcmtt44.o
LOAD ./fonts/fontcmtt46.o
LOAD ./fonts/fontcmtt48.o
LOAD ./fonts/fontfixed6x8.o
                0x00000000                PROVIDE (_intvecs_base_address, DEFINED (_intvecs_base_address)?_intvecs_base_address:0x0)

.intvecs        0x00000000       0xe4
 *(.intvecs)
 .intvecs       0x00000000       0xe4 ./startup_msp432p401r_gcc.o
                0x00000000                interruptVectors
                0x00200000                PROVIDE (_mailbox_base_address, 0x200000)

.flashMailbox
 *(.flashMailbox)
                0x00201000                PROVIDE (_tlv_base_address, 0x201000)

.tlvTable
 *(.tlvTable)
                0x00202000                PROVIDE (_bsl_base_address, 0x202000)

.bslArea
 *(.bslArea)
                0x20000000                PROVIDE (_vtable_base_address, DEFINED (_vtable_base_address)?_vtable_base_address:0x20000000)

.vtable
 *(.vtable)

.text           0x000000e8     0x2be4
 CREATE_OBJECT_SYMBOLS
 *(.text)
 .text          0x000000e8        0x0 c:/ti/ccsv7/tools/compiler/gcc-arm-none-eabi-6-2017-q1-update/bin/../lib/gcc/arm-none-eabi/6.3.1/thumb/v7e-m/fpv4-sp/hard/crti.o
 .text          0x000000e8       0x6c c:/ti/ccsv7/tools/compiler/gcc-arm-none-eabi-6-2017-q1-update/bin/../lib/gcc/arm-none-eabi/6.3.1/thumb/v7e-m/fpv4-sp/hard/crtbegin.o
 .text          0x00000154       0x74 c:/ti/ccsv7/tools/compiler/gcc-arm-none-eabi-6-2017-q1-update/bin/../lib/gcc/arm-none-eabi/6.3.1/../../../../arm-none-eabi/lib/thumb/v7e-m/fpv4-sp/hard/crt0.o
                0x00000154                _start
                0x00000154                _mainCRTStartup
 .text          0x000001c8      0x198 ./HAL_I2C.o
                0x000001c8                Init_I2C_GPIO()
                0x000001e4                I2C_init()
                0x00000208                I2C_read16(unsigned char)
                0x000002d8                I2C_write16(unsigned char, unsigned int)
                0x0000033c                I2C_setslave(unsigned int)
 .text          0x00000360      0x15c ./HAL_OPT3001.o
                0x00000360                OPT3001_init()
                0x00000378                OPT3001_readManufacturerId()
                0x0000038e                OPT3001_readDeviceId()
                0x000003a4                OPT3001_readConfigReg()
                0x000003ba                OPT3001_readLowLimitReg()
                0x000003d0                OPT3001_readHighLimitReg()
                0x000003e6                OPT3001_getLux()
 *fill*         0x000004bc        0x4 
 .text          0x000004c0      0x664 ./main.o
                0x00000558                main
                0x00000910                T32_INT1_IRQHandler
                0x00000950                PORT3_IRQHandler
                0x00000a14                ADC14_IRQHandler
 .text          0x00000b24       0x4c ./startup_msp432p401r_gcc.o
                0x00000b24                Reset_Handler
                0x00000b68                DebugMon_Handler
                0x00000b68                AES256_IRQHandler
                0x00000b68                HardFault_Handler
                0x00000b68                SysTick_Handler
                0x00000b68                PendSV_Handler
                0x00000b68                NMI_Handler
                0x00000b68                RTC_C_IRQHandler
                0x00000b68                PORT1_IRQHandler
                0x00000b68                FPU_IRQHandler
                0x00000b68                PORT2_IRQHandler
                0x00000b68                TA3_0_IRQHandler
                0x00000b68                UsageFault_Handler
                0x00000b68                DMA_INT3_IRQHandler
                0x00000b68                TA2_0_IRQHandler
                0x00000b68                DMA_INT1_IRQHandler
                0x00000b68                WDT_A_IRQHandler
                0x00000b68                TA2_N_IRQHandler
                0x00000b68                TA1_0_IRQHandler
                0x00000b68                CS_IRQHandler
                0x00000b68                PSS_IRQHandler
                0x00000b68                DMA_INT2_IRQHandler
                0x00000b68                EUSCIA3_IRQHandler
                0x00000b68                DMA_INT0_IRQHandler
                0x00000b68                PORT4_IRQHandler
                0x00000b68                PORT5_IRQHandler
                0x00000b68                EUSCIB0_IRQHandler
                0x00000b68                Default_Handler
                0x00000b68                T32_INTC_IRQHandler
                0x00000b68                TA3_N_IRQHandler
                0x00000b68                TA0_0_IRQHandler
                0x00000b68                EUSCIA2_IRQHandler
                0x00000b68                PORT6_IRQHandler
                0x00000b68                MemManage_Handler
                0x00000b68                SVC_Handler
                0x00000b68                TA1_N_IRQHandler
                0x00000b68                EUSCIA1_IRQHandler
                0x00000b68                COMP_E1_IRQHandler
                0x00000b68                EUSCIB2_IRQHandler
                0x00000b68                FLCTL_IRQHandler
                0x00000b68                EUSCIB3_IRQHandler
                0x00000b68                DMA_ERR_IRQHandler
                0x00000b68                EUSCIA0_IRQHandler
                0x00000b68                BusFault_Handler
                0x00000b68                PCM_IRQHandler
                0x00000b68                TA0_N_IRQHandler
                0x00000b68                COMP_E0_IRQHandler
                0x00000b68                EUSCIB1_IRQHandler
                0x00000b68                T32_INT2_IRQHandler
 .text          0x00000b70      0x370 ./system_msp432p401r.o
                0x00000b70                SystemCoreClockUpdate
                0x00000e60                SystemInit
 .text          0x00000ee0        0x0 ./fonts/fontcm12.o
 .text          0x00000ee0        0x0 ./fonts/fontcm12b.o
 .text          0x00000ee0        0x0 ./fonts/fontcm12i.o
 .text          0x00000ee0        0x0 ./fonts/fontcm14.o
 .text          0x00000ee0        0x0 ./fonts/fontcm14b.o
 .text          0x00000ee0        0x0 ./fonts/fontcm14i.o
 .text          0x00000ee0        0x0 ./fonts/fontcm16.o
 .text          0x00000ee0        0x0 ./fonts/fontcm16b.o
 .text          0x00000ee0        0x0 ./fonts/fontcm16i.o
 .text          0x00000ee0        0x0 ./fonts/fontcm18.o
 .text          0x00000ee0        0x0 ./fonts/fontcm18b.o
 .text          0x00000ee0        0x0 ./fonts/fontcm18i.o
 .text          0x00000ee0        0x0 ./fonts/fontcm20.o
 .text          0x00000ee0        0x0 ./fonts/fontcm20b.o
 .text          0x00000ee0        0x0 ./fonts/fontcm20i.o
 .text          0x00000ee0        0x0 ./fonts/fontcm22.o
 .text          0x00000ee0        0x0 ./fonts/fontcm22b.o
 .text          0x00000ee0        0x0 ./fonts/fontcm22i.o
 .text          0x00000ee0        0x0 ./fonts/fontcm24.o
 .text          0x00000ee0        0x0 ./fonts/fontcm24b.o
 .text          0x00000ee0        0x0 ./fonts/fontcm24i.o
 .text          0x00000ee0        0x0 ./fonts/fontcm26.o
 .text          0x00000ee0        0x0 ./fonts/fontcm26b.o
 .text          0x00000ee0        0x0 ./fonts/fontcm26i.o
 .text          0x00000ee0        0x0 ./fonts/fontcm28.o
 .text          0x00000ee0        0x0 ./fonts/fontcm28b.o
 .text          0x00000ee0        0x0 ./fonts/fontcm28i.o
 .text          0x00000ee0        0x0 ./fonts/fontcm30.o
 .text          0x00000ee0        0x0 ./fonts/fontcm30b.o
 .text          0x00000ee0        0x0 ./fonts/fontcm30i.o
 .text          0x00000ee0        0x0 ./fonts/fontcm32.o
 .text          0x00000ee0        0x0 ./fonts/fontcm32b.o
 .text          0x00000ee0        0x0 ./fonts/fontcm32i.o
 .text          0x00000ee0        0x0 ./fonts/fontcm34.o
 .text          0x00000ee0        0x0 ./fonts/fontcm34b.o
 .text          0x00000ee0        0x0 ./fonts/fontcm34i.o
 .text          0x00000ee0        0x0 ./fonts/fontcm36.o
 .text          0x00000ee0        0x0 ./fonts/fontcm36b.o
 .text          0x00000ee0        0x0 ./fonts/fontcm36i.o
 .text          0x00000ee0        0x0 ./fonts/fontcm38.o
 .text          0x00000ee0        0x0 ./fonts/fontcm38b.o
 .text          0x00000ee0        0x0 ./fonts/fontcm38i.o
 .text          0x00000ee0        0x0 ./fonts/fontcm40.o
 .text          0x00000ee0        0x0 ./fonts/fontcm40b.o
 .text          0x00000ee0        0x0 ./fonts/fontcm40i.o
 .text          0x00000ee0        0x0 ./fonts/fontcm42.o
 .text          0x00000ee0        0x0 ./fonts/fontcm42b.o
 .text          0x00000ee0        0x0 ./fonts/fontcm42i.o
 .text          0x00000ee0        0x0 ./fonts/fontcm44.o
 .text          0x00000ee0        0x0 ./fonts/fontcm44b.o
 .text          0x00000ee0        0x0 ./fonts/fontcm44i.o
 .text          0x00000ee0        0x0 ./fonts/fontcm46.o
 .text          0x00000ee0        0x0 ./fonts/fontcm46b.o
 .text          0x00000ee0        0x0 ./fonts/fontcm46i.o
 .text          0x00000ee0        0x0 ./fonts/fontcm48.o
 .text          0x00000ee0        0x0 ./fonts/fontcm48b.o
 .text          0x00000ee0        0x0 ./fonts/fontcm48i.o
 .text          0x00000ee0        0x0 ./fonts/fontcmsc12.o
 .text          0x00000ee0        0x0 ./fonts/fontcmsc14.o
 .text          0x00000ee0        0x0 ./fonts/fontcmsc16.o
 .text          0x00000ee0        0x0 ./fonts/fontcmsc18.o
 .text          0x00000ee0        0x0 ./fonts/fontcmsc20.o
 .text          0x00000ee0        0x0 ./fonts/fontcmsc22.o
 .text          0x00000ee0        0x0 ./fonts/fontcmsc24.o
 .text          0x00000ee0        0x0 ./fonts/fontcmsc26.o
 .text          0x00000ee0        0x0 ./fonts/fontcmsc28.o
 .text          0x00000ee0        0x0 ./fonts/fontcmsc30.o
 .text          0x00000ee0        0x0 ./fonts/fontcmsc32.o
 .text          0x00000ee0        0x0 ./fonts/fontcmsc34.o
 .text          0x00000ee0        0x0 ./fonts/fontcmsc36.o
 .text          0x00000ee0        0x0 ./fonts/fontcmsc38.o
 .text          0x00000ee0        0x0 ./fonts/fontcmsc40.o
 .text          0x00000ee0        0x0 ./fonts/fontcmsc42.o
 .text          0x00000ee0        0x0 ./fonts/fontcmsc44.o
 .text          0x00000ee0        0x0 ./fonts/fontcmsc46.o
 .text          0x00000ee0        0x0 ./fonts/fontcmsc48.o
 .text          0x00000ee0        0x0 ./fonts/fontcmss12.o
 .text          0x00000ee0        0x0 ./fonts/fontcmss12b.o
 .text          0x00000ee0        0x0 ./fonts/fontcmss12i.o
 .text          0x00000ee0        0x0 ./fonts/fontcmss14.o
 .text          0x00000ee0        0x0 ./fonts/fontcmss14b.o
 .text          0x00000ee0        0x0 ./fonts/fontcmss14i.o
 .text          0x00000ee0        0x0 ./fonts/fontcmss16.o
 .text          0x00000ee0        0x0 ./fonts/fontcmss16b.o
 .text          0x00000ee0        0x0 ./fonts/fontcmss16i.o
 .text          0x00000ee0        0x0 ./fonts/fontcmss18.o
 .text          0x00000ee0        0x0 ./fonts/fontcmss18b.o
 .text          0x00000ee0        0x0 ./fonts/fontcmss18i.o
 .text          0x00000ee0        0x0 ./fonts/fontcmss20.o
 .text          0x00000ee0        0x0 ./fonts/fontcmss20b.o
 .text          0x00000ee0        0x0 ./fonts/fontcmss20i.o
 .text          0x00000ee0        0x0 ./fonts/fontcmss22.o
 .text          0x00000ee0        0x0 ./fonts/fontcmss22b.o
 .text          0x00000ee0        0x0 ./fonts/fontcmss22i.o
 .text          0x00000ee0        0x0 ./fonts/fontcmss24.o
 .text          0x00000ee0        0x0 ./fonts/fontcmss24b.o
 .text          0x00000ee0        0x0 ./fonts/fontcmss24i.o
 .text          0x00000ee0        0x0 ./fonts/fontcmss26.o
 .text          0x00000ee0        0x0 ./fonts/fontcmss26b.o
 .text          0x00000ee0        0x0 ./fonts/fontcmss26i.o
 .text          0x00000ee0        0x0 ./fonts/fontcmss28.o
 .text          0x00000ee0        0x0 ./fonts/fontcmss28b.o
 .text          0x00000ee0        0x0 ./fonts/fontcmss28i.o
 .text          0x00000ee0        0x0 ./fonts/fontcmss30.o
 .text          0x00000ee0        0x0 ./fonts/fontcmss30b.o
 .text          0x00000ee0        0x0 ./fonts/fontcmss30i.o
 .text          0x00000ee0        0x0 ./fonts/fontcmss32.o
 .text          0x00000ee0        0x0 ./fonts/fontcmss32b.o
 .text          0x00000ee0        0x0 ./fonts/fontcmss32i.o
 .text          0x00000ee0        0x0 ./fonts/fontcmss34.o
 .text          0x00000ee0        0x0 ./fonts/fontcmss34b.o
 .text          0x00000ee0        0x0 ./fonts/fontcmss34i.o
 .text          0x00000ee0        0x0 ./fonts/fontcmss36.o
 .text          0x00000ee0        0x0 ./fonts/fontcmss36b.o
 .text          0x00000ee0        0x0 ./fonts/fontcmss36i.o
 .text          0x00000ee0        0x0 ./fonts/fontcmss38.o
 .text          0x00000ee0        0x0 ./fonts/fontcmss38b.o
 .text          0x00000ee0        0x0 ./fonts/fontcmss38i.o
 .text          0x00000ee0        0x0 ./fonts/fontcmss40.o
 .text          0x00000ee0        0x0 ./fonts/fontcmss40b.o
 .text          0x00000ee0        0x0 ./fonts/fontcmss40i.o
 .text          0x00000ee0        0x0 ./fonts/fontcmss42.o
 .text          0x00000ee0        0x0 ./fonts/fontcmss42b.o
 .text          0x00000ee0        0x0 ./fonts/fontcmss42i.o
 .text          0x00000ee0        0x0 ./fonts/fontcmss44.o
 .text          0x00000ee0        0x0 ./fonts/fontcmss44b.o
 .text          0x00000ee0        0x0 ./fonts/fontcmss44i.o
 .text          0x00000ee0        0x0 ./fonts/fontcmss46.o
 .text          0x00000ee0        0x0 ./fonts/fontcmss46b.o
 .text          0x00000ee0        0x0 ./fonts/fontcmss46i.o
 .text          0x00000ee0        0x0 ./fonts/fontcmss48.o
 .text          0x00000ee0        0x0 ./fonts/fontcmss48b.o
 .text          0x00000ee0        0x0 ./fonts/fontcmss48i.o
 .text          0x00000ee0        0x0 ./fonts/fontcmtt12.o
 .text          0x00000ee0        0x0 ./fonts/fontcmtt14.o
 .text          0x00000ee0        0x0 ./fonts/fontcmtt16.o
 .text          0x00000ee0        0x0 ./fonts/fontcmtt18.o
 .text          0x00000ee0        0x0 ./fonts/fontcmtt20.o
 .text          0x00000ee0        0x0 ./fonts/fontcmtt22.o
 .text          0x00000ee0        0x0 ./fonts/fontcmtt24.o
 .text          0x00000ee0        0x0 ./fonts/fontcmtt26.o
 .text          0x00000ee0        0x0 ./fonts/fontcmtt28.o
 .text          0x00000ee0        0x0 ./fonts/fontcmtt30.o
 .text          0x00000ee0        0x0 ./fonts/fontcmtt32.o
 .text          0x00000ee0        0x0 ./fonts/fontcmtt34.o
 .text          0x00000ee0        0x0 ./fonts/fontcmtt36.o
 .text          0x00000ee0        0x0 ./fonts/fontcmtt38.o
 .text          0x00000ee0        0x0 ./fonts/fontcmtt40.o
 .text          0x00000ee0        0x0 ./fonts/fontcmtt42.o
 .text          0x00000ee0        0x0 ./fonts/fontcmtt44.o
 .text          0x00000ee0        0x0 ./fonts/fontcmtt46.o
 .text          0x00000ee0        0x0 ./fonts/fontcmtt48.o
 .text          0x00000ee0        0x0 ./fonts/fontfixed6x8.o
 .text          0x00000ee0        0x0 C:/ti/simplelink_msp432_sdk_1_40_01_00/source/ti/devices/msp432p4xx/driverlib/gcc\msp432p4xx_driverlib.a(gpio.obj)
 .text          0x00000ee0        0x0 C:/ti/simplelink_msp432_sdk_1_40_01_00/source/ti/devices/msp432p4xx/driverlib/gcc\msp432p4xx_driverlib.a(i2c.obj)
 .text          0x00000ee0        0x0 C:/ti/simplelink_msp432_sdk_1_40_01_00/source/ti/devices/msp432p4xx/driverlib/gcc\msp432p4xx_driverlib.a(interrupt.obj)
 .text          0x00000ee0        0x0 C:/ti/simplelink_msp432_sdk_1_40_01_00/source/ti/devices/msp432p4xx/driverlib/gcc\msp432p4xx_driverlib.a(cpu.obj)
 .text          0x00000ee0      0x370 c:/ti/ccsv7/tools/compiler/gcc-arm-none-eabi-6-2017-q1-update/bin/../lib/gcc/arm-none-eabi/6.3.1/thumb/v7e-m/fpv4-sp/hard\libgcc.a(_arm_addsubdf3.o)
                0x00000ee0                __aeabi_drsub
                0x00000ee8                __aeabi_dsub
                0x00000ee8                __subdf3
                0x00000eec                __aeabi_dadd
                0x00000eec                __adddf3
                0x00001164                __floatunsidf
                0x00001164                __aeabi_ui2d
                0x00001184                __floatsidf
                0x00001184                __aeabi_i2d
                0x000011a8                __aeabi_f2d
                0x000011a8                __extendsfdf2
                0x000011e4                __floatundidf
                0x000011e4                __aeabi_ul2d
                0x000011f4                __floatdidf
                0x000011f4                __aeabi_l2d
 .text          0x00001250      0x424 c:/ti/ccsv7/tools/compiler/gcc-arm-none-eabi-6-2017-q1-update/bin/../lib/gcc/arm-none-eabi/6.3.1/thumb/v7e-m/fpv4-sp/hard\libgcc.a(_arm_muldivdf3.o)
                0x00001250                __aeabi_dmul
                0x00001250                __muldf3
                0x000014a4                __divdf3
                0x000014a4                __aeabi_ddiv
 .text          0x00001674       0x40 c:/ti/ccsv7/tools/compiler/gcc-arm-none-eabi-6-2017-q1-update/bin/../lib/gcc/arm-none-eabi/6.3.1/thumb/v7e-m/fpv4-sp/hard\libgcc.a(_arm_fixunsdfsi.o)
                0x00001674                __aeabi_d2uiz
                0x00001674                __fixunsdfsi
 .text          0x000016b4      0x9cc c:/ti/ccsv7/tools/compiler/gcc-arm-none-eabi-6-2017-q1-update/bin/../lib/gcc/arm-none-eabi/6.3.1/thumb/v7e-m/fpv4-sp/hard\libgcc.a(unwind-arm.o)
                0x00001974                _Unwind_GetCFA
                0x00001978                __gnu_Unwind_RaiseException
                0x000019d8                __gnu_Unwind_ForcedUnwind
                0x000019ec                __gnu_Unwind_Resume
                0x00001a30                __gnu_Unwind_Resume_or_Rethrow
                0x00001a40                _Unwind_Complete
                0x00001a44                _Unwind_DeleteException
                0x00001a50                _Unwind_VRS_Get
                0x00001a9c                _Unwind_VRS_Set
                0x00001aec                __gnu_Unwind_Backtrace
                0x00001e2c                __aeabi_unwind_cpp_pr0
                0x00001e30                __aeabi_unwind_cpp_pr1
                0x00001e34                __aeabi_unwind_cpp_pr2
                0x00001e38                _Unwind_VRS_Pop
 .text          0x00002080      0x1ac c:/ti/ccsv7/tools/compiler/gcc-arm-none-eabi-6-2017-q1-update/bin/../lib/gcc/arm-none-eabi/6.3.1/thumb/v7e-m/fpv4-sp/hard\libgcc.a(libunwind.o)
                0x00002080                __restore_core_regs
                0x00002080                restore_core_regs
                0x00002098                __gnu_Unwind_Restore_VFP
                0x000020a0                __gnu_Unwind_Save_VFP
                0x000020a8                __gnu_Unwind_Restore_VFP_D
                0x000020b0                __gnu_Unwind_Save_VFP_D
                0x000020b8                __gnu_Unwind_Restore_VFP_D_16_to_31
                0x000020c0                __gnu_Unwind_Save_VFP_D_16_to_31
                0x000020c8                __gnu_Unwind_Restore_WMMXD
                0x0000210c                __gnu_Unwind_Save_WMMXD
                0x00002150                __gnu_Unwind_Restore_WMMXC
                0x00002164                __gnu_Unwind_Save_WMMXC
                0x00002178                ___Unwind_RaiseException
                0x00002178                _Unwind_RaiseException
                0x0000219c                _Unwind_Resume
                0x0000219c                ___Unwind_Resume
                0x000021c0                _Unwind_Resume_or_Rethrow
                0x000021c0                ___Unwind_Resume_or_Rethrow
                0x000021e4                _Unwind_ForcedUnwind
                0x000021e4                ___Unwind_ForcedUnwind
                0x00002208                ___Unwind_Backtrace
                0x00002208                _Unwind_Backtrace
 .text          0x0000222c      0x380 c:/ti/ccsv7/tools/compiler/gcc-arm-none-eabi-6-2017-q1-update/bin/../lib/gcc/arm-none-eabi/6.3.1/thumb/v7e-m/fpv4-sp/hard\libgcc.a(pr-support.o)
                0x00002284                __gnu_unwind_execute
                0x00002554                __gnu_unwind_frame
                0x0000257c                _Unwind_GetRegionStart
                0x00002588                _Unwind_GetLanguageSpecificData
                0x0000259c                _Unwind_GetTextRelBase
                0x000025a4                _Unwind_GetDataRelBase
 .text          0x000025ac        0x0 C:/ti/ccsv7/tools/compiler/gcc-arm-none-eabi-6-2017-q1-update/arm-none-eabi/lib/thumb/v7e-m/fpv4-sp/hard\libc_nano.a(lib_a-abort.o)
 .text          0x000025ac        0x0 C:/ti/ccsv7/tools/compiler/gcc-arm-none-eabi-6-2017-q1-update/arm-none-eabi/lib/thumb/v7e-m/fpv4-sp/hard\libc_nano.a(lib_a-exit.o)
 .text          0x000025ac        0x0 C:/ti/ccsv7/tools/compiler/gcc-arm-none-eabi-6-2017-q1-update/arm-none-eabi/lib/thumb/v7e-m/fpv4-sp/hard\libc_nano.a(lib_a-impure.o)
 .text          0x000025ac        0x0 C:/ti/ccsv7/tools/compiler/gcc-arm-none-eabi-6-2017-q1-update/arm-none-eabi/lib/thumb/v7e-m/fpv4-sp/hard\libc_nano.a(lib_a-init.o)
 .text          0x000025ac        0x0 C:/ti/ccsv7/tools/compiler/gcc-arm-none-eabi-6-2017-q1-update/arm-none-eabi/lib/thumb/v7e-m/fpv4-sp/hard\libc_nano.a(lib_a-memcpy-stub.o)
 .text          0x000025ac        0x0 C:/ti/ccsv7/tools/compiler/gcc-arm-none-eabi-6-2017-q1-update/arm-none-eabi/lib/thumb/v7e-m/fpv4-sp/hard\libc_nano.a(lib_a-memset.o)
 .text          0x000025ac        0x0 C:/ti/ccsv7/tools/compiler/gcc-arm-none-eabi-6-2017-q1-update/arm-none-eabi/lib/thumb/v7e-m/fpv4-sp/hard\libc_nano.a(lib_a-signal.o)
 .text          0x000025ac        0x0 C:/ti/ccsv7/tools/compiler/gcc-arm-none-eabi-6-2017-q1-update/arm-none-eabi/lib/thumb/v7e-m/fpv4-sp/hard\libc_nano.a(lib_a-signalr.o)
 .text          0x000025ac        0x0 C:/ti/ccsv7/tools/compiler/gcc-arm-none-eabi-6-2017-q1-update/arm-none-eabi/lib/thumb/v7e-m/fpv4-sp/hard\libc_nano.a(lib_a-nano-mallocr.o)
 .text          0x000025ac        0x0 C:/ti/ccsv7/tools/compiler/gcc-arm-none-eabi-6-2017-q1-update/arm-none-eabi/lib/thumb/v7e-m/fpv4-sp/hard\libc_nano.a(lib_a-reent.o)
 .text          0x000025ac        0x0 C:/ti/ccsv7/tools/compiler/gcc-arm-none-eabi-6-2017-q1-update/arm-none-eabi/lib/thumb/v7e-m/fpv4-sp/hard\libc_nano.a(lib_a-sbrkr.o)
 .text          0x000025ac        0x0 C:/ti/ccsv7/tools/compiler/gcc-arm-none-eabi-6-2017-q1-update/arm-none-eabi/lib/thumb/v7e-m/fpv4-sp/hard\libc_nano.a(lib_a-mlock.o)
 .text          0x000025ac        0x0 C:/ti/ccsv7/tools/compiler/gcc-arm-none-eabi-6-2017-q1-update/arm-none-eabi/lib/thumb/v7e-m/fpv4-sp/hard\libc_nano.a(lib_a-nano-freer.o)
 .text          0x000025ac        0x0 C:/ti/ccsv7/tools/compiler/gcc-arm-none-eabi-6-2017-q1-update/arm-none-eabi/lib/thumb/v7e-m/fpv4-sp/hard\libnosys.a(getpid.o)
 .text          0x000025ac        0x0 C:/ti/ccsv7/tools/compiler/gcc-arm-none-eabi-6-2017-q1-update/arm-none-eabi/lib/thumb/v7e-m/fpv4-sp/hard\libnosys.a(kill.o)
 .text          0x000025ac        0x0 C:/ti/ccsv7/tools/compiler/gcc-arm-none-eabi-6-2017-q1-update/arm-none-eabi/lib/thumb/v7e-m/fpv4-sp/hard\libnosys.a(sbrk.o)
 .text          0x000025ac        0x0 C:/ti/ccsv7/tools/compiler/gcc-arm-none-eabi-6-2017-q1-update/arm-none-eabi/lib/thumb/v7e-m/fpv4-sp/hard\libnosys.a(_exit.o)
 .text          0x000025ac        0x0 c:/ti/ccsv7/tools/compiler/gcc-arm-none-eabi-6-2017-q1-update/bin/../lib/gcc/arm-none-eabi/6.3.1/thumb/v7e-m/fpv4-sp/hard/crtend.o
 .text          0x000025ac        0x0 c:/ti/ccsv7/tools/compiler/gcc-arm-none-eabi-6-2017-q1-update/bin/../lib/gcc/arm-none-eabi/6.3.1/thumb/v7e-m/fpv4-sp/hard/crtn.o
 *(.text.*)
 .text._ZSt3absd
                0x000025ac       0x26 ./main.o
                0x000025ac                std::abs(double)
 .text._ZSt3absImEN9__gnu_cxx11__enable_ifIXsrSt12__is_integerIT_E7__valueEdE6__typeES3_
                0x000025d2       0x24 ./main.o
                0x000025d2                __gnu_cxx::__enable_if<std::__is_integer<unsigned long>::__value, double>::__type std::abs<unsigned long>(unsigned long)
 *fill*         0x000025f6        0x2 
 .text.GPIO_setAsPeripheralModuleFunctionOutputPin
                0x000025f8       0xec C:/ti/simplelink_msp432_sdk_1_40_01_00/source/ti/devices/msp432p4xx/driverlib/gcc\msp432p4xx_driverlib.a(gpio.obj)
                0x000025f8                GPIO_setAsPeripheralModuleFunctionOutputPin
 .text.GPIO_toggleOutputOnPin
                0x000026e4       0x3c C:/ti/simplelink_msp432_sdk_1_40_01_00/source/ti/devices/msp432p4xx/driverlib/gcc\msp432p4xx_driverlib.a(gpio.obj)
                0x000026e4                GPIO_toggleOutputOnPin
 .text.GPIO_interruptEdgeSelect
                0x00002720       0x64 C:/ti/simplelink_msp432_sdk_1_40_01_00/source/ti/devices/msp432p4xx/driverlib/gcc\msp432p4xx_driverlib.a(gpio.obj)
                0x00002720                GPIO_interruptEdgeSelect
 .text.I2C_initMaster
                0x00002784       0x82 C:/ti/simplelink_msp432_sdk_1_40_01_00/source/ti/devices/msp432p4xx/driverlib/gcc\msp432p4xx_driverlib.a(i2c.obj)
                0x00002784                I2C_initMaster
 .text.I2C_enableModule
                0x00002806       0x20 C:/ti/simplelink_msp432_sdk_1_40_01_00/source/ti/devices/msp432p4xx/driverlib/gcc\msp432p4xx_driverlib.a(i2c.obj)
                0x00002806                I2C_enableModule
 .text.I2C_disableModule
                0x00002826       0x20 C:/ti/simplelink_msp432_sdk_1_40_01_00/source/ti/devices/msp432p4xx/driverlib/gcc\msp432p4xx_driverlib.a(i2c.obj)
                0x00002826                I2C_disableModule
 .text.I2C_setSlaveAddress
                0x00002846       0x1e C:/ti/simplelink_msp432_sdk_1_40_01_00/source/ti/devices/msp432p4xx/driverlib/gcc\msp432p4xx_driverlib.a(i2c.obj)
                0x00002846                I2C_setSlaveAddress
 .text.I2C_setMode
                0x00002864       0x2e C:/ti/simplelink_msp432_sdk_1_40_01_00/source/ti/devices/msp432p4xx/driverlib/gcc\msp432p4xx_driverlib.a(i2c.obj)
                0x00002864                I2C_setMode
 .text.I2C_isBusBusy
                0x00002892       0x24 C:/ti/simplelink_msp432_sdk_1_40_01_00/source/ti/devices/msp432p4xx/driverlib/gcc\msp432p4xx_driverlib.a(i2c.obj)
                0x00002892                I2C_isBusBusy
 .text.I2C_masterSendMultiByteStart
                0x000028b6       0x84 C:/ti/simplelink_msp432_sdk_1_40_01_00/source/ti/devices/msp432p4xx/driverlib/gcc\msp432p4xx_driverlib.a(i2c.obj)
                0x000028b6                I2C_masterSendMultiByteStart
 .text.I2C_masterSendMultiByteNext
                0x0000293a       0x4a C:/ti/simplelink_msp432_sdk_1_40_01_00/source/ti/devices/msp432p4xx/driverlib/gcc\msp432p4xx_driverlib.a(i2c.obj)
                0x0000293a                I2C_masterSendMultiByteNext
 .text.I2C_masterSendMultiByteFinish
                0x00002984       0x9c C:/ti/simplelink_msp432_sdk_1_40_01_00/source/ti/devices/msp432p4xx/driverlib/gcc\msp432p4xx_driverlib.a(i2c.obj)
                0x00002984                I2C_masterSendMultiByteFinish
 .text.I2C_masterSendMultiByteStop
                0x00002a20       0x4c C:/ti/simplelink_msp432_sdk_1_40_01_00/source/ti/devices/msp432p4xx/driverlib/gcc\msp432p4xx_driverlib.a(i2c.obj)
                0x00002a20                I2C_masterSendMultiByteStop
 .text.I2C_masterReceiveStart
                0x00002a6c       0x2e C:/ti/simplelink_msp432_sdk_1_40_01_00/source/ti/devices/msp432p4xx/driverlib/gcc\msp432p4xx_driverlib.a(i2c.obj)
                0x00002a6c                I2C_masterReceiveStart
 .text.I2C_masterReceiveMultiByteNext
                0x00002a9a       0x1c C:/ti/simplelink_msp432_sdk_1_40_01_00/source/ti/devices/msp432p4xx/driverlib/gcc\msp432p4xx_driverlib.a(i2c.obj)
                0x00002a9a                I2C_masterReceiveMultiByteNext
 .text.I2C_masterReceiveMultiByteFinish
                0x00002ab6       0x52 C:/ti/simplelink_msp432_sdk_1_40_01_00/source/ti/devices/msp432p4xx/driverlib/gcc\msp432p4xx_driverlib.a(i2c.obj)
                0x00002ab6                I2C_masterReceiveMultiByteFinish
 .text.I2C_clearInterruptFlag
                0x00002b08       0x2c C:/ti/simplelink_msp432_sdk_1_40_01_00/source/ti/devices/msp432p4xx/driverlib/gcc\msp432p4xx_driverlib.a(i2c.obj)
                0x00002b08                I2C_clearInterruptFlag
 .text.I2C_getInterruptStatus
                0x00002b34       0x24 C:/ti/simplelink_msp432_sdk_1_40_01_00/source/ti/devices/msp432p4xx/driverlib/gcc\msp432p4xx_driverlib.a(i2c.obj)
                0x00002b34                I2C_getInterruptStatus
 .text.abort    0x00002b58        0xe C:/ti/ccsv7/tools/compiler/gcc-arm-none-eabi-6-2017-q1-update/arm-none-eabi/lib/thumb/v7e-m/fpv4-sp/hard\libc_nano.a(lib_a-abort.o)
                0x00002b58                abort
 *fill*         0x00002b66        0x2 
 .text.exit     0x00002b68       0x28 C:/ti/ccsv7/tools/compiler/gcc-arm-none-eabi-6-2017-q1-update/arm-none-eabi/lib/thumb/v7e-m/fpv4-sp/hard\libc_nano.a(lib_a-exit.o)
                0x00002b68                exit
 .text.__libc_init_array
                0x00002b90       0x48 C:/ti/ccsv7/tools/compiler/gcc-arm-none-eabi-6-2017-q1-update/arm-none-eabi/lib/thumb/v7e-m/fpv4-sp/hard\libc_nano.a(lib_a-init.o)
                0x00002b90                __libc_init_array
 .text.memcpy   0x00002bd8       0x16 C:/ti/ccsv7/tools/compiler/gcc-arm-none-eabi-6-2017-q1-update/arm-none-eabi/lib/thumb/v7e-m/fpv4-sp/hard\libc_nano.a(lib_a-memcpy-stub.o)
                0x00002bd8                memcpy
 .text.memset   0x00002bee       0x10 C:/ti/ccsv7/tools/compiler/gcc-arm-none-eabi-6-2017-q1-update/arm-none-eabi/lib/thumb/v7e-m/fpv4-sp/hard\libc_nano.a(lib_a-memset.o)
                0x00002bee                memset
 .text._raise_r
                0x00002bfe       0x50 C:/ti/ccsv7/tools/compiler/gcc-arm-none-eabi-6-2017-q1-update/arm-none-eabi/lib/thumb/v7e-m/fpv4-sp/hard\libc_nano.a(lib_a-signal.o)
                0x00002bfe                _raise_r
 *fill*         0x00002c4e        0x2 
 .text.raise    0x00002c50       0x10 C:/ti/ccsv7/tools/compiler/gcc-arm-none-eabi-6-2017-q1-update/arm-none-eabi/lib/thumb/v7e-m/fpv4-sp/hard\libc_nano.a(lib_a-signal.o)
                0x00002c50                raise
 .text._kill_r  0x00002c60       0x24 C:/ti/ccsv7/tools/compiler/gcc-arm-none-eabi-6-2017-q1-update/arm-none-eabi/lib/thumb/v7e-m/fpv4-sp/hard\libc_nano.a(lib_a-signalr.o)
                0x00002c60                _kill_r
 .text._getpid_r
                0x00002c84        0x4 C:/ti/ccsv7/tools/compiler/gcc-arm-none-eabi-6-2017-q1-update/arm-none-eabi/lib/thumb/v7e-m/fpv4-sp/hard\libc_nano.a(lib_a-signalr.o)
                0x00002c84                _getpid_r
 .text._getpid  0x00002c88       0x10 C:/ti/ccsv7/tools/compiler/gcc-arm-none-eabi-6-2017-q1-update/arm-none-eabi/lib/thumb/v7e-m/fpv4-sp/hard\libnosys.a(getpid.o)
                0x00002c88                _getpid
 .text._kill    0x00002c98       0x10 C:/ti/ccsv7/tools/compiler/gcc-arm-none-eabi-6-2017-q1-update/arm-none-eabi/lib/thumb/v7e-m/fpv4-sp/hard\libnosys.a(kill.o)
                0x00002c98                _kill
 .text._exit    0x00002ca8        0x4 C:/ti/ccsv7/tools/compiler/gcc-arm-none-eabi-6-2017-q1-update/arm-none-eabi/lib/thumb/v7e-m/fpv4-sp/hard\libnosys.a(_exit.o)
                0x00002ca8                _exit
                0x00002cac                . = ALIGN (0x4)
 *(.ctors)
                0x00002cac                . = ALIGN (0x4)
 *(.dtors)
                0x00002cac                . = ALIGN (0x4)
                0x00002cac                __init_array_start = .
 *(.init_array*)
 .init_array    0x00002cac        0x4 c:/ti/ccsv7/tools/compiler/gcc-arm-none-eabi-6-2017-q1-update/bin/../lib/gcc/arm-none-eabi/6.3.1/thumb/v7e-m/fpv4-sp/hard/crtbegin.o
                0x00002cb0                __init_array_end = .
 *(.init)
 .init          0x00002cb0        0x4 c:/ti/ccsv7/tools/compiler/gcc-arm-none-eabi-6-2017-q1-update/bin/../lib/gcc/arm-none-eabi/6.3.1/thumb/v7e-m/fpv4-sp/hard/crti.o
                0x00002cb0                _init
 .init          0x00002cb4        0x8 c:/ti/ccsv7/tools/compiler/gcc-arm-none-eabi-6-2017-q1-update/bin/../lib/gcc/arm-none-eabi/6.3.1/thumb/v7e-m/fpv4-sp/hard/crtn.o
 *(.fini*)
 .fini          0x00002cbc        0x4 c:/ti/ccsv7/tools/compiler/gcc-arm-none-eabi-6-2017-q1-update/bin/../lib/gcc/arm-none-eabi/6.3.1/thumb/v7e-m/fpv4-sp/hard/crti.o
                0x00002cbc                _fini
 .fini_array    0x00002cc0        0x4 c:/ti/ccsv7/tools/compiler/gcc-arm-none-eabi-6-2017-q1-update/bin/../lib/gcc/arm-none-eabi/6.3.1/thumb/v7e-m/fpv4-sp/hard/crtbegin.o
 .fini          0x00002cc4        0x8 c:/ti/ccsv7/tools/compiler/gcc-arm-none-eabi-6-2017-q1-update/bin/../lib/gcc/arm-none-eabi/6.3.1/thumb/v7e-m/fpv4-sp/hard/crtn.o

.glue_7         0x00002ccc        0x0
 .glue_7        0x00002ccc        0x0 linker stubs

.glue_7t        0x00002ccc        0x0
 .glue_7t       0x00002ccc        0x0 linker stubs

.vfp11_veneer   0x00002ccc        0x0
 .vfp11_veneer  0x00002ccc        0x0 linker stubs

.v4_bx          0x00002ccc        0x0
 .v4_bx         0x00002ccc        0x0 linker stubs

.iplt           0x00002ccc        0x0
 .iplt          0x00002ccc        0x0 c:/ti/ccsv7/tools/compiler/gcc-arm-none-eabi-6-2017-q1-update/bin/../lib/gcc/arm-none-eabi/6.3.1/thumb/v7e-m/fpv4-sp/hard/crtbegin.o

.rodata         0x00002ccc       0x60
 *(.rodata)
 .rodata        0x00002ccc       0x14 ./HAL_I2C.o
 .rodata        0x00002ce0       0x18 ./main.o
 *(.rodata.*)
 .rodata.GPIO_PORT_TO_BASE
                0x00002cf8       0x30 C:/ti/simplelink_msp432_sdk_1_40_01_00/source/ti/devices/msp432p4xx/driverlib/gcc\msp432p4xx_driverlib.a(gpio.obj)
 .rodata._global_impure_ptr
                0x00002d28        0x4 C:/ti/ccsv7/tools/compiler/gcc-arm-none-eabi-6-2017-q1-update/arm-none-eabi/lib/thumb/v7e-m/fpv4-sp/hard\libc_nano.a(lib_a-impure.o)
                0x00002d28                _global_impure_ptr

.eh_frame       0x00002d2c        0x0
 .eh_frame      0x00002d2c        0x0 c:/ti/ccsv7/tools/compiler/gcc-arm-none-eabi-6-2017-q1-update/bin/../lib/gcc/arm-none-eabi/6.3.1/thumb/v7e-m/fpv4-sp/hard/crtbegin.o

.ARM.exidx      0x00002d2c      0x110
                0x00002d2c                __exidx_start = .
 *(.ARM.exidx* .gnu.linkonce.armexidx.*)
 .ARM.exidx     0x00002d2c        0x8 c:/ti/ccsv7/tools/compiler/gcc-arm-none-eabi-6-2017-q1-update/bin/../lib/gcc/arm-none-eabi/6.3.1/../../../../arm-none-eabi/lib/thumb/v7e-m/fpv4-sp/hard/crt0.o
 .ARM.exidx     0x00002d34       0x20 ./HAL_I2C.o
                                 0x28 (size before relaxing)
 .ARM.exidx     0x00002d54       0x10 ./HAL_OPT3001.o
                                 0x38 (size before relaxing)
 .ARM.exidx     0x00002d64       0x28 ./main.o
                                 0x30 (size before relaxing)
 .ARM.exidx.text._ZSt3absd
                0x00002e3c        0x0 ./main.o
                                  0x8 (size before relaxing)
 .ARM.exidx.text._ZSt3absImEN9__gnu_cxx11__enable_ifIXsrSt12__is_integerIT_E7__valueEdE6__typeES3_
                0x00002e3c        0x0 ./main.o
                                  0x8 (size before relaxing)
 .ARM.exidx     0x00002d8c       0x78 c:/ti/ccsv7/tools/compiler/gcc-arm-none-eabi-6-2017-q1-update/bin/../lib/gcc/arm-none-eabi/6.3.1/thumb/v7e-m/fpv4-sp/hard\libgcc.a(unwind-arm.o)
                                 0xd8 (size before relaxing)
 .ARM.exidx     0x00002e04       0x38 c:/ti/ccsv7/tools/compiler/gcc-arm-none-eabi-6-2017-q1-update/bin/../lib/gcc/arm-none-eabi/6.3.1/thumb/v7e-m/fpv4-sp/hard\libgcc.a(pr-support.o)
                                 0x48 (size before relaxing)
                0x00002e3c                __exidx_end = .

.ARM.extab      0x00002e3c       0x54
 *(.ARM.extab* .gnu.linkonce.armextab.*)
 .ARM.extab     0x00002e3c        0x0 c:/ti/ccsv7/tools/compiler/gcc-arm-none-eabi-6-2017-q1-update/bin/../lib/gcc/arm-none-eabi/6.3.1/../../../../arm-none-eabi/lib/thumb/v7e-m/fpv4-sp/hard/crt0.o
 .ARM.extab     0x00002e3c       0x24 ./HAL_I2C.o
 .ARM.extab     0x00002e60        0xc ./HAL_OPT3001.o
 .ARM.extab     0x00002e6c        0xc ./main.o
 .ARM.extab.text._ZSt3absd
                0x00002e78        0x0 ./main.o
 .ARM.extab.text._ZSt3absImEN9__gnu_cxx11__enable_ifIXsrSt12__is_integerIT_E7__valueEdE6__typeES3_
                0x00002e78        0x0 ./main.o
 .ARM.extab     0x00002e78        0x0 c:/ti/ccsv7/tools/compiler/gcc-arm-none-eabi-6-2017-q1-update/bin/../lib/gcc/arm-none-eabi/6.3.1/thumb/v7e-m/fpv4-sp/hard\libgcc.a(unwind-arm.o)
 .ARM.extab     0x00002e78       0x18 c:/ti/ccsv7/tools/compiler/gcc-arm-none-eabi-6-2017-q1-update/bin/../lib/gcc/arm-none-eabi/6.3.1/thumb/v7e-m/fpv4-sp/hard\libgcc.a(pr-support.o)
                0x00002e90                __etext = .

.rel.dyn        0x00002e90        0x0
 .rel.iplt      0x00002e90        0x0 c:/ti/ccsv7/tools/compiler/gcc-arm-none-eabi-6-2017-q1-update/bin/../lib/gcc/arm-none-eabi/6.3.1/thumb/v7e-m/fpv4-sp/hard/crtbegin.o

.data           0x20000000       0x70 load address 0x00002e90
                0x00002e90                __data_load__ = LOADADDR (.data)
                0x20000000                __data_start__ = .
 *(.data)
 .data          0x20000000        0x0 c:/ti/ccsv7/tools/compiler/gcc-arm-none-eabi-6-2017-q1-update/bin/../lib/gcc/arm-none-eabi/6.3.1/thumb/v7e-m/fpv4-sp/hard/crti.o
 .data          0x20000000        0x4 c:/ti/ccsv7/tools/compiler/gcc-arm-none-eabi-6-2017-q1-update/bin/../lib/gcc/arm-none-eabi/6.3.1/thumb/v7e-m/fpv4-sp/hard/crtbegin.o
                0x20000000                __dso_handle
 .data          0x20000004        0x0 c:/ti/ccsv7/tools/compiler/gcc-arm-none-eabi-6-2017-q1-update/bin/../lib/gcc/arm-none-eabi/6.3.1/../../../../arm-none-eabi/lib/thumb/v7e-m/fpv4-sp/hard/crt0.o
 .data          0x20000004        0x0 ./HAL_I2C.o
 .data          0x20000004        0x0 ./HAL_OPT3001.o
 .data          0x20000004        0x1 ./main.o
                0x20000004                Func10W
 .data          0x20000005        0x0 ./startup_msp432p401r_gcc.o
 *fill*         0x20000005        0x3 
 .data          0x20000008        0x4 ./system_msp432p401r.o
                0x20000008                SystemCoreClock
 .data          0x2000000c        0x0 ./fonts/fontcm12.o
 .data          0x2000000c        0x0 ./fonts/fontcm12b.o
 .data          0x2000000c        0x0 ./fonts/fontcm12i.o
 .data          0x2000000c        0x0 ./fonts/fontcm14.o
 .data          0x2000000c        0x0 ./fonts/fontcm14b.o
 .data          0x2000000c        0x0 ./fonts/fontcm14i.o
 .data          0x2000000c        0x0 ./fonts/fontcm16.o
 .data          0x2000000c        0x0 ./fonts/fontcm16b.o
 .data          0x2000000c        0x0 ./fonts/fontcm16i.o
 .data          0x2000000c        0x0 ./fonts/fontcm18.o
 .data          0x2000000c        0x0 ./fonts/fontcm18b.o
 .data          0x2000000c        0x0 ./fonts/fontcm18i.o
 .data          0x2000000c        0x0 ./fonts/fontcm20.o
 .data          0x2000000c        0x0 ./fonts/fontcm20b.o
 .data          0x2000000c        0x0 ./fonts/fontcm20i.o
 .data          0x2000000c        0x0 ./fonts/fontcm22.o
 .data          0x2000000c        0x0 ./fonts/fontcm22b.o
 .data          0x2000000c        0x0 ./fonts/fontcm22i.o
 .data          0x2000000c        0x0 ./fonts/fontcm24.o
 .data          0x2000000c        0x0 ./fonts/fontcm24b.o
 .data          0x2000000c        0x0 ./fonts/fontcm24i.o
 .data          0x2000000c        0x0 ./fonts/fontcm26.o
 .data          0x2000000c        0x0 ./fonts/fontcm26b.o
 .data          0x2000000c        0x0 ./fonts/fontcm26i.o
 .data          0x2000000c        0x0 ./fonts/fontcm28.o
 .data          0x2000000c        0x0 ./fonts/fontcm28b.o
 .data          0x2000000c        0x0 ./fonts/fontcm28i.o
 .data          0x2000000c        0x0 ./fonts/fontcm30.o
 .data          0x2000000c        0x0 ./fonts/fontcm30b.o
 .data          0x2000000c        0x0 ./fonts/fontcm30i.o
 .data          0x2000000c        0x0 ./fonts/fontcm32.o
 .data          0x2000000c        0x0 ./fonts/fontcm32b.o
 .data          0x2000000c        0x0 ./fonts/fontcm32i.o
 .data          0x2000000c        0x0 ./fonts/fontcm34.o
 .data          0x2000000c        0x0 ./fonts/fontcm34b.o
 .data          0x2000000c        0x0 ./fonts/fontcm34i.o
 .data          0x2000000c        0x0 ./fonts/fontcm36.o
 .data          0x2000000c        0x0 ./fonts/fontcm36b.o
 .data          0x2000000c        0x0 ./fonts/fontcm36i.o
 .data          0x2000000c        0x0 ./fonts/fontcm38.o
 .data          0x2000000c        0x0 ./fonts/fontcm38b.o
 .data          0x2000000c        0x0 ./fonts/fontcm38i.o
 .data          0x2000000c        0x0 ./fonts/fontcm40.o
 .data          0x2000000c        0x0 ./fonts/fontcm40b.o
 .data          0x2000000c        0x0 ./fonts/fontcm40i.o
 .data          0x2000000c        0x0 ./fonts/fontcm42.o
 .data          0x2000000c        0x0 ./fonts/fontcm42b.o
 .data          0x2000000c        0x0 ./fonts/fontcm42i.o
 .data          0x2000000c        0x0 ./fonts/fontcm44.o
 .data          0x2000000c        0x0 ./fonts/fontcm44b.o
 .data          0x2000000c        0x0 ./fonts/fontcm44i.o
 .data          0x2000000c        0x0 ./fonts/fontcm46.o
 .data          0x2000000c        0x0 ./fonts/fontcm46b.o
 .data          0x2000000c        0x0 ./fonts/fontcm46i.o
 .data          0x2000000c        0x0 ./fonts/fontcm48.o
 .data          0x2000000c        0x0 ./fonts/fontcm48b.o
 .data          0x2000000c        0x0 ./fonts/fontcm48i.o
 .data          0x2000000c        0x0 ./fonts/fontcmsc12.o
 .data          0x2000000c        0x0 ./fonts/fontcmsc14.o
 .data          0x2000000c        0x0 ./fonts/fontcmsc16.o
 .data          0x2000000c        0x0 ./fonts/fontcmsc18.o
 .data          0x2000000c        0x0 ./fonts/fontcmsc20.o
 .data          0x2000000c        0x0 ./fonts/fontcmsc22.o
 .data          0x2000000c        0x0 ./fonts/fontcmsc24.o
 .data          0x2000000c        0x0 ./fonts/fontcmsc26.o
 .data          0x2000000c        0x0 ./fonts/fontcmsc28.o
 .data          0x2000000c        0x0 ./fonts/fontcmsc30.o
 .data          0x2000000c        0x0 ./fonts/fontcmsc32.o
 .data          0x2000000c        0x0 ./fonts/fontcmsc34.o
 .data          0x2000000c        0x0 ./fonts/fontcmsc36.o
 .data          0x2000000c        0x0 ./fonts/fontcmsc38.o
 .data          0x2000000c        0x0 ./fonts/fontcmsc40.o
 .data          0x2000000c        0x0 ./fonts/fontcmsc42.o
 .data          0x2000000c        0x0 ./fonts/fontcmsc44.o
 .data          0x2000000c        0x0 ./fonts/fontcmsc46.o
 .data          0x2000000c        0x0 ./fonts/fontcmsc48.o
 .data          0x2000000c        0x0 ./fonts/fontcmss12.o
 .data          0x2000000c        0x0 ./fonts/fontcmss12b.o
 .data          0x2000000c        0x0 ./fonts/fontcmss12i.o
 .data          0x2000000c        0x0 ./fonts/fontcmss14.o
 .data          0x2000000c        0x0 ./fonts/fontcmss14b.o
 .data          0x2000000c        0x0 ./fonts/fontcmss14i.o
 .data          0x2000000c        0x0 ./fonts/fontcmss16.o
 .data          0x2000000c        0x0 ./fonts/fontcmss16b.o
 .data          0x2000000c        0x0 ./fonts/fontcmss16i.o
 .data          0x2000000c        0x0 ./fonts/fontcmss18.o
 .data          0x2000000c        0x0 ./fonts/fontcmss18b.o
 .data          0x2000000c        0x0 ./fonts/fontcmss18i.o
 .data          0x2000000c        0x0 ./fonts/fontcmss20.o
 .data          0x2000000c        0x0 ./fonts/fontcmss20b.o
 .data          0x2000000c        0x0 ./fonts/fontcmss20i.o
 .data          0x2000000c        0x0 ./fonts/fontcmss22.o
 .data          0x2000000c        0x0 ./fonts/fontcmss22b.o
 .data          0x2000000c        0x0 ./fonts/fontcmss22i.o
 .data          0x2000000c        0x0 ./fonts/fontcmss24.o
 .data          0x2000000c        0x0 ./fonts/fontcmss24b.o
 .data          0x2000000c        0x0 ./fonts/fontcmss24i.o
 .data          0x2000000c        0x0 ./fonts/fontcmss26.o
 .data          0x2000000c        0x0 ./fonts/fontcmss26b.o
 .data          0x2000000c        0x0 ./fonts/fontcmss26i.o
 .data          0x2000000c        0x0 ./fonts/fontcmss28.o
 .data          0x2000000c        0x0 ./fonts/fontcmss28b.o
 .data          0x2000000c        0x0 ./fonts/fontcmss28i.o
 .data          0x2000000c        0x0 ./fonts/fontcmss30.o
 .data          0x2000000c        0x0 ./fonts/fontcmss30b.o
 .data          0x2000000c        0x0 ./fonts/fontcmss30i.o
 .data          0x2000000c        0x0 ./fonts/fontcmss32.o
 .data          0x2000000c        0x0 ./fonts/fontcmss32b.o
 .data          0x2000000c        0x0 ./fonts/fontcmss32i.o
 .data          0x2000000c        0x0 ./fonts/fontcmss34.o
 .data          0x2000000c        0x0 ./fonts/fontcmss34b.o
 .data          0x2000000c        0x0 ./fonts/fontcmss34i.o
 .data          0x2000000c        0x0 ./fonts/fontcmss36.o
 .data          0x2000000c        0x0 ./fonts/fontcmss36b.o
 .data          0x2000000c        0x0 ./fonts/fontcmss36i.o
 .data          0x2000000c        0x0 ./fonts/fontcmss38.o
 .data          0x2000000c        0x0 ./fonts/fontcmss38b.o
 .data          0x2000000c        0x0 ./fonts/fontcmss38i.o
 .data          0x2000000c        0x0 ./fonts/fontcmss40.o
 .data          0x2000000c        0x0 ./fonts/fontcmss40b.o
 .data          0x2000000c        0x0 ./fonts/fontcmss40i.o
 .data          0x2000000c        0x0 ./fonts/fontcmss42.o
 .data          0x2000000c        0x0 ./fonts/fontcmss42b.o
 .data          0x2000000c        0x0 ./fonts/fontcmss42i.o
 .data          0x2000000c        0x0 ./fonts/fontcmss44.o
 .data          0x2000000c        0x0 ./fonts/fontcmss44b.o
 .data          0x2000000c        0x0 ./fonts/fontcmss44i.o
 .data          0x2000000c        0x0 ./fonts/fontcmss46.o
 .data          0x2000000c        0x0 ./fonts/fontcmss46b.o
 .data          0x2000000c        0x0 ./fonts/fontcmss46i.o
 .data          0x2000000c        0x0 ./fonts/fontcmss48.o
 .data          0x2000000c        0x0 ./fonts/fontcmss48b.o
 .data          0x2000000c        0x0 ./fonts/fontcmss48i.o
 .data          0x2000000c        0x0 ./fonts/fontcmtt12.o
 .data          0x2000000c        0x0 ./fonts/fontcmtt14.o
 .data          0x2000000c        0x0 ./fonts/fontcmtt16.o
 .data          0x2000000c        0x0 ./fonts/fontcmtt18.o
 .data          0x2000000c        0x0 ./fonts/fontcmtt20.o
 .data          0x2000000c        0x0 ./fonts/fontcmtt22.o
 .data          0x2000000c        0x0 ./fonts/fontcmtt24.o
 .data          0x2000000c        0x0 ./fonts/fontcmtt26.o
 .data          0x2000000c        0x0 ./fonts/fontcmtt28.o
 .data          0x2000000c        0x0 ./fonts/fontcmtt30.o
 .data          0x2000000c        0x0 ./fonts/fontcmtt32.o
 .data          0x2000000c        0x0 ./fonts/fontcmtt34.o
 .data          0x2000000c        0x0 ./fonts/fontcmtt36.o
 .data          0x2000000c        0x0 ./fonts/fontcmtt38.o
 .data          0x2000000c        0x0 ./fonts/fontcmtt40.o
 .data          0x2000000c        0x0 ./fonts/fontcmtt42.o
 .data          0x2000000c        0x0 ./fonts/fontcmtt44.o
 .data          0x2000000c        0x0 ./fonts/fontcmtt46.o
 .data          0x2000000c        0x0 ./fonts/fontcmtt48.o
 .data          0x2000000c        0x0 ./fonts/fontfixed6x8.o
 .data          0x2000000c        0x0 C:/ti/simplelink_msp432_sdk_1_40_01_00/source/ti/devices/msp432p4xx/driverlib/gcc\msp432p4xx_driverlib.a(gpio.obj)
 .data          0x2000000c        0x0 C:/ti/simplelink_msp432_sdk_1_40_01_00/source/ti/devices/msp432p4xx/driverlib/gcc\msp432p4xx_driverlib.a(i2c.obj)
 .data          0x2000000c        0x0 C:/ti/simplelink_msp432_sdk_1_40_01_00/source/ti/devices/msp432p4xx/driverlib/gcc\msp432p4xx_driverlib.a(interrupt.obj)
 .data          0x2000000c        0x0 C:/ti/simplelink_msp432_sdk_1_40_01_00/source/ti/devices/msp432p4xx/driverlib/gcc\msp432p4xx_driverlib.a(cpu.obj)
 .data          0x2000000c        0x0 c:/ti/ccsv7/tools/compiler/gcc-arm-none-eabi-6-2017-q1-update/bin/../lib/gcc/arm-none-eabi/6.3.1/thumb/v7e-m/fpv4-sp/hard\libgcc.a(_arm_addsubdf3.o)
 .data          0x2000000c        0x0 c:/ti/ccsv7/tools/compiler/gcc-arm-none-eabi-6-2017-q1-update/bin/../lib/gcc/arm-none-eabi/6.3.1/thumb/v7e-m/fpv4-sp/hard\libgcc.a(_arm_muldivdf3.o)
 .data          0x2000000c        0x0 c:/ti/ccsv7/tools/compiler/gcc-arm-none-eabi-6-2017-q1-update/bin/../lib/gcc/arm-none-eabi/6.3.1/thumb/v7e-m/fpv4-sp/hard\libgcc.a(_arm_fixunsdfsi.o)
 .data          0x2000000c        0x0 c:/ti/ccsv7/tools/compiler/gcc-arm-none-eabi-6-2017-q1-update/bin/../lib/gcc/arm-none-eabi/6.3.1/thumb/v7e-m/fpv4-sp/hard\libgcc.a(unwind-arm.o)
 .data          0x2000000c        0x0 c:/ti/ccsv7/tools/compiler/gcc-arm-none-eabi-6-2017-q1-update/bin/../lib/gcc/arm-none-eabi/6.3.1/thumb/v7e-m/fpv4-sp/hard\libgcc.a(libunwind.o)
 .data          0x2000000c        0x0 c:/ti/ccsv7/tools/compiler/gcc-arm-none-eabi-6-2017-q1-update/bin/../lib/gcc/arm-none-eabi/6.3.1/thumb/v7e-m/fpv4-sp/hard\libgcc.a(pr-support.o)
 .data          0x2000000c        0x0 C:/ti/ccsv7/tools/compiler/gcc-arm-none-eabi-6-2017-q1-update/arm-none-eabi/lib/thumb/v7e-m/fpv4-sp/hard\libc_nano.a(lib_a-abort.o)
 .data          0x2000000c        0x0 C:/ti/ccsv7/tools/compiler/gcc-arm-none-eabi-6-2017-q1-update/arm-none-eabi/lib/thumb/v7e-m/fpv4-sp/hard\libc_nano.a(lib_a-exit.o)
 .data          0x2000000c        0x0 C:/ti/ccsv7/tools/compiler/gcc-arm-none-eabi-6-2017-q1-update/arm-none-eabi/lib/thumb/v7e-m/fpv4-sp/hard\libc_nano.a(lib_a-impure.o)
 .data          0x2000000c        0x0 C:/ti/ccsv7/tools/compiler/gcc-arm-none-eabi-6-2017-q1-update/arm-none-eabi/lib/thumb/v7e-m/fpv4-sp/hard\libc_nano.a(lib_a-init.o)
 .data          0x2000000c        0x0 C:/ti/ccsv7/tools/compiler/gcc-arm-none-eabi-6-2017-q1-update/arm-none-eabi/lib/thumb/v7e-m/fpv4-sp/hard\libc_nano.a(lib_a-memcpy-stub.o)
 .data          0x2000000c        0x0 C:/ti/ccsv7/tools/compiler/gcc-arm-none-eabi-6-2017-q1-update/arm-none-eabi/lib/thumb/v7e-m/fpv4-sp/hard\libc_nano.a(lib_a-memset.o)
 .data          0x2000000c        0x0 C:/ti/ccsv7/tools/compiler/gcc-arm-none-eabi-6-2017-q1-update/arm-none-eabi/lib/thumb/v7e-m/fpv4-sp/hard\libc_nano.a(lib_a-signal.o)
 .data          0x2000000c        0x0 C:/ti/ccsv7/tools/compiler/gcc-arm-none-eabi-6-2017-q1-update/arm-none-eabi/lib/thumb/v7e-m/fpv4-sp/hard\libc_nano.a(lib_a-signalr.o)
 .data          0x2000000c        0x0 C:/ti/ccsv7/tools/compiler/gcc-arm-none-eabi-6-2017-q1-update/arm-none-eabi/lib/thumb/v7e-m/fpv4-sp/hard\libc_nano.a(lib_a-nano-mallocr.o)
 .data          0x2000000c        0x0 C:/ti/ccsv7/tools/compiler/gcc-arm-none-eabi-6-2017-q1-update/arm-none-eabi/lib/thumb/v7e-m/fpv4-sp/hard\libc_nano.a(lib_a-reent.o)
 .data          0x2000000c        0x0 C:/ti/ccsv7/tools/compiler/gcc-arm-none-eabi-6-2017-q1-update/arm-none-eabi/lib/thumb/v7e-m/fpv4-sp/hard\libc_nano.a(lib_a-sbrkr.o)
 .data          0x2000000c        0x0 C:/ti/ccsv7/tools/compiler/gcc-arm-none-eabi-6-2017-q1-update/arm-none-eabi/lib/thumb/v7e-m/fpv4-sp/hard\libc_nano.a(lib_a-mlock.o)
 .data          0x2000000c        0x0 C:/ti/ccsv7/tools/compiler/gcc-arm-none-eabi-6-2017-q1-update/arm-none-eabi/lib/thumb/v7e-m/fpv4-sp/hard\libc_nano.a(lib_a-nano-freer.o)
 .data          0x2000000c        0x0 C:/ti/ccsv7/tools/compiler/gcc-arm-none-eabi-6-2017-q1-update/arm-none-eabi/lib/thumb/v7e-m/fpv4-sp/hard\libnosys.a(getpid.o)
 .data          0x2000000c        0x0 C:/ti/ccsv7/tools/compiler/gcc-arm-none-eabi-6-2017-q1-update/arm-none-eabi/lib/thumb/v7e-m/fpv4-sp/hard\libnosys.a(kill.o)
 .data          0x2000000c        0x0 C:/ti/ccsv7/tools/compiler/gcc-arm-none-eabi-6-2017-q1-update/arm-none-eabi/lib/thumb/v7e-m/fpv4-sp/hard\libnosys.a(sbrk.o)
 .data          0x2000000c        0x0 C:/ti/ccsv7/tools/compiler/gcc-arm-none-eabi-6-2017-q1-update/arm-none-eabi/lib/thumb/v7e-m/fpv4-sp/hard\libnosys.a(_exit.o)
 .data          0x2000000c        0x0 c:/ti/ccsv7/tools/compiler/gcc-arm-none-eabi-6-2017-q1-update/bin/../lib/gcc/arm-none-eabi/6.3.1/thumb/v7e-m/fpv4-sp/hard/crtend.o
 .data          0x2000000c        0x0 c:/ti/ccsv7/tools/compiler/gcc-arm-none-eabi-6-2017-q1-update/bin/../lib/gcc/arm-none-eabi/6.3.1/thumb/v7e-m/fpv4-sp/hard/crtn.o
 *(.data*)
 .data._impure_ptr
                0x2000000c        0x4 C:/ti/ccsv7/tools/compiler/gcc-arm-none-eabi-6-2017-q1-update/arm-none-eabi/lib/thumb/v7e-m/fpv4-sp/hard\libc_nano.a(lib_a-impure.o)
                0x2000000c                _impure_ptr
 .data.impure_data
                0x20000010       0x60 C:/ti/ccsv7/tools/compiler/gcc-arm-none-eabi-6-2017-q1-update/arm-none-eabi/lib/thumb/v7e-m/fpv4-sp/hard\libc_nano.a(lib_a-impure.o)
                0x20000070                . = ALIGN (0x4)
                0x20000070                __data_end__ = .

.jcr            0x20000070        0x0 load address 0x00002f00
 .jcr           0x20000070        0x0 c:/ti/ccsv7/tools/compiler/gcc-arm-none-eabi-6-2017-q1-update/bin/../lib/gcc/arm-none-eabi/6.3.1/thumb/v7e-m/fpv4-sp/hard/crtbegin.o

.igot.plt       0x20000070        0x0 load address 0x00002f00
 .igot.plt      0x20000070        0x0 c:/ti/ccsv7/tools/compiler/gcc-arm-none-eabi-6-2017-q1-update/bin/../lib/gcc/arm-none-eabi/6.3.1/thumb/v7e-m/fpv4-sp/hard/crtbegin.o

.bss            0x20000070      0x810
                0x20000070                __bss_start__ = .
 *(.shbss)
 *(.bss)
 .bss           0x20000070        0x0 c:/ti/ccsv7/tools/compiler/gcc-arm-none-eabi-6-2017-q1-update/bin/../lib/gcc/arm-none-eabi/6.3.1/thumb/v7e-m/fpv4-sp/hard/crti.o
 .bss           0x20000070       0x1c c:/ti/ccsv7/tools/compiler/gcc-arm-none-eabi-6-2017-q1-update/bin/../lib/gcc/arm-none-eabi/6.3.1/thumb/v7e-m/fpv4-sp/hard/crtbegin.o
 .bss           0x2000008c        0x0 c:/ti/ccsv7/tools/compiler/gcc-arm-none-eabi-6-2017-q1-update/bin/../lib/gcc/arm-none-eabi/6.3.1/../../../../arm-none-eabi/lib/thumb/v7e-m/fpv4-sp/hard/crt0.o
 .bss           0x2000008c        0x0 ./HAL_I2C.o
 .bss           0x2000008c        0x0 ./HAL_OPT3001.o
 .bss           0x2000008c      0x7f0 ./main.o
                0x2000008c                Func15W
                0x2000008e                ADC14Result
                0x20000090                CONTADOR_SOFT
                0x20000094                k
                0x20000098                promedio
                0x2000009c                sonido
                0x200000a0                n
                0x200000a4                m
                0x200000a8                lux
                0x200000ac                VECTOR
 .bss           0x2000087c        0x0 ./startup_msp432p401r_gcc.o
 .bss           0x2000087c        0x0 ./system_msp432p401r.o
 .bss           0x2000087c        0x0 ./fonts/fontcm12.o
 .bss           0x2000087c        0x0 ./fonts/fontcm12b.o
 .bss           0x2000087c        0x0 ./fonts/fontcm12i.o
 .bss           0x2000087c        0x0 ./fonts/fontcm14.o
 .bss           0x2000087c        0x0 ./fonts/fontcm14b.o
 .bss           0x2000087c        0x0 ./fonts/fontcm14i.o
 .bss           0x2000087c        0x0 ./fonts/fontcm16.o
 .bss           0x2000087c        0x0 ./fonts/fontcm16b.o
 .bss           0x2000087c        0x0 ./fonts/fontcm16i.o
 .bss           0x2000087c        0x0 ./fonts/fontcm18.o
 .bss           0x2000087c        0x0 ./fonts/fontcm18b.o
 .bss           0x2000087c        0x0 ./fonts/fontcm18i.o
 .bss           0x2000087c        0x0 ./fonts/fontcm20.o
 .bss           0x2000087c        0x0 ./fonts/fontcm20b.o
 .bss           0x2000087c        0x0 ./fonts/fontcm20i.o
 .bss           0x2000087c        0x0 ./fonts/fontcm22.o
 .bss           0x2000087c        0x0 ./fonts/fontcm22b.o
 .bss           0x2000087c        0x0 ./fonts/fontcm22i.o
 .bss           0x2000087c        0x0 ./fonts/fontcm24.o
 .bss           0x2000087c        0x0 ./fonts/fontcm24b.o
 .bss           0x2000087c        0x0 ./fonts/fontcm24i.o
 .bss           0x2000087c        0x0 ./fonts/fontcm26.o
 .bss           0x2000087c        0x0 ./fonts/fontcm26b.o
 .bss           0x2000087c        0x0 ./fonts/fontcm26i.o
 .bss           0x2000087c        0x0 ./fonts/fontcm28.o
 .bss           0x2000087c        0x0 ./fonts/fontcm28b.o
 .bss           0x2000087c        0x0 ./fonts/fontcm28i.o
 .bss           0x2000087c        0x0 ./fonts/fontcm30.o
 .bss           0x2000087c        0x0 ./fonts/fontcm30b.o
 .bss           0x2000087c        0x0 ./fonts/fontcm30i.o
 .bss           0x2000087c        0x0 ./fonts/fontcm32.o
 .bss           0x2000087c        0x0 ./fonts/fontcm32b.o
 .bss           0x2000087c        0x0 ./fonts/fontcm32i.o
 .bss           0x2000087c        0x0 ./fonts/fontcm34.o
 .bss           0x2000087c        0x0 ./fonts/fontcm34b.o
 .bss           0x2000087c        0x0 ./fonts/fontcm34i.o
 .bss           0x2000087c        0x0 ./fonts/fontcm36.o
 .bss           0x2000087c        0x0 ./fonts/fontcm36b.o
 .bss           0x2000087c        0x0 ./fonts/fontcm36i.o
 .bss           0x2000087c        0x0 ./fonts/fontcm38.o
 .bss           0x2000087c        0x0 ./fonts/fontcm38b.o
 .bss           0x2000087c        0x0 ./fonts/fontcm38i.o
 .bss           0x2000087c        0x0 ./fonts/fontcm40.o
 .bss           0x2000087c        0x0 ./fonts/fontcm40b.o
 .bss           0x2000087c        0x0 ./fonts/fontcm40i.o
 .bss           0x2000087c        0x0 ./fonts/fontcm42.o
 .bss           0x2000087c        0x0 ./fonts/fontcm42b.o
 .bss           0x2000087c        0x0 ./fonts/fontcm42i.o
 .bss           0x2000087c        0x0 ./fonts/fontcm44.o
 .bss           0x2000087c        0x0 ./fonts/fontcm44b.o
 .bss           0x2000087c        0x0 ./fonts/fontcm44i.o
 .bss           0x2000087c        0x0 ./fonts/fontcm46.o
 .bss           0x2000087c        0x0 ./fonts/fontcm46b.o
 .bss           0x2000087c        0x0 ./fonts/fontcm46i.o
 .bss           0x2000087c        0x0 ./fonts/fontcm48.o
 .bss           0x2000087c        0x0 ./fonts/fontcm48b.o
 .bss           0x2000087c        0x0 ./fonts/fontcm48i.o
 .bss           0x2000087c        0x0 ./fonts/fontcmsc12.o
 .bss           0x2000087c        0x0 ./fonts/fontcmsc14.o
 .bss           0x2000087c        0x0 ./fonts/fontcmsc16.o
 .bss           0x2000087c        0x0 ./fonts/fontcmsc18.o
 .bss           0x2000087c        0x0 ./fonts/fontcmsc20.o
 .bss           0x2000087c        0x0 ./fonts/fontcmsc22.o
 .bss           0x2000087c        0x0 ./fonts/fontcmsc24.o
 .bss           0x2000087c        0x0 ./fonts/fontcmsc26.o
 .bss           0x2000087c        0x0 ./fonts/fontcmsc28.o
 .bss           0x2000087c        0x0 ./fonts/fontcmsc30.o
 .bss           0x2000087c        0x0 ./fonts/fontcmsc32.o
 .bss           0x2000087c        0x0 ./fonts/fontcmsc34.o
 .bss           0x2000087c        0x0 ./fonts/fontcmsc36.o
 .bss           0x2000087c        0x0 ./fonts/fontcmsc38.o
 .bss           0x2000087c        0x0 ./fonts/fontcmsc40.o
 .bss           0x2000087c        0x0 ./fonts/fontcmsc42.o
 .bss           0x2000087c        0x0 ./fonts/fontcmsc44.o
 .bss           0x2000087c        0x0 ./fonts/fontcmsc46.o
 .bss           0x2000087c        0x0 ./fonts/fontcmsc48.o
 .bss           0x2000087c        0x0 ./fonts/fontcmss12.o
 .bss           0x2000087c        0x0 ./fonts/fontcmss12b.o
 .bss           0x2000087c        0x0 ./fonts/fontcmss12i.o
 .bss           0x2000087c        0x0 ./fonts/fontcmss14.o
 .bss           0x2000087c        0x0 ./fonts/fontcmss14b.o
 .bss           0x2000087c        0x0 ./fonts/fontcmss14i.o
 .bss           0x2000087c        0x0 ./fonts/fontcmss16.o
 .bss           0x2000087c        0x0 ./fonts/fontcmss16b.o
 .bss           0x2000087c        0x0 ./fonts/fontcmss16i.o
 .bss           0x2000087c        0x0 ./fonts/fontcmss18.o
 .bss           0x2000087c        0x0 ./fonts/fontcmss18b.o
 .bss           0x2000087c        0x0 ./fonts/fontcmss18i.o
 .bss           0x2000087c        0x0 ./fonts/fontcmss20.o
 .bss           0x2000087c        0x0 ./fonts/fontcmss20b.o
 .bss           0x2000087c        0x0 ./fonts/fontcmss20i.o
 .bss           0x2000087c        0x0 ./fonts/fontcmss22.o
 .bss           0x2000087c        0x0 ./fonts/fontcmss22b.o
 .bss           0x2000087c        0x0 ./fonts/fontcmss22i.o
 .bss           0x2000087c        0x0 ./fonts/fontcmss24.o
 .bss           0x2000087c        0x0 ./fonts/fontcmss24b.o
 .bss           0x2000087c        0x0 ./fonts/fontcmss24i.o
 .bss           0x2000087c        0x0 ./fonts/fontcmss26.o
 .bss           0x2000087c        0x0 ./fonts/fontcmss26b.o
 .bss           0x2000087c        0x0 ./fonts/fontcmss26i.o
 .bss           0x2000087c        0x0 ./fonts/fontcmss28.o
 .bss           0x2000087c        0x0 ./fonts/fontcmss28b.o
 .bss           0x2000087c        0x0 ./fonts/fontcmss28i.o
 .bss           0x2000087c        0x0 ./fonts/fontcmss30.o
 .bss           0x2000087c        0x0 ./fonts/fontcmss30b.o
 .bss           0x2000087c        0x0 ./fonts/fontcmss30i.o
 .bss           0x2000087c        0x0 ./fonts/fontcmss32.o
 .bss           0x2000087c        0x0 ./fonts/fontcmss32b.o
 .bss           0x2000087c        0x0 ./fonts/fontcmss32i.o
 .bss           0x2000087c        0x0 ./fonts/fontcmss34.o
 .bss           0x2000087c        0x0 ./fonts/fontcmss34b.o
 .bss           0x2000087c        0x0 ./fonts/fontcmss34i.o
 .bss           0x2000087c        0x0 ./fonts/fontcmss36.o
 .bss           0x2000087c        0x0 ./fonts/fontcmss36b.o
 .bss           0x2000087c        0x0 ./fonts/fontcmss36i.o
 .bss           0x2000087c        0x0 ./fonts/fontcmss38.o
 .bss           0x2000087c        0x0 ./fonts/fontcmss38b.o
 .bss           0x2000087c        0x0 ./fonts/fontcmss38i.o
 .bss           0x2000087c        0x0 ./fonts/fontcmss40.o
 .bss           0x2000087c        0x0 ./fonts/fontcmss40b.o
 .bss           0x2000087c        0x0 ./fonts/fontcmss40i.o
 .bss           0x2000087c        0x0 ./fonts/fontcmss42.o
 .bss           0x2000087c        0x0 ./fonts/fontcmss42b.o
 .bss           0x2000087c        0x0 ./fonts/fontcmss42i.o
 .bss           0x2000087c        0x0 ./fonts/fontcmss44.o
 .bss           0x2000087c        0x0 ./fonts/fontcmss44b.o
 .bss           0x2000087c        0x0 ./fonts/fontcmss44i.o
 .bss           0x2000087c        0x0 ./fonts/fontcmss46.o
 .bss           0x2000087c        0x0 ./fonts/fontcmss46b.o
 .bss           0x2000087c        0x0 ./fonts/fontcmss46i.o
 .bss           0x2000087c        0x0 ./fonts/fontcmss48.o
 .bss           0x2000087c        0x0 ./fonts/fontcmss48b.o
 .bss           0x2000087c        0x0 ./fonts/fontcmss48i.o
 .bss           0x2000087c        0x0 ./fonts/fontcmtt12.o
 .bss           0x2000087c        0x0 ./fonts/fontcmtt14.o
 .bss           0x2000087c        0x0 ./fonts/fontcmtt16.o
 .bss           0x2000087c        0x0 ./fonts/fontcmtt18.o
 .bss           0x2000087c        0x0 ./fonts/fontcmtt20.o
 .bss           0x2000087c        0x0 ./fonts/fontcmtt22.o
 .bss           0x2000087c        0x0 ./fonts/fontcmtt24.o
 .bss           0x2000087c        0x0 ./fonts/fontcmtt26.o
 .bss           0x2000087c        0x0 ./fonts/fontcmtt28.o
 .bss           0x2000087c        0x0 ./fonts/fontcmtt30.o
 .bss           0x2000087c        0x0 ./fonts/fontcmtt32.o
 .bss           0x2000087c        0x0 ./fonts/fontcmtt34.o
 .bss           0x2000087c        0x0 ./fonts/fontcmtt36.o
 .bss           0x2000087c        0x0 ./fonts/fontcmtt38.o
 .bss           0x2000087c        0x0 ./fonts/fontcmtt40.o
 .bss           0x2000087c        0x0 ./fonts/fontcmtt42.o
 .bss           0x2000087c        0x0 ./fonts/fontcmtt44.o
 .bss           0x2000087c        0x0 ./fonts/fontcmtt46.o
 .bss           0x2000087c        0x0 ./fonts/fontcmtt48.o
 .bss           0x2000087c        0x0 ./fonts/fontfixed6x8.o
 .bss           0x2000087c        0x0 C:/ti/simplelink_msp432_sdk_1_40_01_00/source/ti/devices/msp432p4xx/driverlib/gcc\msp432p4xx_driverlib.a(gpio.obj)
 .bss           0x2000087c        0x0 C:/ti/simplelink_msp432_sdk_1_40_01_00/source/ti/devices/msp432p4xx/driverlib/gcc\msp432p4xx_driverlib.a(i2c.obj)
 .bss           0x2000087c        0x0 C:/ti/simplelink_msp432_sdk_1_40_01_00/source/ti/devices/msp432p4xx/driverlib/gcc\msp432p4xx_driverlib.a(interrupt.obj)
 .bss           0x2000087c        0x0 C:/ti/simplelink_msp432_sdk_1_40_01_00/source/ti/devices/msp432p4xx/driverlib/gcc\msp432p4xx_driverlib.a(cpu.obj)
 .bss           0x2000087c        0x0 c:/ti/ccsv7/tools/compiler/gcc-arm-none-eabi-6-2017-q1-update/bin/../lib/gcc/arm-none-eabi/6.3.1/thumb/v7e-m/fpv4-sp/hard\libgcc.a(_arm_addsubdf3.o)
 .bss           0x2000087c        0x0 c:/ti/ccsv7/tools/compiler/gcc-arm-none-eabi-6-2017-q1-update/bin/../lib/gcc/arm-none-eabi/6.3.1/thumb/v7e-m/fpv4-sp/hard\libgcc.a(_arm_muldivdf3.o)
 .bss           0x2000087c        0x0 c:/ti/ccsv7/tools/compiler/gcc-arm-none-eabi-6-2017-q1-update/bin/../lib/gcc/arm-none-eabi/6.3.1/thumb/v7e-m/fpv4-sp/hard\libgcc.a(_arm_fixunsdfsi.o)
 .bss           0x2000087c        0x0 c:/ti/ccsv7/tools/compiler/gcc-arm-none-eabi-6-2017-q1-update/bin/../lib/gcc/arm-none-eabi/6.3.1/thumb/v7e-m/fpv4-sp/hard\libgcc.a(unwind-arm.o)
 .bss           0x2000087c        0x0 c:/ti/ccsv7/tools/compiler/gcc-arm-none-eabi-6-2017-q1-update/bin/../lib/gcc/arm-none-eabi/6.3.1/thumb/v7e-m/fpv4-sp/hard\libgcc.a(libunwind.o)
 .bss           0x2000087c        0x0 c:/ti/ccsv7/tools/compiler/gcc-arm-none-eabi-6-2017-q1-update/bin/../lib/gcc/arm-none-eabi/6.3.1/thumb/v7e-m/fpv4-sp/hard\libgcc.a(pr-support.o)
 .bss           0x2000087c        0x0 C:/ti/ccsv7/tools/compiler/gcc-arm-none-eabi-6-2017-q1-update/arm-none-eabi/lib/thumb/v7e-m/fpv4-sp/hard\libc_nano.a(lib_a-abort.o)
 .bss           0x2000087c        0x0 C:/ti/ccsv7/tools/compiler/gcc-arm-none-eabi-6-2017-q1-update/arm-none-eabi/lib/thumb/v7e-m/fpv4-sp/hard\libc_nano.a(lib_a-exit.o)
 .bss           0x2000087c        0x0 C:/ti/ccsv7/tools/compiler/gcc-arm-none-eabi-6-2017-q1-update/arm-none-eabi/lib/thumb/v7e-m/fpv4-sp/hard\libc_nano.a(lib_a-impure.o)
 .bss           0x2000087c        0x0 C:/ti/ccsv7/tools/compiler/gcc-arm-none-eabi-6-2017-q1-update/arm-none-eabi/lib/thumb/v7e-m/fpv4-sp/hard\libc_nano.a(lib_a-init.o)
 .bss           0x2000087c        0x0 C:/ti/ccsv7/tools/compiler/gcc-arm-none-eabi-6-2017-q1-update/arm-none-eabi/lib/thumb/v7e-m/fpv4-sp/hard\libc_nano.a(lib_a-memcpy-stub.o)
 .bss           0x2000087c        0x0 C:/ti/ccsv7/tools/compiler/gcc-arm-none-eabi-6-2017-q1-update/arm-none-eabi/lib/thumb/v7e-m/fpv4-sp/hard\libc_nano.a(lib_a-memset.o)
 .bss           0x2000087c        0x0 C:/ti/ccsv7/tools/compiler/gcc-arm-none-eabi-6-2017-q1-update/arm-none-eabi/lib/thumb/v7e-m/fpv4-sp/hard\libc_nano.a(lib_a-signal.o)
 .bss           0x2000087c        0x0 C:/ti/ccsv7/tools/compiler/gcc-arm-none-eabi-6-2017-q1-update/arm-none-eabi/lib/thumb/v7e-m/fpv4-sp/hard\libc_nano.a(lib_a-signalr.o)
 .bss           0x2000087c        0x0 C:/ti/ccsv7/tools/compiler/gcc-arm-none-eabi-6-2017-q1-update/arm-none-eabi/lib/thumb/v7e-m/fpv4-sp/hard\libc_nano.a(lib_a-nano-mallocr.o)
 .bss           0x2000087c        0x0 C:/ti/ccsv7/tools/compiler/gcc-arm-none-eabi-6-2017-q1-update/arm-none-eabi/lib/thumb/v7e-m/fpv4-sp/hard\libc_nano.a(lib_a-reent.o)
 .bss           0x2000087c        0x0 C:/ti/ccsv7/tools/compiler/gcc-arm-none-eabi-6-2017-q1-update/arm-none-eabi/lib/thumb/v7e-m/fpv4-sp/hard\libc_nano.a(lib_a-sbrkr.o)
 .bss           0x2000087c        0x0 C:/ti/ccsv7/tools/compiler/gcc-arm-none-eabi-6-2017-q1-update/arm-none-eabi/lib/thumb/v7e-m/fpv4-sp/hard\libc_nano.a(lib_a-mlock.o)
 .bss           0x2000087c        0x0 C:/ti/ccsv7/tools/compiler/gcc-arm-none-eabi-6-2017-q1-update/arm-none-eabi/lib/thumb/v7e-m/fpv4-sp/hard\libc_nano.a(lib_a-nano-freer.o)
 .bss           0x2000087c        0x0 C:/ti/ccsv7/tools/compiler/gcc-arm-none-eabi-6-2017-q1-update/arm-none-eabi/lib/thumb/v7e-m/fpv4-sp/hard\libnosys.a(getpid.o)
 .bss           0x2000087c        0x0 C:/ti/ccsv7/tools/compiler/gcc-arm-none-eabi-6-2017-q1-update/arm-none-eabi/lib/thumb/v7e-m/fpv4-sp/hard\libnosys.a(kill.o)
 .bss           0x2000087c        0x0 C:/ti/ccsv7/tools/compiler/gcc-arm-none-eabi-6-2017-q1-update/arm-none-eabi/lib/thumb/v7e-m/fpv4-sp/hard\libnosys.a(sbrk.o)
 .bss           0x2000087c        0x0 C:/ti/ccsv7/tools/compiler/gcc-arm-none-eabi-6-2017-q1-update/arm-none-eabi/lib/thumb/v7e-m/fpv4-sp/hard\libnosys.a(_exit.o)
 .bss           0x2000087c        0x0 c:/ti/ccsv7/tools/compiler/gcc-arm-none-eabi-6-2017-q1-update/bin/../lib/gcc/arm-none-eabi/6.3.1/thumb/v7e-m/fpv4-sp/hard/crtend.o
 .bss           0x2000087c        0x0 c:/ti/ccsv7/tools/compiler/gcc-arm-none-eabi-6-2017-q1-update/bin/../lib/gcc/arm-none-eabi/6.3.1/thumb/v7e-m/fpv4-sp/hard/crtn.o
 *(.bss.*)
 *(COMMON)
 COMMON         0x2000087c        0x4 C:/ti/ccsv7/tools/compiler/gcc-arm-none-eabi-6-2017-q1-update/arm-none-eabi/lib/thumb/v7e-m/fpv4-sp/hard\libc_nano.a(lib_a-reent.o)
                0x2000087c                errno
                0x20000880                . = ALIGN (0x4)
                0x20000880                __bss_end__ = .

.heap           0x20000880        0x0
                0x20000880                __heap_start__ = .
                0x20000880                end = __heap_start__
                0x20000880                _end = end
                0x20000880                __end = end
 *(.heap)
                0x20000880                __heap_end__ = .
                0x20000880                __HeapLimit = __heap_end__

.stack          0x20000880        0x0
                0x20000880                _stack = .
 *(.stack)
                0x20010000                __StackTop = (ORIGIN (REGION_STACK) + LENGTH (REGION_STACK))
                0x20010000                PROVIDE (__stack, __StackTop)
START GROUP
LOAD C:/ti/simplelink_msp432_sdk_1_40_01_00/source/ti/grlib/gcc\grlib.a
LOAD C:/ti/simplelink_msp432_sdk_1_40_01_00/source/ti/display/lib\display.am4fg
LOAD C:/ti/simplelink_msp432_sdk_1_40_01_00/source/ti/drivers/lib\drivers_msp432p401x.am4fg
LOAD C:/ti/simplelink_msp432_sdk_1_40_01_00/source/third_party/fatfs/lib\fatfs.am4fg
LOAD C:/ti/simplelink_msp432_sdk_1_40_01_00/source/ti/devices/msp432p4xx/driverlib/gcc\msp432p4xx_driverlib.a
LOAD c:/ti/ccsv7/tools/compiler/gcc-arm-none-eabi-6-2017-q1-update/bin/../lib/gcc/arm-none-eabi/6.3.1/thumb/v7e-m/fpv4-sp/hard\libgcc.a
LOAD C:/ti/ccsv7/tools/compiler/gcc-arm-none-eabi-6-2017-q1-update/arm-none-eabi/lib/thumb/v7e-m/fpv4-sp/hard\libm.a
LOAD C:/ti/ccsv7/tools/compiler/gcc-arm-none-eabi-6-2017-q1-update/arm-none-eabi/lib/thumb/v7e-m/fpv4-sp/hard\libnosys.a
LOAD C:/ti/ccsv7/tools/compiler/gcc-arm-none-eabi-6-2017-q1-update/arm-none-eabi/lib/thumb/v7e-m/fpv4-sp/hard\libc_nano.a
END GROUP
START GROUP
LOAD c:/ti/ccsv7/tools/compiler/gcc-arm-none-eabi-6-2017-q1-update/bin/../lib/gcc/arm-none-eabi/6.3.1/thumb/v7e-m/fpv4-sp/hard\libgcc.a
LOAD C:/ti/ccsv7/tools/compiler/gcc-arm-none-eabi-6-2017-q1-update/arm-none-eabi/lib/thumb/v7e-m/fpv4-sp/hard\libg_nano.a
LOAD C:/ti/ccsv7/tools/compiler/gcc-arm-none-eabi-6-2017-q1-update/arm-none-eabi/lib/thumb/v7e-m/fpv4-sp/hard\libc_nano.a
END GROUP
START GROUP
LOAD c:/ti/ccsv7/tools/compiler/gcc-arm-none-eabi-6-2017-q1-update/bin/../lib/gcc/arm-none-eabi/6.3.1/thumb/v7e-m/fpv4-sp/hard\libgcc.a
LOAD C:/ti/ccsv7/tools/compiler/gcc-arm-none-eabi-6-2017-q1-update/arm-none-eabi/lib/thumb/v7e-m/fpv4-sp/hard\libc_nano.a
END GROUP
LOAD c:/ti/ccsv7/tools/compiler/gcc-arm-none-eabi-6-2017-q1-update/bin/../lib/gcc/arm-none-eabi/6.3.1/thumb/v7e-m/fpv4-sp/hard/crtend.o
LOAD c:/ti/ccsv7/tools/compiler/gcc-arm-none-eabi-6-2017-q1-update/bin/../lib/gcc/arm-none-eabi/6.3.1/thumb/v7e-m/fpv4-sp/hard/crtn.o
OUTPUT(Lab01inc.out elf32-littlearm)

.ARM.attributes
                0x00000000       0x30
 .ARM.attributes
                0x00000000       0x22 c:/ti/ccsv7/tools/compiler/gcc-arm-none-eabi-6-2017-q1-update/bin/../lib/gcc/arm-none-eabi/6.3.1/thumb/v7e-m/fpv4-sp/hard/crti.o
 .ARM.attributes
                0x00000022       0x34 c:/ti/ccsv7/tools/compiler/gcc-arm-none-eabi-6-2017-q1-update/bin/../lib/gcc/arm-none-eabi/6.3.1/thumb/v7e-m/fpv4-sp/hard/crtbegin.o
 .ARM.attributes
                0x00000056       0x20 c:/ti/ccsv7/tools/compiler/gcc-arm-none-eabi-6-2017-q1-update/bin/../lib/gcc/arm-none-eabi/6.3.1/../../../../arm-none-eabi/lib/thumb/v7e-m/fpv4-sp/hard/crt0.o
 .ARM.attributes
                0x00000076       0x39 ./HAL_I2C.o
 .ARM.attributes
                0x000000af       0x39 ./HAL_OPT3001.o
 .ARM.attributes
                0x000000e8       0x39 ./main.o
 .ARM.attributes
                0x00000121       0x39 ./startup_msp432p401r_gcc.o
 .ARM.attributes
                0x0000015a       0x39 ./system_msp432p401r.o
 .ARM.attributes
                0x00000193       0x39 ./fonts/fontcm12.o
 .ARM.attributes
                0x000001cc       0x39 ./fonts/fontcm12b.o
 .ARM.attributes
                0x00000205       0x39 ./fonts/fontcm12i.o
 .ARM.attributes
                0x0000023e       0x39 ./fonts/fontcm14.o
 .ARM.attributes
                0x00000277       0x39 ./fonts/fontcm14b.o
 .ARM.attributes
                0x000002b0       0x39 ./fonts/fontcm14i.o
 .ARM.attributes
                0x000002e9       0x39 ./fonts/fontcm16.o
 .ARM.attributes
                0x00000322       0x39 ./fonts/fontcm16b.o
 .ARM.attributes
                0x0000035b       0x39 ./fonts/fontcm16i.o
 .ARM.attributes
                0x00000394       0x39 ./fonts/fontcm18.o
 .ARM.attributes
                0x000003cd       0x39 ./fonts/fontcm18b.o
 .ARM.attributes
                0x00000406       0x39 ./fonts/fontcm18i.o
 .ARM.attributes
                0x0000043f       0x39 ./fonts/fontcm20.o
 .ARM.attributes
                0x00000478       0x39 ./fonts/fontcm20b.o
 .ARM.attributes
                0x000004b1       0x39 ./fonts/fontcm20i.o
 .ARM.attributes
                0x000004ea       0x39 ./fonts/fontcm22.o
 .ARM.attributes
                0x00000523       0x39 ./fonts/fontcm22b.o
 .ARM.attributes
                0x0000055c       0x39 ./fonts/fontcm22i.o
 .ARM.attributes
                0x00000595       0x39 ./fonts/fontcm24.o
 .ARM.attributes
                0x000005ce       0x39 ./fonts/fontcm24b.o
 .ARM.attributes
                0x00000607       0x39 ./fonts/fontcm24i.o
 .ARM.attributes
                0x00000640       0x39 ./fonts/fontcm26.o
 .ARM.attributes
                0x00000679       0x39 ./fonts/fontcm26b.o
 .ARM.attributes
                0x000006b2       0x39 ./fonts/fontcm26i.o
 .ARM.attributes
                0x000006eb       0x39 ./fonts/fontcm28.o
 .ARM.attributes
                0x00000724       0x39 ./fonts/fontcm28b.o
 .ARM.attributes
                0x0000075d       0x39 ./fonts/fontcm28i.o
 .ARM.attributes
                0x00000796       0x39 ./fonts/fontcm30.o
 .ARM.attributes
                0x000007cf       0x39 ./fonts/fontcm30b.o
 .ARM.attributes
                0x00000808       0x39 ./fonts/fontcm30i.o
 .ARM.attributes
                0x00000841       0x39 ./fonts/fontcm32.o
 .ARM.attributes
                0x0000087a       0x39 ./fonts/fontcm32b.o
 .ARM.attributes
                0x000008b3       0x39 ./fonts/fontcm32i.o
 .ARM.attributes
                0x000008ec       0x39 ./fonts/fontcm34.o
 .ARM.attributes
                0x00000925       0x39 ./fonts/fontcm34b.o
 .ARM.attributes
                0x0000095e       0x39 ./fonts/fontcm34i.o
 .ARM.attributes
                0x00000997       0x39 ./fonts/fontcm36.o
 .ARM.attributes
                0x000009d0       0x39 ./fonts/fontcm36b.o
 .ARM.attributes
                0x00000a09       0x39 ./fonts/fontcm36i.o
 .ARM.attributes
                0x00000a42       0x39 ./fonts/fontcm38.o
 .ARM.attributes
                0x00000a7b       0x39 ./fonts/fontcm38b.o
 .ARM.attributes
                0x00000ab4       0x39 ./fonts/fontcm38i.o
 .ARM.attributes
                0x00000aed       0x39 ./fonts/fontcm40.o
 .ARM.attributes
                0x00000b26       0x39 ./fonts/fontcm40b.o
 .ARM.attributes
                0x00000b5f       0x39 ./fonts/fontcm40i.o
 .ARM.attributes
                0x00000b98       0x39 ./fonts/fontcm42.o
 .ARM.attributes
                0x00000bd1       0x39 ./fonts/fontcm42b.o
 .ARM.attributes
                0x00000c0a       0x39 ./fonts/fontcm42i.o
 .ARM.attributes
                0x00000c43       0x39 ./fonts/fontcm44.o
 .ARM.attributes
                0x00000c7c       0x39 ./fonts/fontcm44b.o
 .ARM.attributes
                0x00000cb5       0x39 ./fonts/fontcm44i.o
 .ARM.attributes
                0x00000cee       0x39 ./fonts/fontcm46.o
 .ARM.attributes
                0x00000d27       0x39 ./fonts/fontcm46b.o
 .ARM.attributes
                0x00000d60       0x39 ./fonts/fontcm46i.o
 .ARM.attributes
                0x00000d99       0x39 ./fonts/fontcm48.o
 .ARM.attributes
                0x00000dd2       0x39 ./fonts/fontcm48b.o
 .ARM.attributes
                0x00000e0b       0x39 ./fonts/fontcm48i.o
 .ARM.attributes
                0x00000e44       0x39 ./fonts/fontcmsc12.o
 .ARM.attributes
                0x00000e7d       0x39 ./fonts/fontcmsc14.o
 .ARM.attributes
                0x00000eb6       0x39 ./fonts/fontcmsc16.o
 .ARM.attributes
                0x00000eef       0x39 ./fonts/fontcmsc18.o
 .ARM.attributes
                0x00000f28       0x39 ./fonts/fontcmsc20.o
 .ARM.attributes
                0x00000f61       0x39 ./fonts/fontcmsc22.o
 .ARM.attributes
                0x00000f9a       0x39 ./fonts/fontcmsc24.o
 .ARM.attributes
                0x00000fd3       0x39 ./fonts/fontcmsc26.o
 .ARM.attributes
                0x0000100c       0x39 ./fonts/fontcmsc28.o
 .ARM.attributes
                0x00001045       0x39 ./fonts/fontcmsc30.o
 .ARM.attributes
                0x0000107e       0x39 ./fonts/fontcmsc32.o
 .ARM.attributes
                0x000010b7       0x39 ./fonts/fontcmsc34.o
 .ARM.attributes
                0x000010f0       0x39 ./fonts/fontcmsc36.o
 .ARM.attributes
                0x00001129       0x39 ./fonts/fontcmsc38.o
 .ARM.attributes
                0x00001162       0x39 ./fonts/fontcmsc40.o
 .ARM.attributes
                0x0000119b       0x39 ./fonts/fontcmsc42.o
 .ARM.attributes
                0x000011d4       0x39 ./fonts/fontcmsc44.o
 .ARM.attributes
                0x0000120d       0x39 ./fonts/fontcmsc46.o
 .ARM.attributes
                0x00001246       0x39 ./fonts/fontcmsc48.o
 .ARM.attributes
                0x0000127f       0x39 ./fonts/fontcmss12.o
 .ARM.attributes
                0x000012b8       0x39 ./fonts/fontcmss12b.o
 .ARM.attributes
                0x000012f1       0x39 ./fonts/fontcmss12i.o
 .ARM.attributes
                0x0000132a       0x39 ./fonts/fontcmss14.o
 .ARM.attributes
                0x00001363       0x39 ./fonts/fontcmss14b.o
 .ARM.attributes
                0x0000139c       0x39 ./fonts/fontcmss14i.o
 .ARM.attributes
                0x000013d5       0x39 ./fonts/fontcmss16.o
 .ARM.attributes
                0x0000140e       0x39 ./fonts/fontcmss16b.o
 .ARM.attributes
                0x00001447       0x39 ./fonts/fontcmss16i.o
 .ARM.attributes
                0x00001480       0x39 ./fonts/fontcmss18.o
 .ARM.attributes
                0x000014b9       0x39 ./fonts/fontcmss18b.o
 .ARM.attributes
                0x000014f2       0x39 ./fonts/fontcmss18i.o
 .ARM.attributes
                0x0000152b       0x39 ./fonts/fontcmss20.o
 .ARM.attributes
                0x00001564       0x39 ./fonts/fontcmss20b.o
 .ARM.attributes
                0x0000159d       0x39 ./fonts/fontcmss20i.o
 .ARM.attributes
                0x000015d6       0x39 ./fonts/fontcmss22.o
 .ARM.attributes
                0x0000160f       0x39 ./fonts/fontcmss22b.o
 .ARM.attributes
                0x00001648       0x39 ./fonts/fontcmss22i.o
 .ARM.attributes
                0x00001681       0x39 ./fonts/fontcmss24.o
 .ARM.attributes
                0x000016ba       0x39 ./fonts/fontcmss24b.o
 .ARM.attributes
                0x000016f3       0x39 ./fonts/fontcmss24i.o
 .ARM.attributes
                0x0000172c       0x39 ./fonts/fontcmss26.o
 .ARM.attributes
                0x00001765       0x39 ./fonts/fontcmss26b.o
 .ARM.attributes
                0x0000179e       0x39 ./fonts/fontcmss26i.o
 .ARM.attributes
                0x000017d7       0x39 ./fonts/fontcmss28.o
 .ARM.attributes
                0x00001810       0x39 ./fonts/fontcmss28b.o
 .ARM.attributes
                0x00001849       0x39 ./fonts/fontcmss28i.o
 .ARM.attributes
                0x00001882       0x39 ./fonts/fontcmss30.o
 .ARM.attributes
                0x000018bb       0x39 ./fonts/fontcmss30b.o
 .ARM.attributes
                0x000018f4       0x39 ./fonts/fontcmss30i.o
 .ARM.attributes
                0x0000192d       0x39 ./fonts/fontcmss32.o
 .ARM.attributes
                0x00001966       0x39 ./fonts/fontcmss32b.o
 .ARM.attributes
                0x0000199f       0x39 ./fonts/fontcmss32i.o
 .ARM.attributes
                0x000019d8       0x39 ./fonts/fontcmss34.o
 .ARM.attributes
                0x00001a11       0x39 ./fonts/fontcmss34b.o
 .ARM.attributes
                0x00001a4a       0x39 ./fonts/fontcmss34i.o
 .ARM.attributes
                0x00001a83       0x39 ./fonts/fontcmss36.o
 .ARM.attributes
                0x00001abc       0x39 ./fonts/fontcmss36b.o
 .ARM.attributes
                0x00001af5       0x39 ./fonts/fontcmss36i.o
 .ARM.attributes
                0x00001b2e       0x39 ./fonts/fontcmss38.o
 .ARM.attributes
                0x00001b67       0x39 ./fonts/fontcmss38b.o
 .ARM.attributes
                0x00001ba0       0x39 ./fonts/fontcmss38i.o
 .ARM.attributes
                0x00001bd9       0x39 ./fonts/fontcmss40.o
 .ARM.attributes
                0x00001c12       0x39 ./fonts/fontcmss40b.o
 .ARM.attributes
                0x00001c4b       0x39 ./fonts/fontcmss40i.o
 .ARM.attributes
                0x00001c84       0x39 ./fonts/fontcmss42.o
 .ARM.attributes
                0x00001cbd       0x39 ./fonts/fontcmss42b.o
 .ARM.attributes
                0x00001cf6       0x39 ./fonts/fontcmss42i.o
 .ARM.attributes
                0x00001d2f       0x39 ./fonts/fontcmss44.o
 .ARM.attributes
                0x00001d68       0x39 ./fonts/fontcmss44b.o
 .ARM.attributes
                0x00001da1       0x39 ./fonts/fontcmss44i.o
 .ARM.attributes
                0x00001dda       0x39 ./fonts/fontcmss46.o
 .ARM.attributes
                0x00001e13       0x39 ./fonts/fontcmss46b.o
 .ARM.attributes
                0x00001e4c       0x39 ./fonts/fontcmss46i.o
 .ARM.attributes
                0x00001e85       0x39 ./fonts/fontcmss48.o
 .ARM.attributes
                0x00001ebe       0x39 ./fonts/fontcmss48b.o
 .ARM.attributes
                0x00001ef7       0x39 ./fonts/fontcmss48i.o
 .ARM.attributes
                0x00001f30       0x39 ./fonts/fontcmtt12.o
 .ARM.attributes
                0x00001f69       0x39 ./fonts/fontcmtt14.o
 .ARM.attributes
                0x00001fa2       0x39 ./fonts/fontcmtt16.o
 .ARM.attributes
                0x00001fdb       0x39 ./fonts/fontcmtt18.o
 .ARM.attributes
                0x00002014       0x39 ./fonts/fontcmtt20.o
 .ARM.attributes
                0x0000204d       0x39 ./fonts/fontcmtt22.o
 .ARM.attributes
                0x00002086       0x39 ./fonts/fontcmtt24.o
 .ARM.attributes
                0x000020bf       0x39 ./fonts/fontcmtt26.o
 .ARM.attributes
                0x000020f8       0x39 ./fonts/fontcmtt28.o
 .ARM.attributes
                0x00002131       0x39 ./fonts/fontcmtt30.o
 .ARM.attributes
                0x0000216a       0x39 ./fonts/fontcmtt32.o
 .ARM.attributes
                0x000021a3       0x39 ./fonts/fontcmtt34.o
 .ARM.attributes
                0x000021dc       0x39 ./fonts/fontcmtt36.o
 .ARM.attributes
                0x00002215       0x39 ./fonts/fontcmtt38.o
 .ARM.attributes
                0x0000224e       0x39 ./fonts/fontcmtt40.o
 .ARM.attributes
                0x00002287       0x39 ./fonts/fontcmtt42.o
 .ARM.attributes
                0x000022c0       0x39 ./fonts/fontcmtt44.o
 .ARM.attributes
                0x000022f9       0x39 ./fonts/fontcmtt46.o
 .ARM.attributes
                0x00002332       0x39 ./fonts/fontcmtt48.o
 .ARM.attributes
                0x0000236b       0x39 ./fonts/fontfixed6x8.o
 .ARM.attributes
                0x000023a4       0x39 C:/ti/simplelink_msp432_sdk_1_40_01_00/source/ti/devices/msp432p4xx/driverlib/gcc\msp432p4xx_driverlib.a(gpio.obj)
 .ARM.attributes
                0x000023dd       0x39 C:/ti/simplelink_msp432_sdk_1_40_01_00/source/ti/devices/msp432p4xx/driverlib/gcc\msp432p4xx_driverlib.a(i2c.obj)
 .ARM.attributes
                0x00002416       0x39 C:/ti/simplelink_msp432_sdk_1_40_01_00/source/ti/devices/msp432p4xx/driverlib/gcc\msp432p4xx_driverlib.a(interrupt.obj)
 .ARM.attributes
                0x0000244f       0x39 C:/ti/simplelink_msp432_sdk_1_40_01_00/source/ti/devices/msp432p4xx/driverlib/gcc\msp432p4xx_driverlib.a(cpu.obj)
 .ARM.attributes
                0x00002488       0x22 c:/ti/ccsv7/tools/compiler/gcc-arm-none-eabi-6-2017-q1-update/bin/../lib/gcc/arm-none-eabi/6.3.1/thumb/v7e-m/fpv4-sp/hard\libgcc.a(_arm_addsubdf3.o)
 .ARM.attributes
                0x000024aa       0x22 c:/ti/ccsv7/tools/compiler/gcc-arm-none-eabi-6-2017-q1-update/bin/../lib/gcc/arm-none-eabi/6.3.1/thumb/v7e-m/fpv4-sp/hard\libgcc.a(_arm_muldivdf3.o)
 .ARM.attributes
                0x000024cc       0x22 c:/ti/ccsv7/tools/compiler/gcc-arm-none-eabi-6-2017-q1-update/bin/../lib/gcc/arm-none-eabi/6.3.1/thumb/v7e-m/fpv4-sp/hard\libgcc.a(_arm_fixunsdfsi.o)
 .ARM.attributes
                0x000024ee       0x34 c:/ti/ccsv7/tools/compiler/gcc-arm-none-eabi-6-2017-q1-update/bin/../lib/gcc/arm-none-eabi/6.3.1/thumb/v7e-m/fpv4-sp/hard\libgcc.a(unwind-arm.o)
 .ARM.attributes
                0x00002522       0x22 c:/ti/ccsv7/tools/compiler/gcc-arm-none-eabi-6-2017-q1-update/bin/../lib/gcc/arm-none-eabi/6.3.1/thumb/v7e-m/fpv4-sp/hard\libgcc.a(libunwind.o)
 .ARM.attributes
                0x00002544       0x34 c:/ti/ccsv7/tools/compiler/gcc-arm-none-eabi-6-2017-q1-update/bin/../lib/gcc/arm-none-eabi/6.3.1/thumb/v7e-m/fpv4-sp/hard\libgcc.a(pr-support.o)
 .ARM.attributes
                0x00002578       0x34 C:/ti/ccsv7/tools/compiler/gcc-arm-none-eabi-6-2017-q1-update/arm-none-eabi/lib/thumb/v7e-m/fpv4-sp/hard\libc_nano.a(lib_a-abort.o)
 .ARM.attributes
                0x000025ac       0x34 C:/ti/ccsv7/tools/compiler/gcc-arm-none-eabi-6-2017-q1-update/arm-none-eabi/lib/thumb/v7e-m/fpv4-sp/hard\libc_nano.a(lib_a-exit.o)
 .ARM.attributes
                0x000025e0       0x34 C:/ti/ccsv7/tools/compiler/gcc-arm-none-eabi-6-2017-q1-update/arm-none-eabi/lib/thumb/v7e-m/fpv4-sp/hard\libc_nano.a(lib_a-impure.o)
 .ARM.attributes
                0x00002614       0x34 C:/ti/ccsv7/tools/compiler/gcc-arm-none-eabi-6-2017-q1-update/arm-none-eabi/lib/thumb/v7e-m/fpv4-sp/hard\libc_nano.a(lib_a-init.o)
 .ARM.attributes
                0x00002648       0x34 C:/ti/ccsv7/tools/compiler/gcc-arm-none-eabi-6-2017-q1-update/arm-none-eabi/lib/thumb/v7e-m/fpv4-sp/hard\libc_nano.a(lib_a-memcpy-stub.o)
 .ARM.attributes
                0x0000267c       0x34 C:/ti/ccsv7/tools/compiler/gcc-arm-none-eabi-6-2017-q1-update/arm-none-eabi/lib/thumb/v7e-m/fpv4-sp/hard\libc_nano.a(lib_a-memset.o)
 .ARM.attributes
                0x000026b0       0x34 C:/ti/ccsv7/tools/compiler/gcc-arm-none-eabi-6-2017-q1-update/arm-none-eabi/lib/thumb/v7e-m/fpv4-sp/hard\libc_nano.a(lib_a-signal.o)
 .ARM.attributes
                0x000026e4       0x34 C:/ti/ccsv7/tools/compiler/gcc-arm-none-eabi-6-2017-q1-update/arm-none-eabi/lib/thumb/v7e-m/fpv4-sp/hard\libc_nano.a(lib_a-signalr.o)
 .ARM.attributes
                0x00002718       0x34 C:/ti/ccsv7/tools/compiler/gcc-arm-none-eabi-6-2017-q1-update/arm-none-eabi/lib/thumb/v7e-m/fpv4-sp/hard\libc_nano.a(lib_a-nano-mallocr.o)
 .ARM.attributes
                0x0000274c       0x34 C:/ti/ccsv7/tools/compiler/gcc-arm-none-eabi-6-2017-q1-update/arm-none-eabi/lib/thumb/v7e-m/fpv4-sp/hard\libc_nano.a(lib_a-reent.o)
 .ARM.attributes
                0x00002780       0x34 C:/ti/ccsv7/tools/compiler/gcc-arm-none-eabi-6-2017-q1-update/arm-none-eabi/lib/thumb/v7e-m/fpv4-sp/hard\libc_nano.a(lib_a-sbrkr.o)
 .ARM.attributes
                0x000027b4       0x34 C:/ti/ccsv7/tools/compiler/gcc-arm-none-eabi-6-2017-q1-update/arm-none-eabi/lib/thumb/v7e-m/fpv4-sp/hard\libc_nano.a(lib_a-mlock.o)
 .ARM.attributes
                0x000027e8       0x34 C:/ti/ccsv7/tools/compiler/gcc-arm-none-eabi-6-2017-q1-update/arm-none-eabi/lib/thumb/v7e-m/fpv4-sp/hard\libc_nano.a(lib_a-nano-freer.o)
 .ARM.attributes