******************************************************************************
                  TI ARM Linker PC v16.9.3                     
******************************************************************************
>> Linked Wed Nov 01 20:02:24 2017

OUTPUT FILE NAME:   <Lab_02.out>
ENTRY POINT SYMBOL: "_c_int00"  address: 0000221d


MEMORY CONFIGURATION

         name            origin    length      used     unused   attr    fill
----------------------  --------  ---------  --------  --------  ----  --------
  MAIN                  00000000   00040000  00002bed  0003d413  R  X
  INFO                  00200000   00004000  00000000  00004000  R  X
  SRAM_CODE             01000000   00010000  000008de  0000f722  RW X
  SRAM_DATA             20000000   00010000  000008de  0000f722  RW  


SEGMENT ALLOCATION MAP

run origin  load origin   length   init length attrs members
----------  ----------- ---------- ----------- ----- -------
00000000    00000000    00002bf0   00002bf0    r-x
  00000000    00000000    000000e4   000000e4    r-- .intvecs
  000000e4    000000e4    0000243c   0000243c    r-x .text
  00002520    00002520    00000681   00000681    r-- .const
  00002ba4    00002ba4    00000004   00000004    r-- .init_array
  00002ba8    00002ba8    00000048   00000048    r-- .cinit
20000000    20000000    000006e4   00000000    rw-
  20000000    20000000    00000400   00000000    rw- .sysmem
  20000400    20000400    0000029a   00000000    rw- .bss
  200006a0    200006a0    00000044   00000000    rw- .data
2000fe00    2000fe00    00000200   00000000    rw-
  2000fe00    2000fe00    00000200   00000000    rw- .stack


SECTION ALLOCATION MAP

 output                                  attributes/
section   page    origin      length       input sections
--------  ----  ----------  ----------   ----------------
.intvecs   0    00000000    000000e4     
                  00000000    000000e4     startup_msp432p401r_ccs.obj (.intvecs:retain)

.binit     0    00000000    00000000     

.text      0    000000e4    0000243c     
                  000000e4    00000680     Crystalfontz128x128_ST7735.obj (.text)
                  00000764    0000047e     Scheduler.obj (.text)
                  00000be2    00000002     rtsv7M4_T_le_v4SPD16_eabi.lib : mpu_init.obj (.text)
                  00000be4    000003f4     main.obj (.text)
                  00000fd8    000003d0     rtsv7M4_T_le_v4SPD16_eabi.lib : memory.obj (.text)
                  000013a8    0000032c     system_msp432p401r.obj (.text)
                  000016d4    000001b6     rtsv7M4_T_le_v4SPD16_eabi.lib : fd_add_t2.obj (.text)
                  0000188a    00000002                                   : startup.obj (.text)
                  0000188c    00000154     msp432p4xx_driverlib.lib : adc14.obj (.text:_getIndexForMemRegister)
                  000019e0    00000120     Caldif.obj (.text)
                  00001b00    000000fc     rtsv7M4_T_le_v4SPD16_eabi.lib : fd_mul_t2.obj (.text)
                  00001bfc    000000cc     HAL_MSP_EXP432P401R_Crystalfontz128x128_ST7735.obj (.text)
                  00001cc8    000000bc     rtsv7M4_T_le_v4SPD16_eabi.lib : typeinfo_.obj (.text)
                  00001d84    000000b8     Paint.obj (.text)
                  00001e3c    0000009c     rtsv7M4_T_le_v4SPD16_eabi.lib : memcpy_t2.obj (.text)
                  00001ed8    00000094     Task.obj (.text)
                  00001f6c    00000084     grlib.lib : rectangle.o (.text:Graphics_fillRectangle)
                  00001ff0    0000007c     msp432p4xx_driverlib.lib : spi.obj (.text:SPI_initMaster)
                  0000206c    0000007a     rtsv7M4_T_le_v4SPD16_eabi.lib : memset_t2.obj (.text)
                  000020e6    00000002     --HOLE-- [fill = 0]
                  000020e8    00000070                                   : autoinit.obj (.text)
                  00002158    00000068                                   : copy_decompress_lzss.obj (.text:decompress:lzss)
                  000021c0    0000005c                                   : fd_toull_t2.obj (.text)
                  0000221c    00000054                                   : boot.obj (.text)
                  00002270    00000054                                   : exit.obj (.text)
                  000022c4    0000004c     msp432p4xx_driverlib.lib : gpio.obj (.text:GPIO_setAsPeripheralModuleFunctionOutputPin)
                  00002310    0000004c     rtsv7M4_T_le_v4SPD16_eabi.lib : cpy_tbl.obj (.text)
                  0000235c    00000030     msp432p4xx_driverlib.lib : spi.obj (.text:is_A_Module)
                  0000238c    0000002c     rtsv7M4_T_le_v4SPD16_eabi.lib : ull_tofd_t2.obj (.text)
                  000023b8    00000024     msp432p4xx_driverlib.lib : gpio.obj (.text:GPIO_setAsOutputPin)
                  000023dc    00000022     grlib.lib : context.o (.text:Graphics_initContext)
                  000023fe    0000001a     msp432p4xx_driverlib.lib : spi.obj (.text:SPI_enableModule)
                  00002418    00000018                              : adc14.obj (.text:ADC14_getResult)
                  00002430    00000018                              : gpio.obj (.text:GPIO_setOutputLowOnPin)
                  00002448    00000018     rtsv7M4_T_le_v4SPD16_eabi.lib : args_main.obj (.text)
                  00002460    00000014     msp432p4xx_driverlib.lib : gpio.obj (.text:GPIO_setOutputHighOnPin)
                  00002474    00000014     rtsv7M4_T_le_v4SPD16_eabi.lib : _lock.obj (.text)
                  00002488    0000000e     grlib.lib : context.o (.text:Graphics_setBackgroundColor)
                  00002496    0000000e               : context.o (.text:Graphics_setForegroundColor)
                  000024a4    0000000e     rtsv7M4_T_le_v4SPD16_eabi.lib : copy_decompress_none.obj (.text:decompress:none)
                  000024b2    0000000e     startup_msp432p401r_ccs.obj (.text)
                  000024c0    0000000c     msp432p4xx_driverlib.lib : spi.obj (.text:EUSCI_A_SPI_enable)
                  000024cc    0000000c                              : spi.obj (.text:EUSCI_B_SPI_enable)
                  000024d8    0000000c     Task.obj (.text:_ZN4Task3runEv)
                  000024e4    0000000c     Task.obj (.text:_ZN4Task5setupEv)
                  000024f0    0000000c     rtsv7M4_T_le_v4SPD16_eabi.lib : copy_zero_init.obj (.text:decompress:ZI)
                  000024fc    0000000a     grlib.lib : display.o (.text:Graphics_fillRectangleOnDisplay)
                  00002506    0000000a               : display.o (.text:Graphics_translateColorOnDisplay)
                  00002510    00000008     rtsv7M4_T_le_v4SPD16_eabi.lib : delete.obj (.text)
                  00002518    00000004     grlib.lib : context.o (.text:Graphics_setFont)
                  0000251c    00000004     rtsv7M4_T_le_v4SPD16_eabi.lib : pre_init.obj (.text)

.const     0    00002520    00000681     
                  00002520    000002f8     fontfixed6x8.obj (.const:.string:g_pucFontFixed6x8Data)
                  00002818    000000c8     fontfixed6x8.obj (.const:g_sFontFixed6x8)
                  000028e0    00000080     msp432p4xx_driverlib.lib : adc14.obj (.const:_ctlRegs)
                  00002960    00000030                              : gpio.obj (.const:GPIO_PORT_TO_BASE)
                  00002990    00000028     rtsv7M4_T_le_v4SPD16_eabi.lib : typeinfo_.obj (.const:.typeinfo:_ZTSN10__cxxabiv123__fundamental_type_infoE)
                  000029b8    00000025                                   : typeinfo_.obj (.const:.typeinfo:_ZTSN10__cxxabiv120__si_class_type_infoE)
                  000029dd    00000024                                   : typeinfo_.obj (.const:.typeinfo:_ZTSN10__cxxabiv119__pointer_type_infoE)
                  00002a01    00000022                                   : typeinfo_.obj (.const:.typeinfo:_ZTSN10__cxxabiv117__class_type_infoE)
                  00002a23    00000022                                   : typeinfo_.obj (.const:.typeinfo:_ZTSN10__cxxabiv117__pbase_type_infoE)
                  00002a45    00000002                                   : typeinfo_.obj (.const:.typeinfo:_ZTSe)
                  00002a47    00000001     --HOLE-- [fill = 0]
                  00002a48    00000020     Crystalfontz128x128_ST7735.obj (.const:g_sCrystalfontz128x128_funcs)
                  00002a68    0000001c     HAL_MSP_EXP432P401R_Crystalfontz128x128_ST7735.obj (.const:$P$T40$1)
                  00002a84    00000010     rtsv7M4_T_le_v4SPD16_eabi.lib : typeinfo_.obj (.const:.typeinfo:_ZTIPKe)
                  00002a94    00000010     Task.obj (.const:_ZTV4Task)
                  00002aa4    00000010     Paint.obj (.const:_ZTV5Paint)
                  00002ab4    00000010     Caldif.obj (.const:_ZTV6Caldif)
                  00002ac4    00000010     rtsv7M4_T_le_v4SPD16_eabi.lib : typeinfo_.obj (.const:_ZTVN10__cxxabiv117__class_type_infoE)
                  00002ad4    00000010                                   : typeinfo_.obj (.const:_ZTVN10__cxxabiv119__pointer_type_infoE)
                  00002ae4    00000010                                   : typeinfo_.obj (.const:_ZTVN10__cxxabiv120__si_class_type_infoE)
                  00002af4    00000010                                   : typeinfo_.obj (.const:_ZTVN10__cxxabiv123__fundamental_type_infoE)
                  00002b04    0000000d                                   : typeinfo_.obj (.const:.typeinfo:_ZTSSt9type_info)
                  00002b11    00000003     --HOLE-- [fill = 0]
                  00002b14    0000000c     Paint.obj (.const:.typeinfo:_ZTI5Paint)
                  00002b20    0000000c     Caldif.obj (.const:.typeinfo:_ZTI6Caldif)
                  00002b2c    0000000c     rtsv7M4_T_le_v4SPD16_eabi.lib : typeinfo_.obj (.const:.typeinfo:_ZTIN10__cxxabiv117__class_type_infoE)
                  00002b38    0000000c                                   : typeinfo_.obj (.const:.typeinfo:_ZTIN10__cxxabiv117__pbase_type_infoE)
                  00002b44    0000000c                                   : typeinfo_.obj (.const:.typeinfo:_ZTIN10__cxxabiv119__pointer_type_infoE)
                  00002b50    0000000c                                   : typeinfo_.obj (.const:.typeinfo:_ZTIN10__cxxabiv120__si_class_type_infoE)
                  00002b5c    0000000c                                   : typeinfo_.obj (.const:.typeinfo:_ZTIN10__cxxabiv123__fundamental_type_infoE)
                  00002b68    00000008     Crystalfontz128x128_ST7735.obj (.const:$P$T40$1)
                  00002b70    00000008     Caldif.obj (.const:.typeinfo:_ZTI4Task)
                  00002b78    00000008     rtsv7M4_T_le_v4SPD16_eabi.lib : typeinfo_.obj (.const:.typeinfo:_ZTISt9type_info)
                  00002b80    00000008                                   : typeinfo_.obj (.const:.typeinfo:_ZTIe)
                  00002b88    00000008     Caldif.obj (.const:.typeinfo:_ZTS6Caldif)
                  00002b90    00000007     Paint.obj (.const:.typeinfo:_ZTS5Paint)
                  00002b97    00000006     Caldif.obj (.const:.typeinfo:_ZTS4Task)
                  00002b9d    00000004     rtsv7M4_T_le_v4SPD16_eabi.lib : typeinfo_.obj (.const:.typeinfo:_ZTSPKe)

.init_array 
*          0    00002ba4    00000004     
                  00002ba4    00000004     main.obj (.init_array)

.cinit     0    00002ba8    00000048     
                  00002ba8    00000024     (.cinit..data.load) [load image, compression = lzss]
                  00002bcc    0000000c     (__TI_handler_table)
                  00002bd8    00000008     (.cinit..bss.load) [load image, compression = zero_init]
                  00002be0    00000010     (__TI_cinit_table)

.sysmem    0    20000000    00000400     UNINITIALIZED
                  20000000    00000008     rtsv7M4_T_le_v4SPD16_eabi.lib : memory.obj (.sysmem)
                  20000008    000003f8     --HOLE--

.bss       0    20000400    0000029a     UNINITIALIZED
                  20000400    00000250     main.obj (.bss:g_MainScheduler)
                  20000650    0000001c     (.common:g_sContext)
                  2000066c    00000004     (.common:_ZSt16__dummy_typeinfo)
                  20000670    00000018     (.common:resultsBuffer)
                  20000688    00000008     (.common:g_rect)
                  20000690    00000002     (.common:Lcd_ScreenHeigth)
                  20000692    00000002     (.common:Lcd_ScreenWidth)
                  20000694    00000002     (.common:Lcd_TouchTrim)
                  20000696    00000001     (.common:Lcd_FlagRead)
                  20000697    00000001     (.common:Lcd_FontSolid)
                  20000698    00000001     (.common:Lcd_Orientation)
                  20000699    00000001     (.common:Lcd_PenSolid)

.data      0    200006a0    00000044     UNINITIALIZED
                  200006a0    00000010     Crystalfontz128x128_ST7735.obj (.data:g_sCrystalfontz128x128)
                  200006b0    0000000c     rtsv7M4_T_le_v4SPD16_eabi.lib : exit.obj (.data:$O1$$)
                  200006bc    0000000c                                   : memory.obj (.data:$O1$$)
                  200006c8    00000009     main.obj (.data)
                  200006d1    00000003     --HOLE--
                  200006d4    00000008     rtsv7M4_T_le_v4SPD16_eabi.lib : _lock.obj (.data:$O1$$)
                  200006dc    00000004                                   : stkdepth_vars.obj (.data)
                  200006e0    00000004     system_msp432p401r.obj (.data)

.stack     0    2000fe00    00000200     UNINITIALIZED
                  2000fe00    00000200     --HOLE--

MODULE SUMMARY

       Module                                               code   ro data   rw data
       ------                                               ----   -------   -------
    .\
       main.obj                                             1012   4         1322   
       Scheduler.obj                                        1150   0         0      
       system_msp432p401r.obj                               812    0         8      
       Caldif.obj                                           288    50        0      
       startup_msp432p401r_ccs.obj                          14     228       0      
       Paint.obj                                            184    35        0      
       Task.obj                                             172    16        0      
    +--+----------------------------------------------------+------+---------+---------+
       Total:                                               3632   333       1330   
                                                                                    
    .\LcdDriver\
       Crystalfontz128x128_ST7735.obj                       1664   40        52     
       HAL_MSP_EXP432P401R_Crystalfontz128x128_ST7735.obj   204    28        0      
    +--+----------------------------------------------------+------+---------+---------+
       Total:                                               1868   68        52     
                                                                                    
    .\fonts\
       fontfixed6x8.obj                                     0      960       0      
    +--+----------------------------------------------------+------+---------+---------+
       Total:                                               0      960       0      
                                                                                    
    C:/ti/simplelink_msp432_sdk_1_40_01_00/source/ti/devices/msp432p4xx/driverlib/ccs/msp432p4xx_driverlib.lib
       adc14.obj                                            364    128       0      
       spi.obj                                              222    0         0      
       gpio.obj                                             156    48        0      
    +--+----------------------------------------------------+------+---------+---------+
       Total:                                               742    176       0      
                                                                                    
    C:/ti/simplelink_msp432_sdk_1_40_01_00/source/ti/grlib/ccs/grlib.lib
       rectangle.o                                          132    0         0      
       context.o                                            66     0         0      
       display.o                                            20     0         0      
    +--+----------------------------------------------------+------+---------+---------+
       Total:                                               218    0         0      
                                                                                    
    C:\ti\ccsv7\tools\compiler\ti-cgt-arm_16.9.3.LTS\lib\rtsv7M4_T_le_v4SPD16_eabi.lib
       memory.obj                                           976    0         24     
       typeinfo_.obj                                        188    356       8      
       fd_add_t2.obj                                        438    0         0      
       fd_mul_t2.obj                                        252    0         0      
       memcpy_t2.obj                                        156    0         0      
       memset_t2.obj                                        122    0         0      
       autoinit.obj                                         112    0         0      
       exit.obj                                             84     0         24     
       copy_decompress_lzss.obj                             104    0         0      
       fd_toull_t2.obj                                      92     0         0      
       boot.obj                                             84     0         0      
       cpy_tbl.obj                                          76     0         0      
       ull_tofd_t2.obj                                      44     0         0      
       _lock.obj                                            20     0         16     
       args_main.obj                                        24     0         0      
       copy_decompress_none.obj                             14     0         0      
       copy_zero_init.obj                                   12     0         0      
       delete.obj                                           8      0         0      
       stkdepth_vars.obj                                    0      0         8      
       pre_init.obj                                         4      0         0      
       mpu_init.obj                                         2      0         0      
       startup.obj                                          2      0         0      
    +--+----------------------------------------------------+------+---------+---------+
       Total:                                               2814   356       80     
                                                                                    
       Heap:                                                0      0         2048   
       Stack:                                               0      0         1024   
       Linker Generated:                                    0      72        0      
    +--+----------------------------------------------------+------+---------+---------+
       Grand Total:                                         9274   1965      4534   


LINKER GENERATED COPY TABLES

__TI_cinit_table @ 00002be0 records: 2, size/record: 8, table size: 16
	.data: load addr=00002ba8, load size=00000024 bytes, run addr=200006a0, run size=00000044 bytes, compression=lzss
	.bss: load addr=00002bd8, load size=00000008 bytes, run addr=20000400, run size=0000029a bytes, compression=zero_init


LINKER GENERATED HANDLER TABLE

__TI_handler_table @ 00002bcc records: 3, size/record: 4, table size: 12
	index: 0, handler: __TI_decompress_lzss
	index: 1, handler: __TI_decompress_none
	index: 2, handler: __TI_zero_init


GLOBAL SYMBOLS: SORTED ALPHABETICALLY BY Name 

address   name                                              
-------   ----                                              
00000eed  ADC14_IRQHandler                                  
00000eed  ADC14_IRQHandler                                  
00002419  ADC14_getResult                                   
000024bf  AES256_IRQHandler                                 
000024bf  BusFault_Handler                                  
00002271  C$$EXIT                                           
000024bf  COMP_E0_IRQHandler                                
000024bf  COMP_E1_IRQHandler                                
000024bf  CS_IRQHandler                                     
000024bf  DMA_ERR_IRQHandler                                
000024bf  DMA_INT0_IRQHandler                               
000024bf  DMA_INT1_IRQHandler                               
000024bf  DMA_INT2_IRQHandler                               
000024bf  DMA_INT3_IRQHandler                               
000024bf  DebugMon_Handler                                  
000024bf  Default_Handler                                   
000024bf  EUSCIA0_IRQHandler                                
000024bf  EUSCIA1_IRQHandler                                
000024bf  EUSCIA2_IRQHandler                                
000024bf  EUSCIA3_IRQHandler                                
000024bf  EUSCIB0_IRQHandler                                
000024bf  EUSCIB1_IRQHandler                                
000024bf  EUSCIB2_IRQHandler                                
000024bf  EUSCIB3_IRQHandler                                
000024c1  EUSCI_A_SPI_enable                                
000024cd  EUSCI_B_SPI_enable                                
000024bf  FLCTL_IRQHandler                                  
000024bf  FPU_IRQHandler                                    
000023b9  GPIO_setAsOutputPin                               
000022c5  GPIO_setAsPeripheralModuleFunctionOutputPin       
00002461  GPIO_setOutputHighOnPin                           
00002431  GPIO_setOutputLowOnPin                            
00001f6d  Graphics_fillRectangle                            
000024fd  Graphics_fillRectangleOnDisplay                   
000023dd  Graphics_initContext                              
00002489  Graphics_setBackgroundColor                       
00002519  Graphics_setFont                                  
00002497  Graphics_setForegroundColor                       
00002507  Graphics_translateColorOnDisplay                  
000024bf  HardFault_Handler                                 
20000696  Lcd_FlagRead                                      
20000697  Lcd_FontSolid                                     
20000698  Lcd_Orientation                                   
20000699  Lcd_PenSolid                                      
20000690  Lcd_ScreenHeigth                                  
20000692  Lcd_ScreenWidth                                   
20000694  Lcd_TouchTrim                                     
000024bf  MemManage_Handler                                 
000024bf  NMI_Handler                                       
000024bf  PCM_IRQHandler                                    
000024bf  PORT1_IRQHandler                                  
000024bf  PORT2_IRQHandler                                  
000024bf  PORT3_IRQHandler                                  
000024bf  PORT4_IRQHandler                                  
000024bf  PORT5_IRQHandler                                  
000024bf  PORT6_IRQHandler                                  
000024bf  PSS_IRQHandler                                    
000024bf  PendSV_Handler                                    
000024bf  RTC_C_IRQHandler                                  
000024b3  Reset_Handler                                     
00002ba4  SHT$$INIT_ARRAY$$Base                             
00002ba8  SHT$$INIT_ARRAY$$Limit                            
000023ff  SPI_enableModule                                  
00001ff1  SPI_initMaster                                    
000024bf  SVC_Handler                                       
000024bf  SysTick_Handler                                   
200006e0  SystemCoreClock                                   
000013a9  SystemCoreClockUpdate                             
0000161d  SystemInit                                        
00000ec5  T32_INT1_IRQHandler                               
00000ec5  T32_INT1_IRQHandler                               
000024bf  T32_INT2_IRQHandler                               
000024bf  T32_INTC_IRQHandler                               
000024bf  TA0_0_IRQHandler                                  
000024bf  TA0_N_IRQHandler                                  
000024bf  TA1_0_IRQHandler                                  
000024bf  TA1_N_IRQHandler                                  
000024bf  TA2_0_IRQHandler                                  
000024bf  TA2_N_IRQHandler                                  
000024bf  TA3_0_IRQHandler                                  
000024bf  TA3_N_IRQHandler                                  
000024bf  UsageFault_Handler                                
4000480c  WDTCTL_SYM                                        
000024bf  WDT_A_IRQHandler                                  
00001c2d  _Z15HAL_LCD_SpiInitv                              
00001bfd  _Z16HAL_LCD_PortInitv                             
00001c93  _Z17HAL_LCD_writeDatah                            
00001c63  _Z20HAL_LCD_writeCommandh                         
000000e5  _Z24Crystalfontz128x128_Initv                     
000001f9  _Z32Crystalfontz128x128_SetDrawFrametttt          
00000327  _Z34Crystalfontz128x128_SetOrientationh           
00000e91  _Z5Setupv                                         
00001d75  _ZN10__cxxabiv116__enum_type_infoD0Ev             
00001d73  _ZN10__cxxabiv116__enum_type_infoD1Ev             
00001d73  _ZN10__cxxabiv116__enum_type_infoD2Ev             
00001d6b  _ZN10__cxxabiv117__array_type_infoD0Ev            
00001d69  _ZN10__cxxabiv117__array_type_infoD1Ev            
00001d69  _ZN10__cxxabiv117__array_type_infoD2Ev            
00001d61  _ZN10__cxxabiv117__class_type_infoD0Ev            
00001d5f  _ZN10__cxxabiv117__class_type_infoD1Ev            
00001d5f  _ZN10__cxxabiv117__class_type_infoD2Ev            
00001d57  _ZN10__cxxabiv117__pbase_type_infoD0Ev            
00001d55  _ZN10__cxxabiv117__pbase_type_infoD1Ev            
00001d55  _ZN10__cxxabiv117__pbase_type_infoD2Ev            
00001d4d  _ZN10__cxxabiv119__pointer_type_infoD0Ev          
00001d4b  _ZN10__cxxabiv119__pointer_type_infoD1Ev          
00001d4b  _ZN10__cxxabiv119__pointer_type_infoD2Ev          
00001d43  _ZN10__cxxabiv120__function_type_infoD0Ev         
00001d41  _ZN10__cxxabiv120__function_type_infoD1Ev         
00001d41  _ZN10__cxxabiv120__function_type_infoD2Ev         
00001d39  _ZN10__cxxabiv120__si_class_type_infoD0Ev         
00001d37  _ZN10__cxxabiv120__si_class_type_infoD1Ev         
00001d37  _ZN10__cxxabiv120__si_class_type_infoD2Ev         
00001d2f  _ZN10__cxxabiv121__vmi_class_type_infoD0Ev        
00001d2d  _ZN10__cxxabiv121__vmi_class_type_infoD1Ev        
00001d2d  _ZN10__cxxabiv121__vmi_class_type_infoD2Ev        
00001d25  _ZN10__cxxabiv123__fundamental_type_infoD0Ev      
00001d23  _ZN10__cxxabiv123__fundamental_type_infoD1Ev      
00001d23  _ZN10__cxxabiv123__fundamental_type_infoD2Ev      
00001d1b  _ZN10__cxxabiv129__pointer_to_member_type_infoD0Ev
00001d19  _ZN10__cxxabiv129__pointer_to_member_type_infoD1Ev
00001d19  _ZN10__cxxabiv129__pointer_to_member_type_infoD2Ev
00001f01  _ZN4Task11SendMessageEPyh                         
200006d0  _ZN4Task14m_u8NextTaskIDE                         
000024d9  _ZN4Task3runEv                                    
000024e5  _ZN4Task5setupEv                                  
00001ed9  _ZN4TaskC1Ev                                      
00001ed9  _ZN4TaskC2Ev                                      
00001dc7  _ZN5Paint3runEv                                   
00001e2d  _ZN5Paint5setupEv                                 
00001d85  _ZN5PaintC1E16Graphics_Context18Graphics_Rectangle
00001d85  _ZN5PaintC2E16Graphics_Context18Graphics_Rectangle
00001a01  _ZN6Caldif3runEv                                  
00001ad1  _ZN6Caldif5setupEv                                
000019e1  _ZN6CaldifC1Et                                    
000019e1  _ZN6CaldifC2Et                                    
00000aef  _ZN9Scheduler18AssignMemoryToTaskEh               
00000b1f  _ZN9Scheduler21CalculateNextScheduleEv            
00000b2b  _ZN9Scheduler22SortScheduleByPriorityEP4Task      
00000919  _ZN9Scheduler3runEv                               
00000a9d  _ZN9Scheduler5setupEv                             
00000861  _ZN9Scheduler6attachEhP4Tasky                     
000007df  _ZN9Scheduler8CallTaskEh                          
00000765  _ZN9SchedulerC1Ev                                 
00000765  _ZN9SchedulerC2Ev                                 
00001cdb  _ZNKSt9type_info4nameEv                           
00001d0b  _ZNKSt9type_info6beforeERKS_                      
00001cf5  _ZNKSt9type_infoeqERKS_                           
00001cdf  _ZNKSt9type_infoneERKS_                           
00001cd3  _ZNSt9type_infoD0Ev                               
00001cd1  _ZNSt9type_infoD1Ev                               
00001cd1  _ZNSt9type_infoD2Ev                               
2000066c  _ZSt16__dummy_typeinfo                            
00001cc9  _ZSt21__gen_dummy_typeinfosv                      
00002b70  _ZTI4Task                                         
00002b14  _ZTI5Paint                                        
00002b20  _ZTI6Caldif                                       
00002b2c  _ZTIN10__cxxabiv117__class_type_infoE             
00002b38  _ZTIN10__cxxabiv117__pbase_type_infoE             
00002b44  _ZTIN10__cxxabiv119__pointer_type_infoE           
00002b50  _ZTIN10__cxxabiv120__si_class_type_infoE          
00002b5c  _ZTIN10__cxxabiv123__fundamental_type_infoE       
00002a84  _ZTIPKe                                           
00002b78  _ZTISt9type_info                                  
00002b80  _ZTIe                                             
00002b97  _ZTS4Task                                         
00002b90  _ZTS5Paint                                        
00002b88  _ZTS6Caldif                                       
00002a01  _ZTSN10__cxxabiv117__class_type_infoE             
00002a23  _ZTSN10__cxxabiv117__pbase_type_infoE             
000029dd  _ZTSN10__cxxabiv119__pointer_type_infoE           
000029b8  _ZTSN10__cxxabiv120__si_class_type_infoE          
00002990  _ZTSN10__cxxabiv123__fundamental_type_infoE       
00002b9d  _ZTSPKe                                           
00002b04  _ZTSSt9type_info                                  
00002a45  _ZTSe                                             
00002a94  _ZTV4Task                                         
00002aa4  _ZTV5Paint                                        
00002ab4  _ZTV6Caldif                                       
00002ac4  _ZTVN10__cxxabiv117__class_type_infoE             
00002ad4  _ZTVN10__cxxabiv119__pointer_type_infoE           
00002ae4  _ZTVN10__cxxabiv120__si_class_type_infoE          
00002af4  _ZTVN10__cxxabiv123__fundamental_type_infoE       
00002511  _ZdlPv                                            
20010000  __STACK_END                                       
00000200  __STACK_SIZE                                      
00000400  __SYSMEM_SIZE                                     
00002be0  __TI_CINIT_Base                                   
00002bf0  __TI_CINIT_Limit                                  
00002bcc  __TI_Handler_Table_Base                           
00002bd8  __TI_Handler_Table_Limit                          
000020e9  __TI_auto_init                                    
200006b0  __TI_cleanup_ptr                                  
00002159  __TI_decompress_lzss                              
000024a5  __TI_decompress_none                              
200006b4  __TI_dtors_ptr                                    
200006b8  __TI_enable_exit_profile_output                   
ffffffff  __TI_pprof_out_hndl                               
ffffffff  __TI_prof_data_size                               
ffffffff  __TI_prof_data_start                              
00000000  __TI_static_base__                                
000024f1  __TI_zero_init                                    
000021c1  __aeabi_d2ulz                                     
000016df  __aeabi_dadd                                      
00001b01  __aeabi_dmul                                      
000016d5  __aeabi_dsub                                      
0000206d  __aeabi_memclr                                    
0000206d  __aeabi_memclr4                                   
0000206d  __aeabi_memclr8                                   
00001e3d  __aeabi_memcpy                                    
00001e3d  __aeabi_memcpy4                                   
00001e3d  __aeabi_memcpy8                                   
0000206f  __aeabi_memset                                    
0000206f  __aeabi_memset4                                   
0000206f  __aeabi_memset8                                   
0000238d  __aeabi_ul2d                                      
ffffffff  __binit__                                         
ffffffff  __c_args__                                        
00000be3  __mpu_init                                        
2000fe00  __stack                                           
00000f49  __sti___8_main_cpp_937618a8                       
00002449  _args_main                                        
0000221d  _c_int00                                          
200006d4  _lock                                             
00002483  _nop                                              
0000247b  _register_lock                                    
00002475  _register_unlock                                  
20000000  _sys_memory                                       
0000188b  _system_post_cinit                                
0000251d  _system_pre_init                                  
200006d8  _unlock                                           
00002275  abort                                             
ffffffff  binit                                             
00001379  calloc                                            
00002311  copy_in                                           
0000227d  exit                                              
000010c3  free                                              
20000400  g_MainScheduler                                   
20000688  g_rect                                            
20000650  g_sContext                                        
200006a0  g_sCrystalfontz128x128                            
00002a48  g_sCrystalfontz128x128_funcs                      
00002818  g_sFontFixed6x8                                   
00000000  interruptVectors                                  
00000c4f  main                                              
200006dc  main_func_sp                                      
00001059  malloc                                            
0000128d  memalign                                          
00001e3d  memcpy                                            
00002075  memset                                            
00000fd9  minit                                             
00001185  realloc                                           
20000670  resultsBuffer                                     


GLOBAL SYMBOLS: SORTED BY Symbol Address 

address   name                                              
-------   ----                                              
00000000  __TI_static_base__                                
00000000  interruptVectors                                  
000000e5  _Z24Crystalfontz128x128_Initv                     
000001f9  _Z32Crystalfontz128x128_SetDrawFrametttt          
00000200  __STACK_SIZE                                      
00000327  _Z34Crystalfontz128x128_SetOrientationh           
00000400  __SYSMEM_SIZE                                     
00000765  _ZN9SchedulerC1Ev                                 
00000765  _ZN9SchedulerC2Ev                                 
000007df  _ZN9Scheduler8CallTaskEh                          
00000861  _ZN9Scheduler6attachEhP4Tasky                     
00000919  _ZN9Scheduler3runEv                               
00000a9d  _ZN9Scheduler5setupEv                             
00000aef  _ZN9Scheduler18AssignMemoryToTaskEh               
00000b1f  _ZN9Scheduler21CalculateNextScheduleEv            
00000b2b  _ZN9Scheduler22SortScheduleByPriorityEP4Task      
00000be3  __mpu_init                                        
00000c4f  main                                              
00000e91  _Z5Setupv                                         
00000ec5  T32_INT1_IRQHandler                               
00000ec5  T32_INT1_IRQHandler                               
00000eed  ADC14_IRQHandler                                  
00000eed  ADC14_IRQHandler                                  
00000f49  __sti___8_main_cpp_937618a8                       
00000fd9  minit                                             
00001059  malloc                                            
000010c3  free                                              
00001185  realloc                                           
0000128d  memalign                                          
00001379  calloc                                            
000013a9  SystemCoreClockUpdate                             
0000161d  SystemInit                                        
000016d5  __aeabi_dsub                                      
000016df  __aeabi_dadd                                      
0000188b  _system_post_cinit                                
000019e1  _ZN6CaldifC1Et                                    
000019e1  _ZN6CaldifC2Et                                    
00001a01  _ZN6Caldif3runEv                                  
00001ad1  _ZN6Caldif5setupEv                                
00001b01  __aeabi_dmul                                      
00001bfd  _Z16HAL_LCD_PortInitv                             
00001c2d  _Z15HAL_LCD_SpiInitv                              
00001c63  _Z20HAL_LCD_writeCommandh                         
00001c93  _Z17HAL_LCD_writeDatah                            
00001cc9  _ZSt21__gen_dummy_typeinfosv                      
00001cd1  _ZNSt9type_infoD1Ev                               
00001cd1  _ZNSt9type_infoD2Ev                               
00001cd3  _ZNSt9type_infoD0Ev                               
00001cdb  _ZNKSt9type_info4nameEv                           
00001cdf  _ZNKSt9type_infoneERKS_                           
00001cf5  _ZNKSt9type_infoeqERKS_                           
00001d0b  _ZNKSt9type_info6beforeERKS_                      
00001d19  _ZN10__cxxabiv129__pointer_to_member_type_infoD1Ev
00001d19  _ZN10__cxxabiv129__pointer_to_member_type_infoD2Ev
00001d1b  _ZN10__cxxabiv129__pointer_to_member_type_infoD0Ev
00001d23  _ZN10__cxxabiv123__fundamental_type_infoD1Ev      
00001d23  _ZN10__cxxabiv123__fundamental_type_infoD2Ev      
00001d25  _ZN10__cxxabiv123__fundamental_type_infoD0Ev      
00001d2d  _ZN10__cxxabiv121__vmi_class_type_infoD1Ev        
00001d2d  _ZN10__cxxabiv121__vmi_class_type_infoD2Ev        
00001d2f  _ZN10__cxxabiv121__vmi_class_type_infoD0Ev        
00001d37  _ZN10__cxxabiv120__si_class_type_infoD1Ev         
00001d37  _ZN10__cxxabiv120__si_class_type_infoD2Ev         
00001d39  _ZN10__cxxabiv120__si_class_type_infoD0Ev         
00001d41  _ZN10__cxxabiv120__function_type_infoD1Ev         
00001d41  _ZN10__cxxabiv120__function_type_infoD2Ev         
00001d43  _ZN10__cxxabiv120__function_type_infoD0Ev         
00001d4b  _ZN10__cxxabiv119__pointer_type_infoD1Ev          
00001d4b  _ZN10__cxxabiv119__pointer_type_infoD2Ev          
00001d4d  _ZN10__cxxabiv119__pointer_type_infoD0Ev          
00001d55  _ZN10__cxxabiv117__pbase_type_infoD1Ev            
00001d55  _ZN10__cxxabiv117__pbase_type_infoD2Ev            
00001d57  _ZN10__cxxabiv117__pbase_type_infoD0Ev            
00001d5f  _ZN10__cxxabiv117__class_type_infoD1Ev            
00001d5f  _ZN10__cxxabiv117__class_type_infoD2Ev            
00001d61  _ZN10__cxxabiv117__class_type_infoD0Ev            
00001d69  _ZN10__cxxabiv117__array_type_infoD1Ev            
00001d69  _ZN10__cxxabiv117__array_type_infoD2Ev            
00001d6b  _ZN10__cxxabiv117__array_type_infoD0Ev            
00001d73  _ZN10__cxxabiv116__enum_type_infoD1Ev             
00001d73  _ZN10__cxxabiv116__enum_type_infoD2Ev             
00001d75  _ZN10__cxxabiv116__enum_type_infoD0Ev             
00001d85  _ZN5PaintC1E16Graphics_Context18Graphics_Rectangle
00001d85  _ZN5PaintC2E16Graphics_Context18Graphics_Rectangle
00001dc7  _ZN5Paint3runEv                                   
00001e2d  _ZN5Paint5setupEv                                 
00001e3d  __aeabi_memcpy                                    
00001e3d  __aeabi_memcpy4                                   
00001e3d  __aeabi_memcpy8                                   
00001e3d  memcpy                                            
00001ed9  _ZN4TaskC1Ev                                      
00001ed9  _ZN4TaskC2Ev                                      
00001f01  _ZN4Task11SendMessageEPyh                         
00001f6d  Graphics_fillRectangle                            
00001ff1  SPI_initMaster                                    
0000206d  __aeabi_memclr                                    
0000206d  __aeabi_memclr4                                   
0000206d  __aeabi_memclr8                                   
0000206f  __aeabi_memset                                    
0000206f  __aeabi_memset4                                   
0000206f  __aeabi_memset8                                   
00002075  memset                                            
000020e9  __TI_auto_init                                    
00002159  __TI_decompress_lzss                              
000021c1  __aeabi_d2ulz                                     
0000221d  _c_int00                                          
00002271  C$$EXIT                                           
00002275  abort                                             
0000227d  exit                                              
000022c5  GPIO_setAsPeripheralModuleFunctionOutputPin       
00002311  copy_in                                           
0000238d  __aeabi_ul2d                                      
000023b9  GPIO_setAsOutputPin                               
000023dd  Graphics_initContext                              
000023ff  SPI_enableModule                                  
00002419  ADC14_getResult                                   
00002431  GPIO_setOutputLowOnPin                            
00002449  _args_main                                        
00002461  GPIO_setOutputHighOnPin                           
00002475  _register_unlock                                  
0000247b  _register_lock                                    
00002483  _nop                                              
00002489  Graphics_setBackgroundColor                       
00002497  Graphics_setForegroundColor                       
000024a5  __TI_decompress_none                              
000024b3  Reset_Handler                                     
000024bf  AES256_IRQHandler                                 
000024bf  BusFault_Handler                                  
000024bf  COMP_E0_IRQHandler                                
000024bf  COMP_E1_IRQHandler                                
000024bf  CS_IRQHandler                                     
000024bf  DMA_ERR_IRQHandler                                
000024bf  DMA_INT0_IRQHandler                               
000024bf  DMA_INT1_IRQHandler                               
000024bf  DMA_INT2_IRQHandler                               
000024bf  DMA_INT3_IRQHandler                               
000024bf  DebugMon_Handler                                  
000024bf  Default_Handler                                   
000024bf  EUSCIA0_IRQHandler                                
000024bf  EUSCIA1_IRQHandler                                
000024bf  EUSCIA2_IRQHandler                                
000024bf  EUSCIA3_IRQHandler                                
000024bf  EUSCIB0_IRQHandler                                
000024bf  EUSCIB1_IRQHandler                                
000024bf  EUSCIB2_IRQHandler                                
000024bf  EUSCIB3_IRQHandler                                
000024bf  FLCTL_IRQHandler                                  
000024bf  FPU_IRQHandler                                    
000024bf  HardFault_Handler                                 
000024bf  MemManage_Handler                                 
000024bf  NMI_Handler                                       
000024bf  PCM_IRQHandler                                    
000024bf  PORT1_IRQHandler                                  
000024bf  PORT2_IRQHandler                                  
000024bf  PORT3_IRQHandler                                  
000024bf  PORT4_IRQHandler                                  
000024bf  PORT5_IRQHandler                                  
000024bf  PORT6_IRQHandler                                  
000024bf  PSS_IRQHandler                                    
000024bf  PendSV_Handler                                    
000024bf  RTC_C_IRQHandler                                  
000024bf  SVC_Handler                                       
000024bf  SysTick_Handler                                   
000024bf  T32_INT2_IRQHandler                               
000024bf  T32_INTC_IRQHandler                               
000024bf  TA0_0_IRQHandler                                  
000024bf  TA0_N_IRQHandler                                  
000024bf  TA1_0_IRQHandler                                  
000024bf  TA1_N_IRQHandler                                  
000024bf  TA2_0_IRQHandler                                  
000024bf  TA2_N_IRQHandler                                  
000024bf  TA3_0_IRQHandler                                  
000024bf  TA3_N_IRQHandler                                  
000024bf  UsageFault_Handler                                
000024bf  WDT_A_IRQHandler                                  
000024c1  EUSCI_A_SPI_enable                                
000024cd  EUSCI_B_SPI_enable                                
000024d9  _ZN4Task3runEv                                    
000024e5  _ZN4Task5setupEv                                  
000024f1  __TI_zero_init                                    
000024fd  Graphics_fillRectangleOnDisplay                   
00002507  Graphics_translateColorOnDisplay                  
00002511  _ZdlPv                                            
00002519  Graphics_setFont                                  
0000251d  _system_pre_init                                  
00002818  g_sFontFixed6x8                                   
00002990  _ZTSN10__cxxabiv123__fundamental_type_infoE       
000029b8  _ZTSN10__cxxabiv120__si_class_type_infoE          
000029dd  _ZTSN10__cxxabiv119__pointer_type_infoE           
00002a01  _ZTSN10__cxxabiv117__class_type_infoE             
00002a23  _ZTSN10__cxxabiv117__pbase_type_infoE             
00002a45  _ZTSe                                             
00002a48  g_sCrystalfontz128x128_funcs                      
00002a84  _ZTIPKe                                           
00002a94  _ZTV4Task                                         
00002aa4  _ZTV5Paint                                        
00002ab4  _ZTV6Caldif                                       
00002ac4  _ZTVN10__cxxabiv117__class_type_infoE             
00002ad4  _ZTVN10__cxxabiv119__pointer_type_infoE           
00002ae4  _ZTVN10__cxxabiv120__si_class_type_infoE          
00002af4  _ZTVN10__cxxabiv123__fundamental_type_infoE       
00002b04  _ZTSSt9type_info                                  
00002b14  _ZTI5Paint                                        
00002b20  _ZTI6Caldif                                       
00002b2c  _ZTIN10__cxxabiv117__class_type_infoE             
00002b38  _ZTIN10__cxxabiv117__pbase_type_infoE             
00002b44  _ZTIN10__cxxabiv119__pointer_type_infoE           
00002b50  _ZTIN10__cxxabiv120__si_class_type_infoE          
00002b5c  _ZTIN10__cxxabiv123__fundamental_type_infoE       
00002b70  _ZTI4Task                                         
00002b78  _ZTISt9type_info                                  
00002b80  _ZTIe                                             
00002b88  _ZTS6Caldif                                       
00002b90  _ZTS5Paint                                        
00002b97  _ZTS4Task                                         
00002b9d  _ZTSPKe                                           
00002ba4  SHT$$INIT_ARRAY$$Base                             
00002ba8  SHT$$INIT_ARRAY$$Limit                            
00002bcc  __TI_Handler_Table_Base                           
00002bd8  __TI_Handler_Table_Limit                          
00002be0  __TI_CINIT_Base                                   
00002bf0  __TI_CINIT_Limit                                  
20000000  _sys_memory                                       
20000400  g_MainScheduler                                   
20000650  g_sContext                                        
2000066c  _ZSt16__dummy_typeinfo                            
20000670  resultsBuffer                                     
20000688  g_rect                                            
20000690  Lcd_ScreenHeigth                                  
20000692  Lcd_ScreenWidth                                   
20000694  Lcd_TouchTrim                                     
20000696  Lcd_FlagRead                                      
20000697  Lcd_FontSolid                                     
20000698  Lcd_Orientation                                   
20000699  Lcd_PenSolid                                      
200006a0  g_sCrystalfontz128x128                            
200006b0  __TI_cleanup_ptr                                  
200006b4  __TI_dtors_ptr                                    
200006b8  __TI_enable_exit_profile_output                   
200006d0  _ZN4Task14m_u8NextTaskIDE                         
200006d4  _lock                                             
200006d8  _unlock                                           
200006dc  main_func_sp                                      
200006e0  SystemCoreClock                                   
2000fe00  __stack                                           
20010000  __STACK_END                                       
4000480c  WDTCTL_SYM                                        
ffffffff  __TI_pprof_out_hndl                               
ffffffff  __TI_prof_data_size                               
ffffffff  __TI_prof_data_start                              
ffffffff  __binit__                                         
ffffffff  __c_args__                                        
ffffffff  binit                                             

[253 symbols]
