******************************************************************************
                  TI ARM Linker PC v16.9.3                     
******************************************************************************
>> Linked Sun Oct 29 10:24:50 2017

OUTPUT FILE NAME:   <Lab_02_final.out>
ENTRY POINT SYMBOL: "_c_int00"  address: 00001191


MEMORY CONFIGURATION

         name            origin    length      used     unused   attr    fill
----------------------  --------  ---------  --------  --------  ----  --------
  MAIN                  00000000   00040000  000014ef  0003eb11  R  X
  INFO                  00200000   00004000  00000000  00004000  R  X
  SRAM_CODE             01000000   00010000  00000b70  0000f490  RW X
  SRAM_DATA             20000000   00010000  00000b70  0000f490  RW  


SEGMENT ALLOCATION MAP

run origin  load origin   length   init length attrs members
----------  ----------- ---------- ----------- ----- -------
00000000    00000000    000014f0   000014f0    r-x
  00000000    00000000    000000e4   000000e4    r-- .intvecs
  000000e4    000000e4    00001218   00001218    r-x .text
  000012fc    000012fc    000001a7   000001a7    r-- .const
  000014a4    000014a4    00000004   00000004    r-- .init_array
  000014a8    000014a8    00000048   00000048    r-- .cinit
20000000    20000000    00000974   00000000    rw-
  20000000    20000000    0000053c   00000000    rw- .bss
  20000540    20000540    00000400   00000000    rw- .sysmem
  20000940    20000940    00000034   00000000    rw- .data
2000fe00    2000fe00    00000200   00000000    rw-
  2000fe00    2000fe00    00000200   00000000    rw- .stack


SECTION ALLOCATION MAP

 output                                  attributes/
section   page    origin      length       input sections
--------  ----  ----------  ----------   ----------------
.intvecs   0    00000000    000000e4     
                  00000000    000000e4     startup_msp432p401r_ccs.obj (.intvecs:retain)

.binit     0    00000000    00000000     

.text      0    000000e4    00001218     
                  000000e4    000003d0     rtsv7M4_T_le_v4SPD16_eabi.lib : memory.obj (.text)
                  000004b4    000003b2     Scheduler.obj (.text)
                  00000866    00000002     rtsv7M4_T_le_v4SPD16_eabi.lib : mpu_init.obj (.text)
                  00000868    0000032c     system_msp432p401r.obj (.text)
                  00000b94    0000025c     main.obj (.text)
                  00000df0    000000bc     rtsv7M4_T_le_v4SPD16_eabi.lib : typeinfo_.obj (.text)
                  00000eac    0000009c                                   : memcpy_t2.obj (.text)
                  00000f48    00000080     Task.obj (.text)
                  00000fc8    0000007a     rtsv7M4_T_le_v4SPD16_eabi.lib : memset_t2.obj (.text)
                  00001042    00000002                                   : startup.obj (.text)
                  00001044    00000074     LED.obj (.text)
                  000010b8    00000070     rtsv7M4_T_le_v4SPD16_eabi.lib : autoinit.obj (.text)
                  00001128    00000068                                   : copy_decompress_lzss.obj (.text:decompress:lzss)
                  00001190    00000054                                   : boot.obj (.text)
                  000011e4    00000054                                   : exit.obj (.text)
                  00001238    0000004c                                   : cpy_tbl.obj (.text)
                  00001284    00000018                                   : args_main.obj (.text)
                  0000129c    00000014                                   : _lock.obj (.text)
                  000012b0    0000000e                                   : copy_decompress_none.obj (.text:decompress:none)
                  000012be    0000000e     startup_msp432p401r_ccs.obj (.text)
                  000012cc    0000000c     Task.obj (.text:_ZN4Task3runEv)
                  000012d8    0000000c     Task.obj (.text:_ZN4Task5setupEv)
                  000012e4    0000000c     rtsv7M4_T_le_v4SPD16_eabi.lib : copy_zero_init.obj (.text:decompress:ZI)
                  000012f0    00000008                                   : delete.obj (.text)
                  000012f8    00000004                                   : pre_init.obj (.text)

.const     0    000012fc    000001a7     
                  000012fc    00000028     rtsv7M4_T_le_v4SPD16_eabi.lib : typeinfo_.obj (.const:.typeinfo:_ZTSN10__cxxabiv123__fundamental_type_infoE)
                  00001324    00000025                                   : typeinfo_.obj (.const:.typeinfo:_ZTSN10__cxxabiv120__si_class_type_infoE)
                  00001349    00000024                                   : typeinfo_.obj (.const:.typeinfo:_ZTSN10__cxxabiv119__pointer_type_infoE)
                  0000136d    00000022                                   : typeinfo_.obj (.const:.typeinfo:_ZTSN10__cxxabiv117__class_type_infoE)
                  0000138f    00000022                                   : typeinfo_.obj (.const:.typeinfo:_ZTSN10__cxxabiv117__pbase_type_infoE)
                  000013b1    00000002                                   : typeinfo_.obj (.const:.typeinfo:_ZTSe)
                  000013b3    00000001     --HOLE-- [fill = 0]
                  000013b4    00000010                                   : typeinfo_.obj (.const:.typeinfo:_ZTIPKe)
                  000013c4    00000010     LED.obj (.const:_ZTV3LED)
                  000013d4    00000010     Task.obj (.const:_ZTV4Task)
                  000013e4    00000010     rtsv7M4_T_le_v4SPD16_eabi.lib : typeinfo_.obj (.const:_ZTVN10__cxxabiv117__class_type_infoE)
                  000013f4    00000010                                   : typeinfo_.obj (.const:_ZTVN10__cxxabiv119__pointer_type_infoE)
                  00001404    00000010                                   : typeinfo_.obj (.const:_ZTVN10__cxxabiv120__si_class_type_infoE)
                  00001414    00000010                                   : typeinfo_.obj (.const:_ZTVN10__cxxabiv123__fundamental_type_infoE)
                  00001424    0000000d                                   : typeinfo_.obj (.const:.typeinfo:_ZTSSt9type_info)
                  00001431    00000003     --HOLE-- [fill = 0]
                  00001434    0000000c     LED.obj (.const:.typeinfo:_ZTI3LED)
                  00001440    0000000c     rtsv7M4_T_le_v4SPD16_eabi.lib : typeinfo_.obj (.const:.typeinfo:_ZTIN10__cxxabiv117__class_type_infoE)
                  0000144c    0000000c                                   : typeinfo_.obj (.const:.typeinfo:_ZTIN10__cxxabiv117__pbase_type_infoE)
                  00001458    0000000c                                   : typeinfo_.obj (.const:.typeinfo:_ZTIN10__cxxabiv119__pointer_type_infoE)
                  00001464    0000000c                                   : typeinfo_.obj (.const:.typeinfo:_ZTIN10__cxxabiv120__si_class_type_infoE)
                  00001470    0000000c                                   : typeinfo_.obj (.const:.typeinfo:_ZTIN10__cxxabiv123__fundamental_type_infoE)
                  0000147c    00000008     LED.obj (.const:.typeinfo:_ZTI4Task)
                  00001484    00000008     rtsv7M4_T_le_v4SPD16_eabi.lib : typeinfo_.obj (.const:.typeinfo:_ZTISt9type_info)
                  0000148c    00000008                                   : typeinfo_.obj (.const:.typeinfo:_ZTIe)
                  00001494    00000006     LED.obj (.const:.typeinfo:_ZTS4Task)
                  0000149a    00000005     LED.obj (.const:.typeinfo:_ZTS3LED)
                  0000149f    00000004     rtsv7M4_T_le_v4SPD16_eabi.lib : typeinfo_.obj (.const:.typeinfo:_ZTSPKe)

.init_array 
*          0    000014a4    00000004     
                  000014a4    00000004     main.obj (.init_array)

.cinit     0    000014a8    00000048     
                  000014a8    00000021     (.cinit..data.load) [load image, compression = lzss]
                  000014c9    00000003     --HOLE-- [fill = 0]
                  000014cc    0000000c     (__TI_handler_table)
                  000014d8    00000008     (.cinit..bss.load) [load image, compression = zero_init]
                  000014e0    00000010     (__TI_cinit_table)

.bss       0    20000000    0000053c     UNINITIALIZED
                  20000000    00000520     main.obj (.bss:g_MainScheduler)
                  20000520    00000018     (.common:prueba)
                  20000538    00000004     (.common:_ZSt16__dummy_typeinfo)

.sysmem    0    20000540    00000400     UNINITIALIZED
                  20000540    00000008     rtsv7M4_T_le_v4SPD16_eabi.lib : memory.obj (.sysmem)
                  20000548    000003f8     --HOLE--

.data      0    20000940    00000034     UNINITIALIZED
                  20000940    0000000c     rtsv7M4_T_le_v4SPD16_eabi.lib : exit.obj (.data:$O1$$)
                  2000094c    0000000c                                   : memory.obj (.data:$O1$$)
                  20000958    00000009     main.obj (.data)
                  20000961    00000003     --HOLE--
                  20000964    00000008     rtsv7M4_T_le_v4SPD16_eabi.lib : _lock.obj (.data:$O1$$)
                  2000096c    00000004                                   : stkdepth_vars.obj (.data)
                  20000970    00000004     system_msp432p401r.obj (.data)

.stack     0    2000fe00    00000200     UNINITIALIZED
                  2000fe00    00000200     --HOLE--

MODULE SUMMARY

       Module                        code   ro data   rw data
       ------                        ----   -------   -------
    .\
       main.obj                      604    4         2690   
       Scheduler.obj                 946    0         0      
       system_msp432p401r.obj        812    0         8      
       startup_msp432p401r_ccs.obj   14     228       0      
       Task.obj                      152    16        0      
       LED.obj                       116    47        0      
    +--+-----------------------------+------+---------+---------+
       Total:                        2644   295       2698   
                                                             
    C:\ti\ccsv7\tools\compiler\ti-cgt-arm_16.9.3.LTS\lib\rtsv7M4_T_le_v4SPD16_eabi.lib
       memory.obj                    976    0         24     
       typeinfo_.obj                 188    356       8      
       memcpy_t2.obj                 156    0         0      
       memset_t2.obj                 122    0         0      
       autoinit.obj                  112    0         0      
       exit.obj                      84     0         24     
       copy_decompress_lzss.obj      104    0         0      
       boot.obj                      84     0         0      
       cpy_tbl.obj                   76     0         0      
       _lock.obj                     20     0         16     
       args_main.obj                 24     0         0      
       copy_decompress_none.obj      14     0         0      
       copy_zero_init.obj            12     0         0      
       delete.obj                    8      0         0      
       stkdepth_vars.obj             0      0         8      
       pre_init.obj                  4      0         0      
       mpu_init.obj                  2      0         0      
       startup.obj                   2      0         0      
    +--+-----------------------------+------+---------+---------+
       Total:                        1988   356       80     
                                                             
       Heap:                         0      0         2048   
       Stack:                        0      0         1024   
       Linker Generated:             0      69        0      
    +--+-----------------------------+------+---------+---------+
       Grand Total:                  4632   720       5850   


LINKER GENERATED COPY TABLES

__TI_cinit_table @ 000014e0 records: 2, size/record: 8, table size: 16
	.data: load addr=000014a8, load size=00000021 bytes, run addr=20000940, run size=00000034 bytes, compression=lzss
	.bss: load addr=000014d8, load size=00000008 bytes, run addr=20000000, run size=0000053c bytes, compression=zero_init


LINKER GENERATED HANDLER TABLE

__TI_handler_table @ 000014cc records: 3, size/record: 4, table size: 12
	index: 0, handler: __TI_decompress_lzss
	index: 1, handler: __TI_decompress_none
	index: 2, handler: __TI_zero_init


GLOBAL SYMBOLS: SORTED ALPHABETICALLY BY Name 

address   name                                              
-------   ----                                              
000012cb  ADC14_IRQHandler                                  
000012cb  AES256_IRQHandler                                 
000012cb  BusFault_Handler                                  
000011e5  C$$EXIT                                           
000012cb  COMP_E0_IRQHandler                                
000012cb  COMP_E1_IRQHandler                                
000012cb  CS_IRQHandler                                     
000012cb  DMA_ERR_IRQHandler                                
000012cb  DMA_INT0_IRQHandler                               
000012cb  DMA_INT1_IRQHandler                               
000012cb  DMA_INT2_IRQHandler                               
000012cb  DMA_INT3_IRQHandler                               
000012cb  DebugMon_Handler                                  
000012cb  Default_Handler                                   
000012cb  EUSCIA0_IRQHandler                                
000012cb  EUSCIA1_IRQHandler                                
000012cb  EUSCIA2_IRQHandler                                
000012cb  EUSCIA3_IRQHandler                                
000012cb  EUSCIB0_IRQHandler                                
000012cb  EUSCIB1_IRQHandler                                
000012cb  EUSCIB2_IRQHandler                                
000012cb  EUSCIB3_IRQHandler                                
000012cb  FLCTL_IRQHandler                                  
000012cb  FPU_IRQHandler                                    
000012cb  HardFault_Handler                                 
000012cb  MemManage_Handler                                 
000012cb  NMI_Handler                                       
000012cb  PCM_IRQHandler                                    
000012cb  PORT1_IRQHandler                                  
000012cb  PORT2_IRQHandler                                  
000012cb  PORT3_IRQHandler                                  
000012cb  PORT4_IRQHandler                                  
000012cb  PORT5_IRQHandler                                  
000012cb  PORT6_IRQHandler                                  
000012cb  PSS_IRQHandler                                    
000012cb  PendSV_Handler                                    
000012cb  RTC_C_IRQHandler                                  
000012bf  Reset_Handler                                     
000014a4  SHT$$INIT_ARRAY$$Base                             
000014a8  SHT$$INIT_ARRAY$$Limit                            
000012cb  SVC_Handler                                       
000012cb  SysTick_Handler                                   
20000970  SystemCoreClock                                   
00000869  SystemCoreClockUpdate                             
00000add  SystemInit                                        
00000d6d  T32_INT1_IRQHandler                               
00000d6d  T32_INT1_IRQHandler                               
000012cb  T32_INT2_IRQHandler                               
000012cb  T32_INTC_IRQHandler                               
000012cb  TA0_0_IRQHandler                                  
000012cb  TA0_N_IRQHandler                                  
000012cb  TA1_0_IRQHandler                                  
000012cb  TA1_N_IRQHandler                                  
000012cb  TA2_0_IRQHandler                                  
000012cb  TA2_N_IRQHandler                                  
000012cb  TA3_0_IRQHandler                                  
000012cb  TA3_N_IRQHandler                                  
000012cb  UsageFault_Handler                                
4000480c  WDTCTL_SYM                                        
000012cb  WDT_A_IRQHandler                                  
UNDEFED   _Z24Crystalfontz128x128_Initv                     
UNDEFED   _Z34Crystalfontz128x128_SetOrientationh           
00000d39  _Z5Setupv                                         
00000e9d  _ZN10__cxxabiv116__enum_type_infoD0Ev             
00000e9b  _ZN10__cxxabiv116__enum_type_infoD1Ev             
00000e9b  _ZN10__cxxabiv116__enum_type_infoD2Ev             
00000e93  _ZN10__cxxabiv117__array_type_infoD0Ev            
00000e91  _ZN10__cxxabiv117__array_type_infoD1Ev            
00000e91  _ZN10__cxxabiv117__array_type_infoD2Ev            
00000e89  _ZN10__cxxabiv117__class_type_infoD0Ev            
00000e87  _ZN10__cxxabiv117__class_type_infoD1Ev            
00000e87  _ZN10__cxxabiv117__class_type_infoD2Ev            
00000e7f  _ZN10__cxxabiv117__pbase_type_infoD0Ev            
00000e7d  _ZN10__cxxabiv117__pbase_type_infoD1Ev            
00000e7d  _ZN10__cxxabiv117__pbase_type_infoD2Ev            
00000e75  _ZN10__cxxabiv119__pointer_type_infoD0Ev          
00000e73  _ZN10__cxxabiv119__pointer_type_infoD1Ev          
00000e73  _ZN10__cxxabiv119__pointer_type_infoD2Ev          
00000e6b  _ZN10__cxxabiv120__function_type_infoD0Ev         
00000e69  _ZN10__cxxabiv120__function_type_infoD1Ev         
00000e69  _ZN10__cxxabiv120__function_type_infoD2Ev         
00000e61  _ZN10__cxxabiv120__si_class_type_infoD0Ev         
00000e5f  _ZN10__cxxabiv120__si_class_type_infoD1Ev         
00000e5f  _ZN10__cxxabiv120__si_class_type_infoD2Ev         
00000e57  _ZN10__cxxabiv121__vmi_class_type_infoD0Ev        
00000e55  _ZN10__cxxabiv121__vmi_class_type_infoD1Ev        
00000e55  _ZN10__cxxabiv121__vmi_class_type_infoD2Ev        
00000e4d  _ZN10__cxxabiv123__fundamental_type_infoD0Ev      
00000e4b  _ZN10__cxxabiv123__fundamental_type_infoD1Ev      
00000e4b  _ZN10__cxxabiv123__fundamental_type_infoD2Ev      
00000e43  _ZN10__cxxabiv129__pointer_to_member_type_infoD0Ev
00000e41  _ZN10__cxxabiv129__pointer_to_member_type_infoD1Ev
00000e41  _ZN10__cxxabiv129__pointer_to_member_type_infoD2Ev
00001071  _ZN3LED3runEv                                     
00001089  _ZN3LED5setupEv                                   
00001045  _ZN3LEDC1Eth                                      
00001045  _ZN3LEDC2Eth                                      
00000f71  _ZN4Task11SendMessageEPyh                         
20000960  _ZN4Task14m_u8NextTaskIDE                         
000012cd  _ZN4Task3runEv                                    
000012d9  _ZN4Task5setupEv                                  
00000f49  _ZN4TaskC1Ev                                      
00000f49  _ZN4TaskC2Ev                                      
0000081d  _ZN9Scheduler18AssignMemoryToTaskEh               
0000084d  _ZN9Scheduler21CalculateNextScheduleEv            
00000859  _ZN9Scheduler22SortScheduleByPriorityEP4Task      
0000064b  _ZN9Scheduler3runEv                               
000007cb  _ZN9Scheduler5setupEv                             
0000058f  _ZN9Scheduler6attachEhP4Tasky                     
00000529  _ZN9Scheduler8CallTaskEh                          
000004b5  _ZN9SchedulerC1Ev                                 
000004b5  _ZN9SchedulerC2Ev                                 
00000e03  _ZNKSt9type_info4nameEv                           
00000e33  _ZNKSt9type_info6beforeERKS_                      
00000e1d  _ZNKSt9type_infoeqERKS_                           
00000e07  _ZNKSt9type_infoneERKS_                           
00000dfb  _ZNSt9type_infoD0Ev                               
00000df9  _ZNSt9type_infoD1Ev                               
00000df9  _ZNSt9type_infoD2Ev                               
20000538  _ZSt16__dummy_typeinfo                            
00000df1  _ZSt21__gen_dummy_typeinfosv                      
00001434  _ZTI3LED                                          
0000147c  _ZTI4Task                                         
00001440  _ZTIN10__cxxabiv117__class_type_infoE             
0000144c  _ZTIN10__cxxabiv117__pbase_type_infoE             
00001458  _ZTIN10__cxxabiv119__pointer_type_infoE           
00001464  _ZTIN10__cxxabiv120__si_class_type_infoE          
00001470  _ZTIN10__cxxabiv123__fundamental_type_infoE       
000013b4  _ZTIPKe                                           
00001484  _ZTISt9type_info                                  
0000148c  _ZTIe                                             
0000149a  _ZTS3LED                                          
00001494  _ZTS4Task                                         
0000136d  _ZTSN10__cxxabiv117__class_type_infoE             
0000138f  _ZTSN10__cxxabiv117__pbase_type_infoE             
00001349  _ZTSN10__cxxabiv119__pointer_type_infoE           
00001324  _ZTSN10__cxxabiv120__si_class_type_infoE          
000012fc  _ZTSN10__cxxabiv123__fundamental_type_infoE       
0000149f  _ZTSPKe                                           
00001424  _ZTSSt9type_info                                  
000013b1  _ZTSe                                             
000013c4  _ZTV3LED                                          
000013d4  _ZTV4Task                                         
000013e4  _ZTVN10__cxxabiv117__class_type_infoE             
000013f4  _ZTVN10__cxxabiv119__pointer_type_infoE           
00001404  _ZTVN10__cxxabiv120__si_class_type_infoE          
00001414  _ZTVN10__cxxabiv123__fundamental_type_infoE       
000012f1  _ZdlPv                                            
20010000  __STACK_END                                       
00000200  __STACK_SIZE                                      
00000400  __SYSMEM_SIZE                                     
000014e0  __TI_CINIT_Base                                   
000014f0  __TI_CINIT_Limit                                  
000014cc  __TI_Handler_Table_Base                           
000014d8  __TI_Handler_Table_Limit                          
000010b9  __TI_auto_init                                    
20000940  __TI_cleanup_ptr                                  
00001129  __TI_decompress_lzss                              
000012b1  __TI_decompress_none                              
20000944  __TI_dtors_ptr                                    
20000948  __TI_enable_exit_profile_output                   
ffffffff  __TI_pprof_out_hndl                               
ffffffff  __TI_prof_data_size                               
ffffffff  __TI_prof_data_start                              
00000000  __TI_static_base__                                
000012e5  __TI_zero_init                                    
00000fc9  __aeabi_memclr                                    
00000fc9  __aeabi_memclr4                                   
00000fc9  __aeabi_memclr8                                   
00000ead  __aeabi_memcpy                                    
00000ead  __aeabi_memcpy4                                   
00000ead  __aeabi_memcpy8                                   
00000fcb  __aeabi_memset                                    
00000fcb  __aeabi_memset4                                   
00000fcb  __aeabi_memset8                                   
ffffffff  __binit__                                         
ffffffff  __c_args__                                        
00000867  __mpu_init                                        
2000fe00  __stack                                           
00000d95  __sti___8_main_cpp_937618a8                       
00001285  _args_main                                        
00001191  _c_int00                                          
20000964  _lock                                             
000012ab  _nop                                              
000012a3  _register_lock                                    
0000129d  _register_unlock                                  
20000540  _sys_memory                                       
00001043  _system_post_cinit                                
000012f9  _system_pre_init                                  
20000968  _unlock                                           
000011e9  abort                                             
ffffffff  binit                                             
00000485  calloc                                            
00001239  copy_in                                           
000011f1  exit                                              
000001cf  free                                              
20000000  g_MainScheduler                                   
00000000  interruptVectors                                  
00000bff  main                                              
2000096c  main_func_sp                                      
00000165  malloc                                            
00000399  memalign                                          
00000ead  memcpy                                            
00000fd1  memset                                            
000000e5  minit                                             
20000520  prueba                                            
00000291  realloc                                           


GLOBAL SYMBOLS: SORTED BY Symbol Address 

address   name                                              
-------   ----                                              
00000000  __TI_static_base__                                
00000000  interruptVectors                                  
000000e5  minit                                             
00000165  malloc                                            
000001cf  free                                              
00000200  __STACK_SIZE                                      
00000291  realloc                                           
00000399  memalign                                          
00000400  __SYSMEM_SIZE                                     
00000485  calloc                                            
000004b5  _ZN9SchedulerC1Ev                                 
000004b5  _ZN9SchedulerC2Ev                                 
00000529  _ZN9Scheduler8CallTaskEh                          
0000058f  _ZN9Scheduler6attachEhP4Tasky                     
0000064b  _ZN9Scheduler3runEv                               
000007cb  _ZN9Scheduler5setupEv                             
0000081d  _ZN9Scheduler18AssignMemoryToTaskEh               
0000084d  _ZN9Scheduler21CalculateNextScheduleEv            
00000859  _ZN9Scheduler22SortScheduleByPriorityEP4Task      
00000867  __mpu_init                                        
00000869  SystemCoreClockUpdate                             
00000add  SystemInit                                        
00000bff  main                                              
00000d39  _Z5Setupv                                         
00000d6d  T32_INT1_IRQHandler                               
00000d6d  T32_INT1_IRQHandler                               
00000d95  __sti___8_main_cpp_937618a8                       
00000df1  _ZSt21__gen_dummy_typeinfosv                      
00000df9  _ZNSt9type_infoD1Ev                               
00000df9  _ZNSt9type_infoD2Ev                               
00000dfb  _ZNSt9type_infoD0Ev                               
00000e03  _ZNKSt9type_info4nameEv                           
00000e07  _ZNKSt9type_infoneERKS_                           
00000e1d  _ZNKSt9type_infoeqERKS_                           
00000e33  _ZNKSt9type_info6beforeERKS_                      
00000e41  _ZN10__cxxabiv129__pointer_to_member_type_infoD1Ev
00000e41  _ZN10__cxxabiv129__pointer_to_member_type_infoD2Ev
00000e43  _ZN10__cxxabiv129__pointer_to_member_type_infoD0Ev
00000e4b  _ZN10__cxxabiv123__fundamental_type_infoD1Ev      
00000e4b  _ZN10__cxxabiv123__fundamental_type_infoD2Ev      
00000e4d  _ZN10__cxxabiv123__fundamental_type_infoD0Ev      
00000e55  _ZN10__cxxabiv121__vmi_class_type_infoD1Ev        
00000e55  _ZN10__cxxabiv121__vmi_class_type_infoD2Ev        
00000e57  _ZN10__cxxabiv121__vmi_class_type_infoD0Ev        
00000e5f  _ZN10__cxxabiv120__si_class_type_infoD1Ev         
00000e5f  _ZN10__cxxabiv120__si_class_type_infoD2Ev         
00000e61  _ZN10__cxxabiv120__si_class_type_infoD0Ev         
00000e69  _ZN10__cxxabiv120__function_type_infoD1Ev         
00000e69  _ZN10__cxxabiv120__function_type_infoD2Ev         
00000e6b  _ZN10__cxxabiv120__function_type_infoD0Ev         
00000e73  _ZN10__cxxabiv119__pointer_type_infoD1Ev          
00000e73  _ZN10__cxxabiv119__pointer_type_infoD2Ev          
00000e75  _ZN10__cxxabiv119__pointer_type_infoD0Ev          
00000e7d  _ZN10__cxxabiv117__pbase_type_infoD1Ev            
00000e7d  _ZN10__cxxabiv117__pbase_type_infoD2Ev            
00000e7f  _ZN10__cxxabiv117__pbase_type_infoD0Ev            
00000e87  _ZN10__cxxabiv117__class_type_infoD1Ev            
00000e87  _ZN10__cxxabiv117__class_type_infoD2Ev            
00000e89  _ZN10__cxxabiv117__class_type_infoD0Ev            
00000e91  _ZN10__cxxabiv117__array_type_infoD1Ev            
00000e91  _ZN10__cxxabiv117__array_type_infoD2Ev            
00000e93  _ZN10__cxxabiv117__array_type_infoD0Ev            
00000e9b  _ZN10__cxxabiv116__enum_type_infoD1Ev             
00000e9b  _ZN10__cxxabiv116__enum_type_infoD2Ev             
00000e9d  _ZN10__cxxabiv116__enum_type_infoD0Ev             
00000ead  __aeabi_memcpy                                    
00000ead  __aeabi_memcpy4                                   
00000ead  __aeabi_memcpy8                                   
00000ead  memcpy                                            
00000f49  _ZN4TaskC1Ev                                      
00000f49  _ZN4TaskC2Ev                                      
00000f71  _ZN4Task11SendMessageEPyh                         
00000fc9  __aeabi_memclr                                    
00000fc9  __aeabi_memclr4                                   
00000fc9  __aeabi_memclr8                                   
00000fcb  __aeabi_memset                                    
00000fcb  __aeabi_memset4                                   
00000fcb  __aeabi_memset8                                   
00000fd1  memset                                            
00001043  _system_post_cinit                                
00001045  _ZN3LEDC1Eth                                      
00001045  _ZN3LEDC2Eth                                      
00001071  _ZN3LED3runEv                                     
00001089  _ZN3LED5setupEv                                   
000010b9  __TI_auto_init                                    
00001129  __TI_decompress_lzss                              
00001191  _c_int00                                          
000011e5  C$$EXIT                                           
000011e9  abort                                             
000011f1  exit                                              
00001239  copy_in                                           
00001285  _args_main                                        
0000129d  _register_unlock                                  
000012a3  _register_lock                                    
000012ab  _nop                                              
000012b1  __TI_decompress_none                              
000012bf  Reset_Handler                                     
000012cb  ADC14_IRQHandler                                  
000012cb  AES256_IRQHandler                                 
000012cb  BusFault_Handler                                  
000012cb  COMP_E0_IRQHandler                                
000012cb  COMP_E1_IRQHandler                                
000012cb  CS_IRQHandler                                     
000012cb  DMA_ERR_IRQHandler                                
000012cb  DMA_INT0_IRQHandler                               
000012cb  DMA_INT1_IRQHandler                               
000012cb  DMA_INT2_IRQHandler                               
000012cb  DMA_INT3_IRQHandler                               
000012cb  DebugMon_Handler                                  
000012cb  Default_Handler                                   
000012cb  EUSCIA0_IRQHandler                                
000012cb  EUSCIA1_IRQHandler                                
000012cb  EUSCIA2_IRQHandler                                
000012cb  EUSCIA3_IRQHandler                                
000012cb  EUSCIB0_IRQHandler                                
000012cb  EUSCIB1_IRQHandler                                
000012cb  EUSCIB2_IRQHandler                                
000012cb  EUSCIB3_IRQHandler                                
000012cb  FLCTL_IRQHandler                                  
000012cb  FPU_IRQHandler                                    
000012cb  HardFault_Handler                                 
000012cb  MemManage_Handler                                 
000012cb  NMI_Handler                                       
000012cb  PCM_IRQHandler                                    
000012cb  PORT1_IRQHandler                                  
000012cb  PORT2_IRQHandler                                  
000012cb  PORT3_IRQHandler                                  
000012cb  PORT4_IRQHandler                                  
000012cb  PORT5_IRQHandler                                  
000012cb  PORT6_IRQHandler                                  
000012cb  PSS_IRQHandler                                    
000012cb  PendSV_Handler                                    
000012cb  RTC_C_IRQHandler                                  
000012cb  SVC_Handler                                       
000012cb  SysTick_Handler                                   
000012cb  T32_INT2_IRQHandler                               
000012cb  T32_INTC_IRQHandler                               
000012cb  TA0_0_IRQHandler                                  
000012cb  TA0_N_IRQHandler                                  
000012cb  TA1_0_IRQHandler                                  
000012cb  TA1_N_IRQHandler                                  
000012cb  TA2_0_IRQHandler                                  
000012cb  TA2_N_IRQHandler                                  
000012cb  TA3_0_IRQHandler                                  
000012cb  TA3_N_IRQHandler                                  
000012cb  UsageFault_Handler                                
000012cb  WDT_A_IRQHandler                                  
000012cd  _ZN4Task3runEv                                    
000012d9  _ZN4Task5setupEv                                  
000012e5  __TI_zero_init                                    
000012f1  _ZdlPv                                            
000012f9  _system_pre_init                                  
000012fc  _ZTSN10__cxxabiv123__fundamental_type_infoE       
00001324  _ZTSN10__cxxabiv120__si_class_type_infoE          
00001349  _ZTSN10__cxxabiv119__pointer_type_infoE           
0000136d  _ZTSN10__cxxabiv117__class_type_infoE             
0000138f  _ZTSN10__cxxabiv117__pbase_type_infoE             
000013b1  _ZTSe                                             
000013b4  _ZTIPKe                                           
000013c4  _ZTV3LED                                          
000013d4  _ZTV4Task                                         
000013e4  _ZTVN10__cxxabiv117__class_type_infoE             
000013f4  _ZTVN10__cxxabiv119__pointer_type_infoE           
00001404  _ZTVN10__cxxabiv120__si_class_type_infoE          
00001414  _ZTVN10__cxxabiv123__fundamental_type_infoE       
00001424  _ZTSSt9type_info                                  
00001434  _ZTI3LED                                          
00001440  _ZTIN10__cxxabiv117__class_type_infoE             
0000144c  _ZTIN10__cxxabiv117__pbase_type_infoE             
00001458  _ZTIN10__cxxabiv119__pointer_type_infoE           
00001464  _ZTIN10__cxxabiv120__si_class_type_infoE          
00001470  _ZTIN10__cxxabiv123__fundamental_type_infoE       
0000147c  _ZTI4Task                                         
00001484  _ZTISt9type_info                                  
0000148c  _ZTIe                                             
00001494  _ZTS4Task                                         
0000149a  _ZTS3LED                                          
0000149f  _ZTSPKe                                           
000014a4  SHT$$INIT_ARRAY$$Base                             
000014a8  SHT$$INIT_ARRAY$$Limit                            
000014cc  __TI_Handler_Table_Base                           
000014d8  __TI_Handler_Table_Limit                          
000014e0  __TI_CINIT_Base                                   
000014f0  __TI_CINIT_Limit                                  
20000000  g_MainScheduler                                   
20000520  prueba                                            
20000538  _ZSt16__dummy_typeinfo                            
20000540  _sys_memory                                       
20000940  __TI_cleanup_ptr                                  
20000944  __TI_dtors_ptr                                    
20000948  __TI_enable_exit_profile_output                   
20000960  _ZN4Task14m_u8NextTaskIDE                         
20000964  _lock                                             
20000968  _unlock                                           
2000096c  main_func_sp                                      
20000970  SystemCoreClock                                   
2000fe00  __stack                                           
20010000  __STACK_END                                       
4000480c  WDTCTL_SYM                                        
ffffffff  __TI_pprof_out_hndl                               
ffffffff  __TI_prof_data_size                               
ffffffff  __TI_prof_data_start                              
ffffffff  __binit__                                         
ffffffff  __c_args__                                        
ffffffff  binit                                             
UNDEFED   _Z24Crystalfontz128x128_Initv                     
UNDEFED   _Z34Crystalfontz128x128_SetOrientationh           

[207 symbols]
