<?xml version="1.0"?>
<link_info>
   <banner>TI ARM Linker PC v16.9.3.LTS</banner>
   <copyright>Copyright (c) 1996-2017 Texas Instruments Incorporated</copyright>
   <link_time>0x59fa8ac0</link_time>
   <link_errors>0x0</link_errors>
   <output_file>Lab_02.out</output_file>
   <entry_point>
      <name>_c_int00</name>
      <address>0x221d</address>
   </entry_point>
   <input_file_list>
      <input_file id="fl-2">
         <path>.\</path>
         <kind>object</kind>
         <file>Caldif.obj</file>
         <name>Caldif.obj</name>
      </input_file>
      <input_file id="fl-3">
         <path>.\</path>
         <kind>object</kind>
         <file>LED.obj</file>
         <name>LED.obj</name>
      </input_file>
      <input_file id="fl-4">
         <path>.\</path>
         <kind>object</kind>
         <file>Paint.obj</file>
         <name>Paint.obj</name>
      </input_file>
      <input_file id="fl-5">
         <path>.\</path>
         <kind>object</kind>
         <file>Scheduler.obj</file>
         <name>Scheduler.obj</name>
      </input_file>
      <input_file id="fl-6">
         <path>.\</path>
         <kind>object</kind>
         <file>Task.obj</file>
         <name>Task.obj</name>
      </input_file>
      <input_file id="fl-7">
         <path>.\</path>
         <kind>object</kind>
         <file>main.obj</file>
         <name>main.obj</name>
      </input_file>
      <input_file id="fl-8">
         <path>.\</path>
         <kind>object</kind>
         <file>startup_msp432p401r_ccs.obj</file>
         <name>startup_msp432p401r_ccs.obj</name>
      </input_file>
      <input_file id="fl-9">
         <path>.\</path>
         <kind>object</kind>
         <file>system_msp432p401r.obj</file>
         <name>system_msp432p401r.obj</name>
      </input_file>
      <input_file id="fl-a">
         <path>.\LcdDriver\</path>
         <kind>object</kind>
         <file>Crystalfontz128x128_ST7735.obj</file>
         <name>Crystalfontz128x128_ST7735.obj</name>
      </input_file>
      <input_file id="fl-b">
         <path>.\LcdDriver\</path>
         <kind>object</kind>
         <file>HAL_MSP_EXP432P401R_Crystalfontz128x128_ST7735.obj</file>
         <name>HAL_MSP_EXP432P401R_Crystalfontz128x128_ST7735.obj</name>
      </input_file>
      <input_file id="fl-c">
         <path>.\fonts\</path>
         <kind>object</kind>
         <file>fontcm12.obj</file>
         <name>fontcm12.obj</name>
      </input_file>
      <input_file id="fl-d">
         <path>.\fonts\</path>
         <kind>object</kind>
         <file>fontcm12b.obj</file>
         <name>fontcm12b.obj</name>
      </input_file>
      <input_file id="fl-e">
         <path>.\fonts\</path>
         <kind>object</kind>
         <file>fontcm12i.obj</file>
         <name>fontcm12i.obj</name>
      </input_file>
      <input_file id="fl-f">
         <path>.\fonts\</path>
         <kind>object</kind>
         <file>fontcm14.obj</file>
         <name>fontcm14.obj</name>
      </input_file>
      <input_file id="fl-10">
         <path>.\fonts\</path>
         <kind>object</kind>
         <file>fontcm14b.obj</file>
         <name>fontcm14b.obj</name>
      </input_file>
      <input_file id="fl-11">
         <path>.\fonts\</path>
         <kind>object</kind>
         <file>fontcm14i.obj</file>
         <name>fontcm14i.obj</name>
      </input_file>
      <input_file id="fl-12">
         <path>.\fonts\</path>
         <kind>object</kind>
         <file>fontcm16.obj</file>
         <name>fontcm16.obj</name>
      </input_file>
      <input_file id="fl-13">
         <path>.\fonts\</path>
         <kind>object</kind>
         <file>fontcm16b.obj</file>
         <name>fontcm16b.obj</name>
      </input_file>
      <input_file id="fl-14">
         <path>.\fonts\</path>
         <kind>object</kind>
         <file>fontcm16i.obj</file>
         <name>fontcm16i.obj</name>
      </input_file>
      <input_file id="fl-15">
         <path>.\fonts\</path>
         <kind>object</kind>
         <file>fontcm18.obj</file>
         <name>fontcm18.obj</name>
      </input_file>
      <input_file id="fl-16">
         <path>.\fonts\</path>
         <kind>object</kind>
         <file>fontcm18b.obj</file>
         <name>fontcm18b.obj</name>
      </input_file>
      <input_file id="fl-17">
         <path>.\fonts\</path>
         <kind>object</kind>
         <file>fontcm18i.obj</file>
         <name>fontcm18i.obj</name>
      </input_file>
      <input_file id="fl-18">
         <path>.\fonts\</path>
         <kind>object</kind>
         <file>fontcm20.obj</file>
         <name>fontcm20.obj</name>
      </input_file>
      <input_file id="fl-19">
         <path>.\fonts\</path>
         <kind>object</kind>
         <file>fontcm20b.obj</file>
         <name>fontcm20b.obj</name>
      </input_file>
      <input_file id="fl-1a">
         <path>.\fonts\</path>
         <kind>object</kind>
         <file>fontcm20i.obj</file>
         <name>fontcm20i.obj</name>
      </input_file>
      <input_file id="fl-1b">
         <path>.\fonts\</path>
         <kind>object</kind>
         <file>fontcm22.obj</file>
         <name>fontcm22.obj</name>
      </input_file>
      <input_file id="fl-1c">
         <path>.\fonts\</path>
         <kind>object</kind>
         <file>fontcm22b.obj</file>
         <name>fontcm22b.obj</name>
      </input_file>
      <input_file id="fl-1d">
         <path>.\fonts\</path>
         <kind>object</kind>
         <file>fontcm22i.obj</file>
         <name>fontcm22i.obj</name>
      </input_file>
      <input_file id="fl-1e">
         <path>.\fonts\</path>
         <kind>object</kind>
         <file>fontcm24.obj</file>
         <name>fontcm24.obj</name>
      </input_file>
      <input_file id="fl-1f">
         <path>.\fonts\</path>
         <kind>object</kind>
         <file>fontcm24b.obj</file>
         <name>fontcm24b.obj</name>
      </input_file>
      <input_file id="fl-20">
         <path>.\fonts\</path>
         <kind>object</kind>
         <file>fontcm24i.obj</file>
         <name>fontcm24i.obj</name>
      </input_file>
      <input_file id="fl-21">
         <path>.\fonts\</path>
         <kind>object</kind>
         <file>fontcm26.obj</file>
         <name>fontcm26.obj</name>
      </input_file>
      <input_file id="fl-22">
         <path>.\fonts\</path>
         <kind>object</kind>
         <file>fontcm26b.obj</file>
         <name>fontcm26b.obj</name>
      </input_file>
      <input_file id="fl-23">
         <path>.\fonts\</path>
         <kind>object</kind>
         <file>fontcm26i.obj</file>
         <name>fontcm26i.obj</name>
      </input_file>
      <input_file id="fl-24">
         <path>.\fonts\</path>
         <kind>object</kind>
         <file>fontcm28.obj</file>
         <name>fontcm28.obj</name>
      </input_file>
      <input_file id="fl-25">
         <path>.\fonts\</path>
         <kind>object</kind>
         <file>fontcm28b.obj</file>
         <name>fontcm28b.obj</name>
      </input_file>
      <input_file id="fl-26">
         <path>.\fonts\</path>
         <kind>object</kind>
         <file>fontcm28i.obj</file>
         <name>fontcm28i.obj</name>
      </input_file>
      <input_file id="fl-27">
         <path>.\fonts\</path>
         <kind>object</kind>
         <file>fontcm30.obj</file>
         <name>fontcm30.obj</name>
      </input_file>
      <input_file id="fl-28">
         <path>.\fonts\</path>
         <kind>object</kind>
         <file>fontcm30b.obj</file>
         <name>fontcm30b.obj</name>
      </input_file>
      <input_file id="fl-29">
         <path>.\fonts\</path>
         <kind>object</kind>
         <file>fontcm30i.obj</file>
         <name>fontcm30i.obj</name>
      </input_file>
      <input_file id="fl-2a">
         <path>.\fonts\</path>
         <kind>object</kind>
         <file>fontcm32.obj</file>
         <name>fontcm32.obj</name>
      </input_file>
      <input_file id="fl-2b">
         <path>.\fonts\</path>
         <kind>object</kind>
         <file>fontcm32b.obj</file>
         <name>fontcm32b.obj</name>
      </input_file>
      <input_file id="fl-2c">
         <path>.\fonts\</path>
         <kind>object</kind>
         <file>fontcm32i.obj</file>
         <name>fontcm32i.obj</name>
      </input_file>
      <input_file id="fl-2d">
         <path>.\fonts\</path>
         <kind>object</kind>
         <file>fontcm34.obj</file>
         <name>fontcm34.obj</name>
      </input_file>
      <input_file id="fl-2e">
         <path>.\fonts\</path>
         <kind>object</kind>
         <file>fontcm34b.obj</file>
         <name>fontcm34b.obj</name>
      </input_file>
      <input_file id="fl-2f">
         <path>.\fonts\</path>
         <kind>object</kind>
         <file>fontcm34i.obj</file>
         <name>fontcm34i.obj</name>
      </input_file>
      <input_file id="fl-30">
         <path>.\fonts\</path>
         <kind>object</kind>
         <file>fontcm36.obj</file>
         <name>fontcm36.obj</name>
      </input_file>
      <input_file id="fl-31">
         <path>.\fonts\</path>
         <kind>object</kind>
         <file>fontcm36b.obj</file>
         <name>fontcm36b.obj</name>
      </input_file>
      <input_file id="fl-32">
         <path>.\fonts\</path>
         <kind>object</kind>
         <file>fontcm36i.obj</file>
         <name>fontcm36i.obj</name>
      </input_file>
      <input_file id="fl-33">
         <path>.\fonts\</path>
         <kind>object</kind>
         <file>fontcm38.obj</file>
         <name>fontcm38.obj</name>
      </input_file>
      <input_file id="fl-34">
         <path>.\fonts\</path>
         <kind>object</kind>
         <file>fontcm38b.obj</file>
         <name>fontcm38b.obj</name>
      </input_file>
      <input_file id="fl-35">
         <path>.\fonts\</path>
         <kind>object</kind>
         <file>fontcm38i.obj</file>
         <name>fontcm38i.obj</name>
      </input_file>
      <input_file id="fl-36">
         <path>.\fonts\</path>
         <kind>object</kind>
         <file>fontcm40.obj</file>
         <name>fontcm40.obj</name>
      </input_file>
      <input_file id="fl-37">
         <path>.\fonts\</path>
         <kind>object</kind>
         <file>fontcm40b.obj</file>
         <name>fontcm40b.obj</name>
      </input_file>
      <input_file id="fl-38">
         <path>.\fonts\</path>
         <kind>object</kind>
         <file>fontcm40i.obj</file>
         <name>fontcm40i.obj</name>
      </input_file>
      <input_file id="fl-39">
         <path>.\fonts\</path>
         <kind>object</kind>
         <file>fontcm42.obj</file>
         <name>fontcm42.obj</name>
      </input_file>
      <input_file id="fl-3a">
         <path>.\fonts\</path>
         <kind>object</kind>
         <file>fontcm42b.obj</file>
         <name>fontcm42b.obj</name>
      </input_file>
      <input_file id="fl-3b">
         <path>.\fonts\</path>
         <kind>object</kind>
         <file>fontcm42i.obj</file>
         <name>fontcm42i.obj</name>
      </input_file>
      <input_file id="fl-3c">
         <path>.\fonts\</path>
         <kind>object</kind>
         <file>fontcm44.obj</file>
         <name>fontcm44.obj</name>
      </input_file>
      <input_file id="fl-3d">
         <path>.\fonts\</path>
         <kind>object</kind>
         <file>fontcm44b.obj</file>
         <name>fontcm44b.obj</name>
      </input_file>
      <input_file id="fl-3e">
         <path>.\fonts\</path>
         <kind>object</kind>
         <file>fontcm44i.obj</file>
         <name>fontcm44i.obj</name>
      </input_file>
      <input_file id="fl-3f">
         <path>.\fonts\</path>
         <kind>object</kind>
         <file>fontcm46.obj</file>
         <name>fontcm46.obj</name>
      </input_file>
      <input_file id="fl-40">
         <path>.\fonts\</path>
         <kind>object</kind>
         <file>fontcm46b.obj</file>
         <name>fontcm46b.obj</name>
      </input_file>
      <input_file id="fl-41">
         <path>.\fonts\</path>
         <kind>object</kind>
         <file>fontcm46i.obj</file>
         <name>fontcm46i.obj</name>
      </input_file>
      <input_file id="fl-42">
         <path>.\fonts\</path>
         <kind>object</kind>
         <file>fontcm48.obj</file>
         <name>fontcm48.obj</name>
      </input_file>
      <input_file id="fl-43">
         <path>.\fonts\</path>
         <kind>object</kind>
         <file>fontcm48b.obj</file>
         <name>fontcm48b.obj</name>
      </input_file>
      <input_file id="fl-44">
         <path>.\fonts\</path>
         <kind>object</kind>
         <file>fontcm48i.obj</file>
         <name>fontcm48i.obj</name>
      </input_file>
      <input_file id="fl-45">
         <path>.\fonts\</path>
         <kind>object</kind>
         <file>fontcmsc12.obj</file>
         <name>fontcmsc12.obj</name>
      </input_file>
      <input_file id="fl-46">
         <path>.\fonts\</path>
         <kind>object</kind>
         <file>fontcmsc14.obj</file>
         <name>fontcmsc14.obj</name>
      </input_file>
      <input_file id="fl-47">
         <path>.\fonts\</path>
         <kind>object</kind>
         <file>fontcmsc16.obj</file>
         <name>fontcmsc16.obj</name>
      </input_file>
      <input_file id="fl-48">
         <path>.\fonts\</path>
         <kind>object</kind>
         <file>fontcmsc18.obj</file>
         <name>fontcmsc18.obj</name>
      </input_file>
      <input_file id="fl-49">
         <path>.\fonts\</path>
         <kind>object</kind>
         <file>fontcmsc20.obj</file>
         <name>fontcmsc20.obj</name>
      </input_file>
      <input_file id="fl-4a">
         <path>.\fonts\</path>
         <kind>object</kind>
         <file>fontcmsc22.obj</file>
         <name>fontcmsc22.obj</name>
      </input_file>
      <input_file id="fl-4b">
         <path>.\fonts\</path>
         <kind>object</kind>
         <file>fontcmsc24.obj</file>
         <name>fontcmsc24.obj</name>
      </input_file>
      <input_file id="fl-4c">
         <path>.\fonts\</path>
         <kind>object</kind>
         <file>fontcmsc26.obj</file>
         <name>fontcmsc26.obj</name>
      </input_file>
      <input_file id="fl-4d">
         <path>.\fonts\</path>
         <kind>object</kind>
         <file>fontcmsc28.obj</file>
         <name>fontcmsc28.obj</name>
      </input_file>
      <input_file id="fl-4e">
         <path>.\fonts\</path>
         <kind>object</kind>
         <file>fontcmsc30.obj</file>
         <name>fontcmsc30.obj</name>
      </input_file>
      <input_file id="fl-4f">
         <path>.\fonts\</path>
         <kind>object</kind>
         <file>fontcmsc32.obj</file>
         <name>fontcmsc32.obj</name>
      </input_file>
      <input_file id="fl-50">
         <path>.\fonts\</path>
         <kind>object</kind>
         <file>fontcmsc34.obj</file>
         <name>fontcmsc34.obj</name>
      </input_file>
      <input_file id="fl-51">
         <path>.\fonts\</path>
         <kind>object</kind>
         <file>fontcmsc36.obj</file>
         <name>fontcmsc36.obj</name>
      </input_file>
      <input_file id="fl-52">
         <path>.\fonts\</path>
         <kind>object</kind>
         <file>fontcmsc38.obj</file>
         <name>fontcmsc38.obj</name>
      </input_file>
      <input_file id="fl-53">
         <path>.\fonts\</path>
         <kind>object</kind>
         <file>fontcmsc40.obj</file>
         <name>fontcmsc40.obj</name>
      </input_file>
      <input_file id="fl-54">
         <path>.\fonts\</path>
         <kind>object</kind>
         <file>fontcmsc42.obj</file>
         <name>fontcmsc42.obj</name>
      </input_file>
      <input_file id="fl-55">
         <path>.\fonts\</path>
         <kind>object</kind>
         <file>fontcmsc44.obj</file>
         <name>fontcmsc44.obj</name>
      </input_file>
      <input_file id="fl-56">
         <path>.\fonts\</path>
         <kind>object</kind>
         <file>fontcmsc46.obj</file>
         <name>fontcmsc46.obj</name>
      </input_file>
      <input_file id="fl-57">
         <path>.\fonts\</path>
         <kind>object</kind>
         <file>fontcmsc48.obj</file>
         <name>fontcmsc48.obj</name>
      </input_file>
      <input_file id="fl-58">
         <path>.\fonts\</path>
         <kind>object</kind>
         <file>fontcmss12.obj</file>
         <name>fontcmss12.obj</name>
      </input_file>
      <input_file id="fl-59">
         <path>.\fonts\</path>
         <kind>object</kind>
         <file>fontcmss12b.obj</file>
         <name>fontcmss12b.obj</name>
      </input_file>
      <input_file id="fl-5a">
         <path>.\fonts\</path>
         <kind>object</kind>
         <file>fontcmss12i.obj</file>
         <name>fontcmss12i.obj</name>
      </input_file>
      <input_file id="fl-5b">
         <path>.\fonts\</path>
         <kind>object</kind>
         <file>fontcmss14.obj</file>
         <name>fontcmss14.obj</name>
      </input_file>
      <input_file id="fl-5c">
         <path>.\fonts\</path>
         <kind>object</kind>
         <file>fontcmss14b.obj</file>
         <name>fontcmss14b.obj</name>
      </input_file>
      <input_file id="fl-5d">
         <path>.\fonts\</path>
         <kind>object</kind>
         <file>fontcmss14i.obj</file>
         <name>fontcmss14i.obj</name>
      </input_file>
      <input_file id="fl-5e">
         <path>.\fonts\</path>
         <kind>object</kind>
         <file>fontcmss16.obj</file>
         <name>fontcmss16.obj</name>
      </input_file>
      <input_file id="fl-5f">
         <path>.\fonts\</path>
         <kind>object</kind>
         <file>fontcmss16b.obj</file>
         <name>fontcmss16b.obj</name>
      </input_file>
      <input_file id="fl-60">
         <path>.\fonts\</path>
         <kind>object</kind>
         <file>fontcmss16i.obj</file>
         <name>fontcmss16i.obj</name>
      </input_file>
      <input_file id="fl-61">
         <path>.\fonts\</path>
         <kind>object</kind>
         <file>fontcmss18.obj</file>
         <name>fontcmss18.obj</name>
      </input_file>
      <input_file id="fl-62">
         <path>.\fonts\</path>
         <kind>object</kind>
         <file>fontcmss18b.obj</file>
         <name>fontcmss18b.obj</name>
      </input_file>
      <input_file id="fl-63">
         <path>.\fonts\</path>
         <kind>object</kind>
         <file>fontcmss18i.obj</file>
         <name>fontcmss18i.obj</name>
      </input_file>
      <input_file id="fl-64">
         <path>.\fonts\</path>
         <kind>object</kind>
         <file>fontcmss20.obj</file>
         <name>fontcmss20.obj</name>
      </input_file>
      <input_file id="fl-65">
         <path>.\fonts\</path>
         <kind>object</kind>
         <file>fontcmss20b.obj</file>
         <name>fontcmss20b.obj</name>
      </input_file>
      <input_file id="fl-66">
         <path>.\fonts\</path>
         <kind>object</kind>
         <file>fontcmss20i.obj</file>
         <name>fontcmss20i.obj</name>
      </input_file>
      <input_file id="fl-67">
         <path>.\fonts\</path>
         <kind>object</kind>
         <file>fontcmss22.obj</file>
         <name>fontcmss22.obj</name>
      </input_file>
      <input_file id="fl-68">
         <path>.\fonts\</path>
         <kind>object</kind>
         <file>fontcmss22b.obj</file>
         <name>fontcmss22b.obj</name>
      </input_file>
      <input_file id="fl-69">
         <path>.\fonts\</path>
         <kind>object</kind>
         <file>fontcmss22i.obj</file>
         <name>fontcmss22i.obj</name>
      </input_file>
      <input_file id="fl-6a">
         <path>.\fonts\</path>
         <kind>object</kind>
         <file>fontcmss24.obj</file>
         <name>fontcmss24.obj</name>
      </input_file>
      <input_file id="fl-6b">
         <path>.\fonts\</path>
         <kind>object</kind>
         <file>fontcmss24b.obj</file>
         <name>fontcmss24b.obj</name>
      </input_file>
      <input_file id="fl-6c">
         <path>.\fonts\</path>
         <kind>object</kind>
         <file>fontcmss24i.obj</file>
         <name>fontcmss24i.obj</name>
      </input_file>
      <input_file id="fl-6d">
         <path>.\fonts\</path>
         <kind>object</kind>
         <file>fontcmss26.obj</file>
         <name>fontcmss26.obj</name>
      </input_file>
      <input_file id="fl-6e">
         <path>.\fonts\</path>
         <kind>object</kind>
         <file>fontcmss26b.obj</file>
         <name>fontcmss26b.obj</name>
      </input_file>
      <input_file id="fl-6f">
         <path>.\fonts\</path>
         <kind>object</kind>
         <file>fontcmss26i.obj</file>
         <name>fontcmss26i.obj</name>
      </input_file>
      <input_file id="fl-70">
         <path>.\fonts\</path>
         <kind>object</kind>
         <file>fontcmss28.obj</file>
         <name>fontcmss28.obj</name>
      </input_file>
      <input_file id="fl-71">
         <path>.\fonts\</path>
         <kind>object</kind>
         <file>fontcmss28b.obj</file>
         <name>fontcmss28b.obj</name>
      </input_file>
      <input_file id="fl-72">
         <path>.\fonts\</path>
         <kind>object</kind>
         <file>fontcmss28i.obj</file>
         <name>fontcmss28i.obj</name>
      </input_file>
      <input_file id="fl-73">
         <path>.\fonts\</path>
         <kind>object</kind>
         <file>fontcmss30.obj</file>
         <name>fontcmss30.obj</name>
      </input_file>
      <input_file id="fl-74">
         <path>.\fonts\</path>
         <kind>object</kind>
         <file>fontcmss30b.obj</file>
         <name>fontcmss30b.obj</name>
      </input_file>
      <input_file id="fl-75">
         <path>.\fonts\</path>
         <kind>object</kind>
         <file>fontcmss30i.obj</file>
         <name>fontcmss30i.obj</name>
      </input_file>
      <input_file id="fl-76">
         <path>.\fonts\</path>
         <kind>object</kind>
         <file>fontcmss32.obj</file>
         <name>fontcmss32.obj</name>
      </input_file>
      <input_file id="fl-77">
         <path>.\fonts\</path>
         <kind>object</kind>
         <file>fontcmss32b.obj</file>
         <name>fontcmss32b.obj</name>
      </input_file>
      <input_file id="fl-78">
         <path>.\fonts\</path>
         <kind>object</kind>
         <file>fontcmss32i.obj</file>
         <name>fontcmss32i.obj</name>
      </input_file>
      <input_file id="fl-79">
         <path>.\fonts\</path>
         <kind>object</kind>
         <file>fontcmss34.obj</file>
         <name>fontcmss34.obj</name>
      </input_file>
      <input_file id="fl-7a">
         <path>.\fonts\</path>
         <kind>object</kind>
         <file>fontcmss34b.obj</file>
         <name>fontcmss34b.obj</name>
      </input_file>
      <input_file id="fl-7b">
         <path>.\fonts\</path>
         <kind>object</kind>
         <file>fontcmss34i.obj</file>
         <name>fontcmss34i.obj</name>
      </input_file>
      <input_file id="fl-7c">
         <path>.\fonts\</path>
         <kind>object</kind>
         <file>fontcmss36.obj</file>
         <name>fontcmss36.obj</name>
      </input_file>
      <input_file id="fl-7d">
         <path>.\fonts\</path>
         <kind>object</kind>
         <file>fontcmss36b.obj</file>
         <name>fontcmss36b.obj</name>
      </input_file>
      <input_file id="fl-7e">
         <path>.\fonts\</path>
         <kind>object</kind>
         <file>fontcmss36i.obj</file>
         <name>fontcmss36i.obj</name>
      </input_file>
      <input_file id="fl-7f">
         <path>.\fonts\</path>
         <kind>object</kind>
         <file>fontcmss38.obj</file>
         <name>fontcmss38.obj</name>
      </input_file>
      <input_file id="fl-80">
         <path>.\fonts\</path>
         <kind>object</kind>
         <file>fontcmss38b.obj</file>
         <name>fontcmss38b.obj</name>
      </input_file>
      <input_file id="fl-81">
         <path>.\fonts\</path>
         <kind>object</kind>
         <file>fontcmss38i.obj</file>
         <name>fontcmss38i.obj</name>
      </input_file>
      <input_file id="fl-82">
         <path>.\fonts\</path>
         <kind>object</kind>
         <file>fontcmss40.obj</file>
         <name>fontcmss40.obj</name>
      </input_file>
      <input_file id="fl-83">
         <path>.\fonts\</path>
         <kind>object</kind>
         <file>fontcmss40b.obj</file>
         <name>fontcmss40b.obj</name>
      </input_file>
      <input_file id="fl-84">
         <path>.\fonts\</path>
         <kind>object</kind>
         <file>fontcmss40i.obj</file>
         <name>fontcmss40i.obj</name>
      </input_file>
      <input_file id="fl-85">
         <path>.\fonts\</path>
         <kind>object</kind>
         <file>fontcmss42.obj</file>
         <name>fontcmss42.obj</name>
      </input_file>
      <input_file id="fl-86">
         <path>.\fonts\</path>
         <kind>object</kind>
         <file>fontcmss42b.obj</file>
         <name>fontcmss42b.obj</name>
      </input_file>
      <input_file id="fl-87">
         <path>.\fonts\</path>
         <kind>object</kind>
         <file>fontcmss42i.obj</file>
         <name>fontcmss42i.obj</name>
      </input_file>
      <input_file id="fl-88">
         <path>.\fonts\</path>
         <kind>object</kind>
         <file>fontcmss44.obj</file>
         <name>fontcmss44.obj</name>
      </input_file>
      <input_file id="fl-89">
         <path>.\fonts\</path>
         <kind>object</kind>
         <file>fontcmss44b.obj</file>
         <name>fontcmss44b.obj</name>
      </input_file>
      <input_file id="fl-8a">
         <path>.\fonts\</path>
         <kind>object</kind>
         <file>fontcmss44i.obj</file>
         <name>fontcmss44i.obj</name>
      </input_file>
      <input_file id="fl-8b">
         <path>.\fonts\</path>
         <kind>object</kind>
         <file>fontcmss46.obj</file>
         <name>fontcmss46.obj</name>
      </input_file>
      <input_file id="fl-8c">
         <path>.\fonts\</path>
         <kind>object</kind>
         <file>fontcmss46b.obj</file>
         <name>fontcmss46b.obj</name>
      </input_file>
      <input_file id="fl-8d">
         <path>.\fonts\</path>
         <kind>object</kind>
         <file>fontcmss46i.obj</file>
         <name>fontcmss46i.obj</name>
      </input_file>
      <input_file id="fl-8e">
         <path>.\fonts\</path>
         <kind>object</kind>
         <file>fontcmss48.obj</file>
         <name>fontcmss48.obj</name>
      </input_file>
      <input_file id="fl-8f">
         <path>.\fonts\</path>
         <kind>object</kind>
         <file>fontcmss48b.obj</file>
         <name>fontcmss48b.obj</name>
      </input_file>
      <input_file id="fl-90">
         <path>.\fonts\</path>
         <kind>object</kind>
         <file>fontcmss48i.obj</file>
         <name>fontcmss48i.obj</name>
      </input_file>
      <input_file id="fl-91">
         <path>.\fonts\</path>
         <kind>object</kind>
         <file>fontcmtt12.obj</file>
         <name>fontcmtt12.obj</name>
      </input_file>
      <input_file id="fl-92">
         <path>.\fonts\</path>
         <kind>object</kind>
         <file>fontcmtt14.obj</file>
         <name>fontcmtt14.obj</name>
      </input_file>
      <input_file id="fl-93">
         <path>.\fonts\</path>
         <kind>object</kind>
         <file>fontcmtt16.obj</file>
         <name>fontcmtt16.obj</name>
      </input_file>
      <input_file id="fl-94">
         <path>.\fonts\</path>
         <kind>object</kind>
         <file>fontcmtt18.obj</file>
         <name>fontcmtt18.obj</name>
      </input_file>
      <input_file id="fl-95">
         <path>.\fonts\</path>
         <kind>object</kind>
         <file>fontcmtt20.obj</file>
         <name>fontcmtt20.obj</name>
      </input_file>
      <input_file id="fl-96">
         <path>.\fonts\</path>
         <kind>object</kind>
         <file>fontcmtt22.obj</file>
         <name>fontcmtt22.obj</name>
      </input_file>
      <input_file id="fl-97">
         <path>.\fonts\</path>
         <kind>object</kind>
         <file>fontcmtt24.obj</file>
         <name>fontcmtt24.obj</name>
      </input_file>
      <input_file id="fl-98">
         <path>.\fonts\</path>
         <kind>object</kind>
         <file>fontcmtt26.obj</file>
         <name>fontcmtt26.obj</name>
      </input_file>
      <input_file id="fl-99">
         <path>.\fonts\</path>
         <kind>object</kind>
         <file>fontcmtt28.obj</file>
         <name>fontcmtt28.obj</name>
      </input_file>
      <input_file id="fl-9a">
         <path>.\fonts\</path>
         <kind>object</kind>
         <file>fontcmtt30.obj</file>
         <name>fontcmtt30.obj</name>
      </input_file>
      <input_file id="fl-9b">
         <path>.\fonts\</path>
         <kind>object</kind>
         <file>fontcmtt32.obj</file>
         <name>fontcmtt32.obj</name>
      </input_file>
      <input_file id="fl-9c">
         <path>.\fonts\</path>
         <kind>object</kind>
         <file>fontcmtt34.obj</file>
         <name>fontcmtt34.obj</name>
      </input_file>
      <input_file id="fl-9d">
         <path>.\fonts\</path>
         <kind>object</kind>
         <file>fontcmtt36.obj</file>
         <name>fontcmtt36.obj</name>
      </input_file>
      <input_file id="fl-9e">
         <path>.\fonts\</path>
         <kind>object</kind>
         <file>fontcmtt38.obj</file>
         <name>fontcmtt38.obj</name>
      </input_file>
      <input_file id="fl-9f">
         <path>.\fonts\</path>
         <kind>object</kind>
         <file>fontcmtt40.obj</file>
         <name>fontcmtt40.obj</name>
      </input_file>
      <input_file id="fl-a0">
         <path>.\fonts\</path>
         <kind>object</kind>
         <file>fontcmtt42.obj</file>
         <name>fontcmtt42.obj</name>
      </input_file>
      <input_file id="fl-a1">
         <path>.\fonts\</path>
         <kind>object</kind>
         <file>fontcmtt44.obj</file>
         <name>fontcmtt44.obj</name>
      </input_file>
      <input_file id="fl-a2">
         <path>.\fonts\</path>
         <kind>object</kind>
         <file>fontcmtt46.obj</file>
         <name>fontcmtt46.obj</name>
      </input_file>
      <input_file id="fl-a3">
         <path>.\fonts\</path>
         <kind>object</kind>
         <file>fontcmtt48.obj</file>
         <name>fontcmtt48.obj</name>
      </input_file>
      <input_file id="fl-a4">
         <path>.\fonts\</path>
         <kind>object</kind>
         <file>fontfixed6x8.obj</file>
         <name>fontfixed6x8.obj</name>
      </input_file>
      <input_file id="fl-ad">
         <kind>object</kind>
         <file>&lt;internal&gt;</file>
         <name>&lt;internal&gt;</name>
      </input_file>
      <input_file id="fl-ae">
         <path>C:\ti\simplelink_msp432_sdk_1_40_01_00\source\ti\grlib\ccs\</path>
         <kind>archive</kind>
         <file>grlib.lib</file>
         <name>context.o</name>
      </input_file>
      <input_file id="fl-af">
         <path>C:\ti\simplelink_msp432_sdk_1_40_01_00\source\ti\grlib\ccs\</path>
         <kind>archive</kind>
         <file>grlib.lib</file>
         <name>display.o</name>
      </input_file>
      <input_file id="fl-b0">
         <path>C:\ti\simplelink_msp432_sdk_1_40_01_00\source\ti\grlib\ccs\</path>
         <kind>archive</kind>
         <file>grlib.lib</file>
         <name>rectangle.o</name>
      </input_file>
      <input_file id="fl-b1">
         <path>C:\ti\simplelink_msp432_sdk_1_40_01_00\source\ti\grlib\ccs\</path>
         <kind>archive</kind>
         <file>grlib.lib</file>
         <name>line.o</name>
      </input_file>
      <input_file id="fl-b2">
         <path>C:\ti\simplelink_msp432_sdk_1_40_01_00\source\ti\devices\msp432p4xx\driverlib\ccs\</path>
         <kind>archive</kind>
         <file>msp432p4xx_driverlib.lib</file>
         <name>adc14.obj</name>
      </input_file>
      <input_file id="fl-b3">
         <path>C:\ti\simplelink_msp432_sdk_1_40_01_00\source\ti\devices\msp432p4xx\driverlib\ccs\</path>
         <kind>archive</kind>
         <file>msp432p4xx_driverlib.lib</file>
         <name>gpio.obj</name>
      </input_file>
      <input_file id="fl-b4">
         <path>C:\ti\simplelink_msp432_sdk_1_40_01_00\source\ti\devices\msp432p4xx\driverlib\ccs\</path>
         <kind>archive</kind>
         <file>msp432p4xx_driverlib.lib</file>
         <name>interrupt.obj</name>
      </input_file>
      <input_file id="fl-b5">
         <path>C:\ti\simplelink_msp432_sdk_1_40_01_00\source\ti\devices\msp432p4xx\driverlib\ccs\</path>
         <kind>archive</kind>
         <file>msp432p4xx_driverlib.lib</file>
         <name>spi.obj</name>
      </input_file>
      <input_file id="fl-b6">
         <path>C:\ti\simplelink_msp432_sdk_1_40_01_00\source\ti\devices\msp432p4xx\driverlib\ccs\</path>
         <kind>archive</kind>
         <file>msp432p4xx_driverlib.lib</file>
         <name>cpu.obj</name>
      </input_file>
      <input_file id="fl-16c">
         <path>C:\ti\ccsv7\tools\compiler\ti-cgt-arm_16.9.3.LTS\lib\</path>
         <kind>archive</kind>
         <file>rtsv7M4_T_le_v4SPD16_eabi.lib</file>
         <name>boot.obj</name>
      </input_file>
      <input_file id="fl-16d">
         <path>C:\ti\ccsv7\tools\compiler\ti-cgt-arm_16.9.3.LTS\lib\</path>
         <kind>archive</kind>
         <file>rtsv7M4_T_le_v4SPD16_eabi.lib</file>
         <name>copy_decompress_lzss.obj</name>
      </input_file>
      <input_file id="fl-16e">
         <path>C:\ti\ccsv7\tools\compiler\ti-cgt-arm_16.9.3.LTS\lib\</path>
         <kind>archive</kind>
         <file>rtsv7M4_T_le_v4SPD16_eabi.lib</file>
         <name>copy_decompress_none.obj</name>
      </input_file>
      <input_file id="fl-16f">
         <path>C:\ti\ccsv7\tools\compiler\ti-cgt-arm_16.9.3.LTS\lib\</path>
         <kind>archive</kind>
         <file>rtsv7M4_T_le_v4SPD16_eabi.lib</file>
         <name>copy_zero_init.obj</name>
      </input_file>
      <input_file id="fl-170">
         <path>C:\ti\ccsv7\tools\compiler\ti-cgt-arm_16.9.3.LTS\lib\</path>
         <kind>archive</kind>
         <file>rtsv7M4_T_le_v4SPD16_eabi.lib</file>
         <name>exit.obj</name>
      </input_file>
      <input_file id="fl-171">
         <path>C:\ti\ccsv7\tools\compiler\ti-cgt-arm_16.9.3.LTS\lib\</path>
         <kind>archive</kind>
         <file>rtsv7M4_T_le_v4SPD16_eabi.lib</file>
         <name>fd_add_t2.obj</name>
      </input_file>
      <input_file id="fl-172">
         <path>C:\ti\ccsv7\tools\compiler\ti-cgt-arm_16.9.3.LTS\lib\</path>
         <kind>archive</kind>
         <file>rtsv7M4_T_le_v4SPD16_eabi.lib</file>
         <name>fd_mul_t2.obj</name>
      </input_file>
      <input_file id="fl-173">
         <path>C:\ti\ccsv7\tools\compiler\ti-cgt-arm_16.9.3.LTS\lib\</path>
         <kind>archive</kind>
         <file>rtsv7M4_T_le_v4SPD16_eabi.lib</file>
         <name>fd_toull_t2.obj</name>
      </input_file>
      <input_file id="fl-174">
         <path>C:\ti\ccsv7\tools\compiler\ti-cgt-arm_16.9.3.LTS\lib\</path>
         <kind>archive</kind>
         <file>rtsv7M4_T_le_v4SPD16_eabi.lib</file>
         <name>memcpy_t2.obj</name>
      </input_file>
      <input_file id="fl-175">
         <path>C:\ti\ccsv7\tools\compiler\ti-cgt-arm_16.9.3.LTS\lib\</path>
         <kind>archive</kind>
         <file>rtsv7M4_T_le_v4SPD16_eabi.lib</file>
         <name>memset_t2.obj</name>
      </input_file>
      <input_file id="fl-176">
         <path>C:\ti\ccsv7\tools\compiler\ti-cgt-arm_16.9.3.LTS\lib\</path>
         <kind>archive</kind>
         <file>rtsv7M4_T_le_v4SPD16_eabi.lib</file>
         <name>mpu_init.obj</name>
      </input_file>
      <input_file id="fl-177">
         <path>C:\ti\ccsv7\tools\compiler\ti-cgt-arm_16.9.3.LTS\lib\</path>
         <kind>archive</kind>
         <file>rtsv7M4_T_le_v4SPD16_eabi.lib</file>
         <name>pre_init.obj</name>
      </input_file>
      <input_file id="fl-178">
         <path>C:\ti\ccsv7\tools\compiler\ti-cgt-arm_16.9.3.LTS\lib\</path>
         <kind>archive</kind>
         <file>rtsv7M4_T_le_v4SPD16_eabi.lib</file>
         <name>stkdepth_vars.obj</name>
      </input_file>
      <input_file id="fl-179">
         <path>C:\ti\ccsv7\tools\compiler\ti-cgt-arm_16.9.3.LTS\lib\</path>
         <kind>archive</kind>
         <file>rtsv7M4_T_le_v4SPD16_eabi.lib</file>
         <name>typeinfo_.obj</name>
      </input_file>
      <input_file id="fl-17a">
         <path>C:\ti\ccsv7\tools\compiler\ti-cgt-arm_16.9.3.LTS\lib\</path>
         <kind>archive</kind>
         <file>rtsv7M4_T_le_v4SPD16_eabi.lib</file>
         <name>ull_tofd_t2.obj</name>
      </input_file>
      <input_file id="fl-17b">
         <path>C:\ti\ccsv7\tools\compiler\ti-cgt-arm_16.9.3.LTS\lib\</path>
         <kind>archive</kind>
         <file>rtsv7M4_T_le_v4SPD16_eabi.lib</file>
         <name>_lock.obj</name>
      </input_file>
      <input_file id="fl-17c">
         <path>C:\ti\ccsv7\tools\compiler\ti-cgt-arm_16.9.3.LTS\lib\</path>
         <kind>archive</kind>
         <file>rtsv7M4_T_le_v4SPD16_eabi.lib</file>
         <name>args_main.obj</name>
      </input_file>
      <input_file id="fl-17d">
         <path>C:\ti\ccsv7\tools\compiler\ti-cgt-arm_16.9.3.LTS\lib\</path>
         <kind>archive</kind>
         <file>rtsv7M4_T_le_v4SPD16_eabi.lib</file>
         <name>autoinit.obj</name>
      </input_file>
      <input_file id="fl-17e">
         <path>C:\ti\ccsv7\tools\compiler\ti-cgt-arm_16.9.3.LTS\lib\</path>
         <kind>archive</kind>
         <file>rtsv7M4_T_le_v4SPD16_eabi.lib</file>
         <name>cpy_tbl.obj</name>
      </input_file>
      <input_file id="fl-17f">
         <path>C:\ti\ccsv7\tools\compiler\ti-cgt-arm_16.9.3.LTS\lib\</path>
         <kind>archive</kind>
         <file>rtsv7M4_T_le_v4SPD16_eabi.lib</file>
         <name>delete.obj</name>
      </input_file>
      <input_file id="fl-180">
         <path>C:\ti\ccsv7\tools\compiler\ti-cgt-arm_16.9.3.LTS\lib\</path>
         <kind>archive</kind>
         <file>rtsv7M4_T_le_v4SPD16_eabi.lib</file>
         <name>memory.obj</name>
      </input_file>
      <input_file id="fl-181">
         <path>C:\ti\ccsv7\tools\compiler\ti-cgt-arm_16.9.3.LTS\lib\</path>
         <kind>archive</kind>
         <file>rtsv7M4_T_le_v4SPD16_eabi.lib</file>
         <name>startup.obj</name>
      </input_file>
   </input_file_list>
   <object_component_list>
      <object_component id="oc-2d">
         <name>.intvecs:retain</name>
         <load_address>0x0</load_address>
         <run_address>0x0</run_address>
         <size>0xe4</size>
         <input_file_ref idref="fl-8"/>
      </object_component>
      <object_component id="oc-bf">
         <name>.text</name>
         <load_address>0xe4</load_address>
         <run_address>0xe4</run_address>
         <size>0x680</size>
         <input_file_ref idref="fl-a"/>
      </object_component>
      <object_component id="oc-ef">
         <name>.text</name>
         <load_address>0x764</load_address>
         <run_address>0x764</run_address>
         <size>0x47e</size>
         <input_file_ref idref="fl-5"/>
      </object_component>
      <object_component id="oc-57">
         <name>.text</name>
         <load_address>0xbe2</load_address>
         <run_address>0xbe2</run_address>
         <size>0x2</size>
         <input_file_ref idref="fl-176"/>
      </object_component>
      <object_component id="oc-79">
         <name>.text</name>
         <load_address>0xbe4</load_address>
         <run_address>0xbe4</run_address>
         <size>0x3f4</size>
         <input_file_ref idref="fl-7"/>
      </object_component>
      <object_component id="oc-401">
         <name>.text</name>
         <load_address>0xfd8</load_address>
         <run_address>0xfd8</run_address>
         <size>0x3d0</size>
         <input_file_ref idref="fl-180"/>
      </object_component>
      <object_component id="oc-12b">
         <name>.text</name>
         <load_address>0x13a8</load_address>
         <run_address>0x13a8</run_address>
         <size>0x32c</size>
         <input_file_ref idref="fl-9"/>
      </object_component>
      <object_component id="oc-1ba">
         <name>.text</name>
         <load_address>0x16d4</load_address>
         <run_address>0x16d4</run_address>
         <size>0x1b6</size>
         <input_file_ref idref="fl-171"/>
      </object_component>
      <object_component id="oc-aa">
         <name>.text</name>
         <load_address>0x188a</load_address>
         <run_address>0x188a</run_address>
         <size>0x2</size>
         <input_file_ref idref="fl-181"/>
      </object_component>
      <object_component id="oc-1e6">
         <name>.text:_getIndexForMemRegister</name>
         <load_address>0x188c</load_address>
         <run_address>0x188c</run_address>
         <size>0x154</size>
         <input_file_ref idref="fl-b2"/>
      </object_component>
      <object_component id="oc-e9">
         <name>.text</name>
         <load_address>0x19e0</load_address>
         <run_address>0x19e0</run_address>
         <size>0x120</size>
         <input_file_ref idref="fl-2"/>
      </object_component>
      <object_component id="oc-1b5">
         <name>.text</name>
         <load_address>0x1b00</load_address>
         <run_address>0x1b00</run_address>
         <size>0xfc</size>
         <input_file_ref idref="fl-172"/>
      </object_component>
      <object_component id="oc-166">
         <name>.text</name>
         <load_address>0x1bfc</load_address>
         <run_address>0x1bfc</run_address>
         <size>0xcc</size>
         <input_file_ref idref="fl-b"/>
      </object_component>
      <object_component id="oc-3bd">
         <name>.text</name>
         <load_address>0x1cc8</load_address>
         <run_address>0x1cc8</run_address>
         <size>0xbc</size>
         <input_file_ref idref="fl-179"/>
      </object_component>
      <object_component id="oc-e3">
         <name>.text</name>
         <load_address>0x1d84</load_address>
         <run_address>0x1d84</run_address>
         <size>0xb8</size>
         <input_file_ref idref="fl-4"/>
      </object_component>
      <object_component id="oc-3f">
         <name>.text</name>
         <load_address>0x1e3c</load_address>
         <run_address>0x1e3c</run_address>
         <size>0x9c</size>
         <input_file_ref idref="fl-174"/>
      </object_component>
      <object_component id="oc-f5">
         <name>.text</name>
         <load_address>0x1ed8</load_address>
         <run_address>0x1ed8</run_address>
         <size>0x94</size>
         <input_file_ref idref="fl-6"/>
      </object_component>
      <object_component id="oc-dd">
         <name>.text:Graphics_fillRectangle</name>
         <load_address>0x1f6c</load_address>
         <run_address>0x1f6c</run_address>
         <size>0x84</size>
         <input_file_ref idref="fl-b0"/>
      </object_component>
      <object_component id="oc-2fe">
         <name>.text:SPI_initMaster</name>
         <load_address>0x1ff0</load_address>
         <run_address>0x1ff0</run_address>
         <size>0x7c</size>
         <input_file_ref idref="fl-b5"/>
      </object_component>
      <object_component id="oc-4b">
         <name>.text</name>
         <load_address>0x206c</load_address>
         <run_address>0x206c</run_address>
         <size>0x7a</size>
         <input_file_ref idref="fl-175"/>
      </object_component>
      <object_component id="oc-63">
         <name>.text</name>
         <load_address>0x20e8</load_address>
         <run_address>0x20e8</run_address>
         <size>0x70</size>
         <input_file_ref idref="fl-17d"/>
      </object_component>
      <object_component id="oc-14">
         <name>.text:decompress:lzss</name>
         <load_address>0x2158</load_address>
         <run_address>0x2158</run_address>
         <size>0x68</size>
         <input_file_ref idref="fl-16d"/>
      </object_component>
      <object_component id="oc-1bf">
         <name>.text</name>
         <load_address>0x21c0</load_address>
         <run_address>0x21c0</run_address>
         <size>0x5c</size>
         <input_file_ref idref="fl-173"/>
      </object_component>
      <object_component id="oc-26">
         <name>.text</name>
         <load_address>0x221c</load_address>
         <run_address>0x221c</run_address>
         <size>0x54</size>
         <input_file_ref idref="fl-16c"/>
      </object_component>
      <object_component id="oc-6f">
         <name>.text</name>
         <load_address>0x2270</load_address>
         <run_address>0x2270</run_address>
         <size>0x54</size>
         <input_file_ref idref="fl-170"/>
      </object_component>
      <object_component id="oc-2f2">
         <name>.text:GPIO_setAsPeripheralModuleFunctionOutputPin</name>
         <load_address>0x22c4</load_address>
         <run_address>0x22c4</run_address>
         <size>0x4c</size>
         <input_file_ref idref="fl-b3"/>
      </object_component>
      <object_component id="oc-a4">
         <name>.text</name>
         <load_address>0x2310</load_address>
         <run_address>0x2310</run_address>
         <size>0x4c</size>
         <input_file_ref idref="fl-17e"/>
      </object_component>
      <object_component id="oc-364">
         <name>.text:is_A_Module</name>
         <load_address>0x235c</load_address>
         <run_address>0x235c</run_address>
         <size>0x30</size>
         <input_file_ref idref="fl-b5"/>
      </object_component>
      <object_component id="oc-1b0">
         <name>.text</name>
         <load_address>0x238c</load_address>
         <run_address>0x238c</run_address>
         <size>0x2c</size>
         <input_file_ref idref="fl-17a"/>
      </object_component>
      <object_component id="oc-2f8">
         <name>.text:GPIO_setAsOutputPin</name>
         <load_address>0x23b8</load_address>
         <run_address>0x23b8</run_address>
         <size>0x24</size>
         <input_file_ref idref="fl-b3"/>
      </object_component>
      <object_component id="oc-c5">
         <name>.text:Graphics_initContext</name>
         <load_address>0x23dc</load_address>
         <run_address>0x23dc</run_address>
         <size>0x22</size>
         <input_file_ref idref="fl-ae"/>
      </object_component>
      <object_component id="oc-304">
         <name>.text:SPI_enableModule</name>
         <load_address>0x23fe</load_address>
         <run_address>0x23fe</run_address>
         <size>0x1a</size>
         <input_file_ref idref="fl-b5"/>
      </object_component>
      <object_component id="oc-fb">
         <name>.text:ADC14_getResult</name>
         <load_address>0x2418</load_address>
         <run_address>0x2418</run_address>
         <size>0x18</size>
         <input_file_ref idref="fl-b2"/>
      </object_component>
      <object_component id="oc-16c">
         <name>.text:GPIO_setOutputLowOnPin</name>
         <load_address>0x2430</load_address>
         <run_address>0x2430</run_address>
         <size>0x18</size>
         <input_file_ref idref="fl-b3"/>
      </object_component>
      <object_component id="oc-69">
         <name>.text</name>
         <load_address>0x2448</load_address>
         <run_address>0x2448</run_address>
         <size>0x18</size>
         <input_file_ref idref="fl-17c"/>
      </object_component>
      <object_component id="oc-172">
         <name>.text:GPIO_setOutputHighOnPin</name>
         <load_address>0x2460</load_address>
         <run_address>0x2460</run_address>
         <size>0x14</size>
         <input_file_ref idref="fl-b3"/>
      </object_component>
      <object_component id="oc-15a">
         <name>.text</name>
         <load_address>0x2474</load_address>
         <run_address>0x2474</run_address>
         <size>0x14</size>
         <input_file_ref idref="fl-17b"/>
      </object_component>
      <object_component id="oc-d1">
         <name>.text:Graphics_setBackgroundColor</name>
         <load_address>0x2488</load_address>
         <run_address>0x2488</run_address>
         <size>0xe</size>
         <input_file_ref idref="fl-ae"/>
      </object_component>
      <object_component id="oc-cb">
         <name>.text:Graphics_setForegroundColor</name>
         <load_address>0x2496</load_address>
         <run_address>0x2496</run_address>
         <size>0xe</size>
         <input_file_ref idref="fl-ae"/>
      </object_component>
      <object_component id="oc-1a">
         <name>.text:decompress:none</name>
         <load_address>0x24a4</load_address>
         <run_address>0x24a4</run_address>
         <size>0xe</size>
         <input_file_ref idref="fl-16e"/>
      </object_component>
      <object_component id="oc-7f">
         <name>.text</name>
         <load_address>0x24b2</load_address>
         <run_address>0x24b2</run_address>
         <size>0xe</size>
         <input_file_ref idref="fl-8"/>
      </object_component>
      <object_component id="oc-372">
         <name>.text:EUSCI_A_SPI_enable</name>
         <load_address>0x24c0</load_address>
         <run_address>0x24c0</run_address>
         <size>0xc</size>
         <input_file_ref idref="fl-b5"/>
      </object_component>
      <object_component id="oc-36c">
         <name>.text:EUSCI_B_SPI_enable</name>
         <load_address>0x24cc</load_address>
         <run_address>0x24cc</run_address>
         <size>0xc</size>
         <input_file_ref idref="fl-b5"/>
      </object_component>
      <object_component id="oc-338">
         <name>.text:_ZN4Task3runEv</name>
         <load_address>0x24d8</load_address>
         <run_address>0x24d8</run_address>
         <size>0xc</size>
         <input_file_ref idref="fl-6"/>
      </object_component>
      <object_component id="oc-33f">
         <name>.text:_ZN4Task5setupEv</name>
         <load_address>0x24e4</load_address>
         <run_address>0x24e4</run_address>
         <size>0xc</size>
         <input_file_ref idref="fl-6"/>
      </object_component>
      <object_component id="oc-20">
         <name>.text:decompress:ZI</name>
         <load_address>0x24f0</load_address>
         <run_address>0x24f0</run_address>
         <size>0xc</size>
         <input_file_ref idref="fl-16f"/>
      </object_component>
      <object_component id="oc-19b">
         <name>.text:Graphics_fillRectangleOnDisplay</name>
         <load_address>0x24fc</load_address>
         <run_address>0x24fc</run_address>
         <size>0xa</size>
         <input_file_ref idref="fl-af"/>
      </object_component>
      <object_component id="oc-18d">
         <name>.text:Graphics_translateColorOnDisplay</name>
         <load_address>0x2506</load_address>
         <run_address>0x2506</run_address>
         <size>0xa</size>
         <input_file_ref idref="fl-af"/>
      </object_component>
      <object_component id="oc-3d9">
         <name>.text</name>
         <load_address>0x2510</load_address>
         <run_address>0x2510</run_address>
         <size>0x8</size>
         <input_file_ref idref="fl-17f"/>
      </object_component>
      <object_component id="oc-d7">
         <name>.text:Graphics_setFont</name>
         <load_address>0x2518</load_address>
         <run_address>0x2518</run_address>
         <size>0x4</size>
         <input_file_ref idref="fl-ae"/>
      </object_component>
      <object_component id="oc-5d">
         <name>.text</name>
         <load_address>0x251c</load_address>
         <run_address>0x251c</run_address>
         <size>0x4</size>
         <input_file_ref idref="fl-177"/>
      </object_component>
      <object_component id="oc-2d5">
         <name>.const:.string:g_pucFontFixed6x8Data</name>
         <load_address>0x2520</load_address>
         <run_address>0x2520</run_address>
         <size>0x2f8</size>
         <input_file_ref idref="fl-a4"/>
      </object_component>
      <object_component id="oc-10b">
         <name>.const:g_sFontFixed6x8</name>
         <load_address>0x2818</load_address>
         <run_address>0x2818</run_address>
         <size>0xc8</size>
         <input_file_ref idref="fl-a4"/>
      </object_component>
      <object_component id="oc-1ec">
         <name>.const:_ctlRegs</name>
         <load_address>0x28e0</load_address>
         <run_address>0x28e0</run_address>
         <size>0x80</size>
         <input_file_ref idref="fl-b2"/>
      </object_component>
      <object_component id="oc-30e">
         <name>.const:GPIO_PORT_TO_BASE</name>
         <load_address>0x2960</load_address>
         <run_address>0x2960</run_address>
         <size>0x30</size>
         <input_file_ref idref="fl-b3"/>
      </object_component>
      <object_component id="oc-448">
         <name>.const:.typeinfo:_ZTSN10__cxxabiv123__fundamental_type_infoE</name>
         <load_address>0x2990</load_address>
         <run_address>0x2990</run_address>
         <size>0x28</size>
         <input_file_ref idref="fl-179"/>
      </object_component>
      <object_component id="oc-3d4">
         <name>.const:.typeinfo:_ZTSN10__cxxabiv120__si_class_type_infoE</name>
         <load_address>0x29b8</load_address>
         <run_address>0x29b8</run_address>
         <size>0x25</size>
         <input_file_ref idref="fl-179"/>
      </object_component>
      <object_component id="oc-434">
         <name>.const:.typeinfo:_ZTSN10__cxxabiv119__pointer_type_infoE</name>
         <load_address>0x29dd</load_address>
         <run_address>0x29dd</run_address>
         <size>0x24</size>
         <input_file_ref idref="fl-179"/>
      </object_component>
      <object_component id="oc-3f7">
         <name>.const:.typeinfo:_ZTSN10__cxxabiv117__class_type_infoE</name>
         <load_address>0x2a01</load_address>
         <run_address>0x2a01</run_address>
         <size>0x22</size>
         <input_file_ref idref="fl-179"/>
      </object_component>
      <object_component id="oc-443">
         <name>.const:.typeinfo:_ZTSN10__cxxabiv117__pbase_type_infoE</name>
         <load_address>0x2a23</load_address>
         <run_address>0x2a23</run_address>
         <size>0x22</size>
         <input_file_ref idref="fl-179"/>
      </object_component>
      <object_component id="oc-42d">
         <name>.const:.typeinfo:_ZTSe</name>
         <load_address>0x2a45</load_address>
         <run_address>0x2a45</run_address>
         <size>0x2</size>
         <input_file_ref idref="fl-179"/>
      </object_component>
      <object_component id="oc-108">
         <name>.const:g_sCrystalfontz128x128_funcs</name>
         <load_address>0x2a48</load_address>
         <run_address>0x2a48</run_address>
         <size>0x20</size>
         <input_file_ref idref="fl-a"/>
      </object_component>
      <object_component id="oc-30a">
         <name>.const:$P$T40$1</name>
         <load_address>0x2a68</load_address>
         <run_address>0x2a68</run_address>
         <size>0x1c</size>
         <input_file_ref idref="fl-b"/>
      </object_component>
      <object_component id="oc-3e0">
         <name>.const:.typeinfo:_ZTIPKe</name>
         <load_address>0x2a84</load_address>
         <run_address>0x2a84</run_address>
         <size>0x10</size>
         <input_file_ref idref="fl-179"/>
      </object_component>
      <object_component id="oc-1d9">
         <name>.const:_ZTV4Task</name>
         <load_address>0x2a94</load_address>
         <run_address>0x2a94</run_address>
         <size>0x10</size>
         <input_file_ref idref="fl-6"/>
      </object_component>
      <object_component id="oc-1a8">
         <name>.const:_ZTV5Paint</name>
         <load_address>0x2aa4</load_address>
         <run_address>0x2aa4</run_address>
         <size>0x10</size>
         <input_file_ref idref="fl-4"/>
      </object_component>
      <object_component id="oc-1c4">
         <name>.const:_ZTV6Caldif</name>
         <load_address>0x2ab4</load_address>
         <run_address>0x2ab4</run_address>
         <size>0x10</size>
         <input_file_ref idref="fl-2"/>
      </object_component>
      <object_component id="oc-39c">
         <name>.const:_ZTVN10__cxxabiv117__class_type_infoE</name>
         <load_address>0x2ac4</load_address>
         <run_address>0x2ac4</run_address>
         <size>0x10</size>
         <input_file_ref idref="fl-179"/>
      </object_component>
      <object_component id="oc-409">
         <name>.const:_ZTVN10__cxxabiv119__pointer_type_infoE</name>
         <load_address>0x2ad4</load_address>
         <run_address>0x2ad4</run_address>
         <size>0x10</size>
         <input_file_ref idref="fl-179"/>
      </object_component>
      <object_component id="oc-38d">
         <name>.const:_ZTVN10__cxxabiv120__si_class_type_infoE</name>
         <load_address>0x2ae4</load_address>
         <run_address>0x2ae4</run_address>
         <size>0x10</size>
         <input_file_ref idref="fl-179"/>
      </object_component>
      <object_component id="oc-428">
         <name>.const:_ZTVN10__cxxabiv123__fundamental_type_infoE</name>
         <load_address>0x2af4</load_address>
         <run_address>0x2af4</run_address>
         <size>0x10</size>
         <input_file_ref idref="fl-179"/>
      </object_component>
      <object_component id="oc-418">
         <name>.const:.typeinfo:_ZTSSt9type_info</name>
         <load_address>0x2b04</load_address>
         <run_address>0x2b04</run_address>
         <size>0xd</size>
         <input_file_ref idref="fl-179"/>
      </object_component>
      <object_component id="oc-31f">
         <name>.const:.typeinfo:_ZTI5Paint</name>
         <load_address>0x2b14</load_address>
         <run_address>0x2b14</run_address>
         <size>0xc</size>
         <input_file_ref idref="fl-4"/>
      </object_component>
      <object_component id="oc-32a">
         <name>.const:.typeinfo:_ZTI6Caldif</name>
         <load_address>0x2b20</load_address>
         <run_address>0x2b20</run_address>
         <size>0xc</size>
         <input_file_ref idref="fl-2"/>
      </object_component>
      <object_component id="oc-3c6">
         <name>.const:.typeinfo:_ZTIN10__cxxabiv117__class_type_infoE</name>
         <load_address>0x2b2c</load_address>
         <run_address>0x2b2c</run_address>
         <size>0xc</size>
         <input_file_ref idref="fl-179"/>
      </object_component>
      <object_component id="oc-439">
         <name>.const:.typeinfo:_ZTIN10__cxxabiv117__pbase_type_infoE</name>
         <load_address>0x2b38</load_address>
         <run_address>0x2b38</run_address>
         <size>0xc</size>
         <input_file_ref idref="fl-179"/>
      </object_component>
      <object_component id="oc-423">
         <name>.const:.typeinfo:_ZTIN10__cxxabiv119__pointer_type_infoE</name>
         <load_address>0x2b44</load_address>
         <run_address>0x2b44</run_address>
         <size>0xc</size>
         <input_file_ref idref="fl-179"/>
      </object_component>
      <object_component id="oc-3b8">
         <name>.const:.typeinfo:_ZTIN10__cxxabiv120__si_class_type_infoE</name>
         <load_address>0x2b50</load_address>
         <run_address>0x2b50</run_address>
         <size>0xc</size>
         <input_file_ref idref="fl-179"/>
      </object_component>
      <object_component id="oc-43e">
         <name>.const:.typeinfo:_ZTIN10__cxxabiv123__fundamental_type_infoE</name>
         <load_address>0x2b5c</load_address>
         <run_address>0x2b5c</run_address>
         <size>0xc</size>
         <input_file_ref idref="fl-179"/>
      </object_component>
      <object_component id="oc-182">
         <name>.const:$P$T40$1</name>
         <load_address>0x2b68</load_address>
         <run_address>0x2b68</run_address>
         <size>0x8</size>
         <input_file_ref idref="fl-a"/>
      </object_component>
      <object_component id="oc-333">
         <name>.const:.typeinfo:_ZTI4Task</name>
         <load_address>0x2b70</load_address>
         <run_address>0x2b70</run_address>
         <size>0x8</size>
         <input_file_ref idref="fl-2"/>
      </object_component>
      <object_component id="oc-3fc">
         <name>.const:.typeinfo:_ZTISt9type_info</name>
         <load_address>0x2b78</load_address>
         <run_address>0x2b78</run_address>
         <size>0x8</size>
         <input_file_ref idref="fl-179"/>
      </object_component>
      <object_component id="oc-413">
         <name>.const:.typeinfo:_ZTIe</name>
         <load_address>0x2b80</load_address>
         <run_address>0x2b80</run_address>
         <size>0x8</size>
         <input_file_ref idref="fl-179"/>
      </object_component>
      <object_component id="oc-397">
         <name>.const:.typeinfo:_ZTS6Caldif</name>
         <load_address>0x2b88</load_address>
         <run_address>0x2b88</run_address>
         <size>0x8</size>
         <input_file_ref idref="fl-2"/>
      </object_component>
      <object_component id="oc-392">
         <name>.const:.typeinfo:_ZTS5Paint</name>
         <load_address>0x2b90</load_address>
         <run_address>0x2b90</run_address>
         <size>0x7</size>
         <input_file_ref idref="fl-4"/>
      </object_component>
      <object_component id="oc-3a1">
         <name>.const:.typeinfo:_ZTS4Task</name>
         <load_address>0x2b97</load_address>
         <run_address>0x2b97</run_address>
         <size>0x6</size>
         <input_file_ref idref="fl-2"/>
      </object_component>
      <object_component id="oc-40e">
         <name>.const:.typeinfo:_ZTSPKe</name>
         <load_address>0x2b9d</load_address>
         <run_address>0x2b9d</run_address>
         <size>0x4</size>
         <input_file_ref idref="fl-179"/>
      </object_component>
      <object_component id="oc-474">
         <name>.cinit..data.load</name>
         <load_address>0x2ba8</load_address>
         <run_address>0x2ba8</run_address>
         <size>0x24</size>
      </object_component>
      <object_component id="oc-472">
         <name>__TI_handler_table</name>
         <load_address>0x2bcc</load_address>
         <run_address>0x2bcc</run_address>
         <size>0xc</size>
      </object_component>
      <object_component id="oc-475">
         <name>.cinit..bss.load</name>
         <load_address>0x2bd8</load_address>
         <run_address>0x2bd8</run_address>
         <size>0x8</size>
      </object_component>
      <object_component id="oc-473">
         <name>__TI_cinit_table</name>
         <load_address>0x2be0</load_address>
         <run_address>0x2be0</run_address>
         <size>0x10</size>
      </object_component>
      <object_component id="oc-2c">
         <name>.init_array</name>
         <load_address>0x2ba4</load_address>
         <run_address>0x2ba4</run_address>
         <size>0x4</size>
         <input_file_ref idref="fl-7"/>
      </object_component>
      <object_component id="oc-44f">
         <name>.binit</name>
         <load_address>0x0</load_address>
         <run_address>0x0</run_address>
         <size>0x0</size>
      </object_component>
      <object_component id="oc-112">
         <name>.data</name>
         <load_address>0x200006c8</load_address>
         <run_address>0x200006c8</run_address>
         <size>0x9</size>
         <input_file_ref idref="fl-7"/>
      </object_component>
      <object_component id="oc-2df">
         <name>.data</name>
         <load_address>0x200006e0</load_address>
         <run_address>0x200006e0</run_address>
         <size>0x4</size>
         <input_file_ref idref="fl-9"/>
      </object_component>
      <object_component id="oc-105">
         <name>.data:g_sCrystalfontz128x128</name>
         <load_address>0x200006a0</load_address>
         <run_address>0x200006a0</run_address>
         <size>0x10</size>
         <input_file_ref idref="fl-a"/>
      </object_component>
      <object_component id="oc-b4">
         <name>.data:$O1$$</name>
         <load_address>0x200006b0</load_address>
         <run_address>0x200006b0</run_address>
         <size>0xc</size>
         <input_file_ref idref="fl-170"/>
      </object_component>
      <object_component id="oc-75">
         <name>.data</name>
         <load_address>0x200006dc</load_address>
         <run_address>0x200006dc</run_address>
         <size>0x4</size>
         <input_file_ref idref="fl-178"/>
      </object_component>
      <object_component id="oc-b7">
         <name>.data:$O1$$</name>
         <load_address>0x200006d4</load_address>
         <run_address>0x200006d4</run_address>
         <size>0x8</size>
         <input_file_ref idref="fl-17b"/>
      </object_component>
      <object_component id="oc-41d">
         <name>.data:$O1$$</name>
         <load_address>0x200006bc</load_address>
         <run_address>0x200006bc</run_address>
         <size>0xc</size>
         <input_file_ref idref="fl-180"/>
      </object_component>
      <object_component id="oc-10f">
         <name>.bss:g_MainScheduler</name>
         <uninitialized>true</uninitialized>
         <run_address>0x20000400</run_address>
         <size>0x250</size>
         <input_file_ref idref="fl-7"/>
      </object_component>
      <object_component id="oc-101">
         <name>.common:g_sContext</name>
         <uninitialized>true</uninitialized>
         <run_address>0x20000650</run_address>
         <size>0x1c</size>
      </object_component>
      <object_component id="oc-115">
         <name>.common:resultsBuffer</name>
         <uninitialized>true</uninitialized>
         <run_address>0x20000670</run_address>
         <size>0x18</size>
      </object_component>
      <object_component id="oc-10e">
         <name>.common:g_rect</name>
         <uninitialized>true</uninitialized>
         <run_address>0x20000688</run_address>
         <size>0x8</size>
      </object_component>
      <object_component id="oc-181">
         <name>.common:Lcd_Orientation</name>
         <uninitialized>true</uninitialized>
         <run_address>0x20000698</run_address>
         <size>0x1</size>
      </object_component>
      <object_component id="oc-178">
         <name>.common:Lcd_ScreenWidth</name>
         <uninitialized>true</uninitialized>
         <run_address>0x20000692</run_address>
         <size>0x2</size>
      </object_component>
      <object_component id="oc-17c">
         <name>.common:Lcd_ScreenHeigth</name>
         <uninitialized>true</uninitialized>
         <run_address>0x20000690</run_address>
         <size>0x2</size>
      </object_component>
      <object_component id="oc-17d">
         <name>.common:Lcd_PenSolid</name>
         <uninitialized>true</uninitialized>
         <run_address>0x20000699</run_address>
         <size>0x1</size>
      </object_component>
      <object_component id="oc-17e">
         <name>.common:Lcd_FontSolid</name>
         <uninitialized>true</uninitialized>
         <run_address>0x20000697</run_address>
         <size>0x1</size>
      </object_component>
      <object_component id="oc-17f">
         <name>.common:Lcd_FlagRead</name>
         <uninitialized>true</uninitialized>
         <run_address>0x20000696</run_address>
         <size>0x1</size>
      </object_component>
      <object_component id="oc-180">
         <name>.common:Lcd_TouchTrim</name>
         <uninitialized>true</uninitialized>
         <run_address>0x20000694</run_address>
         <size>0x2</size>
      </object_component>
      <object_component id="oc-3df">
         <name>.common:_ZSt16__dummy_typeinfo</name>
         <uninitialized>true</uninitialized>
         <run_address>0x2000066c</run_address>
         <size>0x4</size>
      </object_component>
      <object_component id="oc-31">
         <name>.sysmem</name>
         <uninitialized>true</uninitialized>
         <run_address>0x20000000</run_address>
         <size>0x8</size>
         <input_file_ref idref="fl-180"/>
      </object_component>
      <object_component id="oc-477">
         <name>.sysmem</name>
         <uninitialized>true</uninitialized>
         <run_address>0x20000000</run_address>
         <size>0x0</size>
      </object_component>
      <object_component id="oc-30">
         <name>.stack</name>
         <uninitialized>true</uninitialized>
         <run_address>0x2000fe00</run_address>
         <size>0x0</size>
         <input_file_ref idref="fl-16c"/>
      </object_component>
      <object_component id="oc-476">
         <name>.stack</name>
         <uninitialized>true</uninitialized>
         <run_address>0x2000fe00</run_address>
         <size>0x0</size>
      </object_component>
      <object_component id="oc-1ca">
         <name>.debug_info</name>
         <load_address>0x0</load_address>
         <run_address>0x0</run_address>
         <size>0x666b</size>
         <input_file_ref idref="fl-2"/>
      </object_component>
      <object_component id="oc-1c5">
         <name>.debug_info</name>
         <load_address>0x666b</load_address>
         <run_address>0x666b</run_address>
         <size>0xee</size>
         <input_file_ref idref="fl-2"/>
      </object_component>
      <object_component id="oc-32b">
         <name>.debug_info</name>
         <load_address>0x6759</load_address>
         <run_address>0x6759</run_address>
         <size>0xe0</size>
         <input_file_ref idref="fl-2"/>
      </object_component>
      <object_component id="oc-334">
         <name>.debug_info</name>
         <load_address>0x6839</load_address>
         <run_address>0x6839</run_address>
         <size>0xdc</size>
         <input_file_ref idref="fl-2"/>
      </object_component>
      <object_component id="oc-3a2">
         <name>.debug_info</name>
         <load_address>0x6915</load_address>
         <run_address>0x6915</run_address>
         <size>0xe1</size>
         <input_file_ref idref="fl-2"/>
      </object_component>
      <object_component id="oc-398">
         <name>.debug_info</name>
         <load_address>0x69f6</load_address>
         <run_address>0x69f6</run_address>
         <size>0xe5</size>
         <input_file_ref idref="fl-2"/>
      </object_component>
      <object_component id="oc-ea">
         <name>.debug_info</name>
         <load_address>0x6adb</load_address>
         <run_address>0x6adb</run_address>
         <size>0x36b</size>
         <input_file_ref idref="fl-2"/>
      </object_component>
      <object_component id="oc-241">
         <name>.debug_info</name>
         <load_address>0x6e46</load_address>
         <run_address>0x6e46</run_address>
         <size>0x4f6</size>
         <input_file_ref idref="fl-2"/>
      </object_component>
      <object_component id="oc-278">
         <name>.debug_info</name>
         <load_address>0x733c</load_address>
         <run_address>0x733c</run_address>
         <size>0xb3b</size>
         <input_file_ref idref="fl-2"/>
      </object_component>
      <object_component id="oc-215">
         <name>.debug_info</name>
         <load_address>0x7e77</load_address>
         <run_address>0x7e77</run_address>
         <size>0x794</size>
         <input_file_ref idref="fl-2"/>
      </object_component>
      <object_component id="oc-269">
         <name>.debug_info</name>
         <load_address>0x860b</load_address>
         <run_address>0x860b</run_address>
         <size>0xee</size>
         <input_file_ref idref="fl-2"/>
      </object_component>
      <object_component id="oc-26e">
         <name>.debug_info</name>
         <load_address>0x86f9</load_address>
         <run_address>0x86f9</run_address>
         <size>0x1f0</size>
         <input_file_ref idref="fl-2"/>
      </object_component>
      <object_component id="oc-1f2">
         <name>.debug_info</name>
         <load_address>0x88e9</load_address>
         <run_address>0x88e9</run_address>
         <size>0x1268</size>
         <input_file_ref idref="fl-2"/>
      </object_component>
      <object_component id="oc-126">
         <name>.debug_info</name>
         <load_address>0x9b51</load_address>
         <run_address>0x9b51</run_address>
         <size>0x3f8f</size>
         <input_file_ref idref="fl-2"/>
      </object_component>
      <object_component id="oc-117">
         <name>.debug_info</name>
         <load_address>0xdae0</load_address>
         <run_address>0xdae0</run_address>
         <size>0xdc</size>
         <input_file_ref idref="fl-2"/>
      </object_component>
      <object_component id="oc-1f7">
         <name>.debug_info</name>
         <load_address>0xdbbc</load_address>
         <run_address>0xdbbc</run_address>
         <size>0xd8</size>
         <input_file_ref idref="fl-2"/>
      </object_component>
      <object_component id="oc-186">
         <name>.debug_info</name>
         <load_address>0xdc94</load_address>
         <run_address>0xdc94</run_address>
         <size>0x4e8</size>
         <input_file_ref idref="fl-2"/>
      </object_component>
      <object_component id="oc-1fc">
         <name>.debug_info</name>
         <load_address>0xe17c</load_address>
         <run_address>0xe17c</run_address>
         <size>0x80f</size>
         <input_file_ref idref="fl-2"/>
      </object_component>
      <object_component id="oc-1d2">
         <name>.debug_info</name>
         <load_address>0xe98b</load_address>
         <run_address>0xe98b</run_address>
         <size>0x281</size>
         <input_file_ref idref="fl-2"/>
      </object_component>
      <object_component id="oc-206">
         <name>.debug_info</name>
         <load_address>0xec0c</load_address>
         <run_address>0xec0c</run_address>
         <size>0x1ef</size>
         <input_file_ref idref="fl-2"/>
      </object_component>
      <object_component id="oc-20b">
         <name>.debug_info</name>
         <load_address>0xedfb</load_address>
         <run_address>0xedfb</run_address>
         <size>0x5a</size>
         <input_file_ref idref="fl-2"/>
      </object_component>
      <object_component id="oc-1df">
         <name>.debug_info</name>
         <load_address>0xee55</load_address>
         <run_address>0xee55</run_address>
         <size>0x1dc</size>
         <input_file_ref idref="fl-2"/>
      </object_component>
      <object_component id="oc-210">
         <name>.debug_info</name>
         <load_address>0xf031</load_address>
         <run_address>0xf031</run_address>
         <size>0x2a3</size>
         <input_file_ref idref="fl-2"/>
      </object_component>
      <object_component id="oc-21a">
         <name>.debug_info</name>
         <load_address>0xf2d4</load_address>
         <run_address>0xf2d4</run_address>
         <size>0xb7</size>
         <input_file_ref idref="fl-2"/>
      </object_component>
      <object_component id="oc-21f">
         <name>.debug_info</name>
         <load_address>0xf38b</load_address>
         <run_address>0xf38b</run_address>
         <size>0xa3</size>
         <input_file_ref idref="fl-2"/>
      </object_component>
      <object_component id="oc-224">
         <name>.debug_info</name>
         <load_address>0xf42e</load_address>
         <run_address>0xf42e</run_address>
         <size>0x3908</size>
         <input_file_ref idref="fl-2"/>
      </object_component>
      <object_component id="oc-229">
         <name>.debug_info</name>
         <load_address>0x12d36</load_address>
         <run_address>0x12d36</run_address>
         <size>0xc1</size>
         <input_file_ref idref="fl-2"/>
      </object_component>
      <object_component id="oc-22e">
         <name>.debug_info</name>
         <load_address>0x12df7</load_address>
         <run_address>0x12df7</run_address>
         <size>0x12cf</size>
         <input_file_ref idref="fl-2"/>
      </object_component>
      <object_component id="oc-233">
         <name>.debug_info</name>
         <load_address>0x140c6</load_address>
         <run_address>0x140c6</run_address>
         <size>0xc1b</size>
         <input_file_ref idref="fl-2"/>
      </object_component>
      <object_component id="oc-238">
         <name>.debug_info</name>
         <load_address>0x14ce1</load_address>
         <run_address>0x14ce1</run_address>
         <size>0x5e</size>
         <input_file_ref idref="fl-2"/>
      </object_component>
      <object_component id="oc-23c">
         <name>.debug_info</name>
         <load_address>0x14d3f</load_address>
         <run_address>0x14d3f</run_address>
         <size>0x374</size>
         <input_file_ref idref="fl-2"/>
      </object_component>
      <object_component id="oc-246">
         <name>.debug_info</name>
         <load_address>0x150b3</load_address>
         <run_address>0x150b3</run_address>
         <size>0x46</size>
         <input_file_ref idref="fl-2"/>
      </object_component>
      <object_component id="oc-24b">
         <name>.debug_info</name>
         <load_address>0x150f9</load_address>
         <run_address>0x150f9</run_address>
         <size>0x9a1</size>
         <input_file_ref idref="fl-2"/>
      </object_component>
      <object_component id="oc-250">
         <name>.debug_info</name>
         <load_address>0x15a9a</load_address>
         <run_address>0x15a9a</run_address>
         <size>0xdf</size>
         <input_file_ref idref="fl-2"/>
      </object_component>
      <object_component id="oc-255">
         <name>.debug_info</name>
         <load_address>0x15b79</load_address>
         <run_address>0x15b79</run_address>
         <size>0x11ff</size>
         <input_file_ref idref="fl-2"/>
      </object_component>
      <object_component id="oc-25a">
         <name>.debug_info</name>
         <load_address>0x16d78</load_address>
         <run_address>0x16d78</run_address>
         <size>0x3d7</size>
         <input_file_ref idref="fl-2"/>
      </object_component>
      <object_component id="oc-25f">
         <name>.debug_info</name>
         <load_address>0x1714f</load_address>
         <run_address>0x1714f</run_address>
         <size>0x519</size>
         <input_file_ref idref="fl-2"/>
      </object_component>
      <object_component id="oc-264">
         <name>.debug_info</name>
         <load_address>0x17668</load_address>
         <run_address>0x17668</run_address>
         <size>0x1e7b</size>
         <input_file_ref idref="fl-2"/>
      </object_component>
      <object_component id="oc-2c2">
         <name>.debug_info</name>
[...]
         <object_component_ref idref="oc-5d"/>
      </symbol>
      <symbol id="sm-63d">
         <name>main_func_sp</name>
         <value>0x200006dc</value>
         <object_component_ref idref="oc-75"/>
      </symbol>
      <symbol id="sm-6fd">
         <name>_ZSt16__dummy_typeinfo</name>
         <value>0x2000066c</value>
      </symbol>
      <symbol id="sm-6fe">
         <name>_ZN10__cxxabiv120__function_type_infoD1Ev</name>
         <value>0x1d41</value>
         <object_component_ref idref="oc-3bd"/>
      </symbol>
      <symbol id="sm-6ff">
         <name>_ZTIN10__cxxabiv119__pointer_type_infoE</name>
         <value>0x2b44</value>
         <object_component_ref idref="oc-423"/>
      </symbol>
      <symbol id="sm-700">
         <name>_ZTSSt9type_info</name>
         <value>0x2b04</value>
         <object_component_ref idref="oc-418"/>
      </symbol>
      <symbol id="sm-701">
         <name>_ZN10__cxxabiv123__fundamental_type_infoD2Ev</name>
         <value>0x1d23</value>
         <object_component_ref idref="oc-3bd"/>
      </symbol>
      <symbol id="sm-702">
         <name>_ZN10__cxxabiv117__class_type_infoD1Ev</name>
         <value>0x1d5f</value>
         <object_component_ref idref="oc-3bd"/>
      </symbol>
      <symbol id="sm-703">
         <name>_ZN10__cxxabiv129__pointer_to_member_type_infoD2Ev</name>
         <value>0x1d19</value>
         <object_component_ref idref="oc-3bd"/>
      </symbol>
      <symbol id="sm-704">
         <name>_ZN10__cxxabiv116__enum_type_infoD1Ev</name>
         <value>0x1d73</value>
         <object_component_ref idref="oc-3bd"/>
      </symbol>
      <symbol id="sm-705">
         <name>_ZN10__cxxabiv121__vmi_class_type_infoD1Ev</name>
         <value>0x1d2d</value>
         <object_component_ref idref="oc-3bd"/>
      </symbol>
      <symbol id="sm-706">
         <name>_ZTSN10__cxxabiv123__fundamental_type_infoE</name>
         <value>0x2990</value>
         <object_component_ref idref="oc-448"/>
      </symbol>
      <symbol id="sm-707">
         <name>_ZN10__cxxabiv117__pbase_type_infoD1Ev</name>
         <value>0x1d55</value>
         <object_component_ref idref="oc-3bd"/>
      </symbol>
      <symbol id="sm-708">
         <name>_ZTVN10__cxxabiv123__fundamental_type_infoE</name>
         <value>0x2af4</value>
         <object_component_ref idref="oc-428"/>
      </symbol>
      <symbol id="sm-709">
         <name>_ZTSN10__cxxabiv120__si_class_type_infoE</name>
         <value>0x29b8</value>
         <object_component_ref idref="oc-3d4"/>
      </symbol>
      <symbol id="sm-70a">
         <name>_ZN10__cxxabiv117__array_type_infoD1Ev</name>
         <value>0x1d69</value>
         <object_component_ref idref="oc-3bd"/>
      </symbol>
      <symbol id="sm-70b">
         <name>_ZTVN10__cxxabiv119__pointer_type_infoE</name>
         <value>0x2ad4</value>
         <object_component_ref idref="oc-409"/>
      </symbol>
      <symbol id="sm-70c">
         <name>_ZTSPKe</name>
         <value>0x2b9d</value>
         <object_component_ref idref="oc-40e"/>
      </symbol>
      <symbol id="sm-70d">
         <name>_ZNKSt9type_infoneERKS_</name>
         <value>0x1cdf</value>
         <object_component_ref idref="oc-3bd"/>
      </symbol>
      <symbol id="sm-70e">
         <name>_ZN10__cxxabiv119__pointer_type_infoD1Ev</name>
         <value>0x1d4b</value>
         <object_component_ref idref="oc-3bd"/>
      </symbol>
      <symbol id="sm-70f">
         <name>_ZNSt9type_infoD2Ev</name>
         <value>0x1cd1</value>
         <object_component_ref idref="oc-3bd"/>
      </symbol>
      <symbol id="sm-710">
         <name>_ZNKSt9type_info6beforeERKS_</name>
         <value>0x1d0b</value>
         <object_component_ref idref="oc-3bd"/>
      </symbol>
      <symbol id="sm-711">
         <name>_ZN10__cxxabiv123__fundamental_type_infoD1Ev</name>
         <value>0x1d23</value>
         <object_component_ref idref="oc-3bd"/>
      </symbol>
      <symbol id="sm-712">
         <name>_ZTSN10__cxxabiv119__pointer_type_infoE</name>
         <value>0x29dd</value>
         <object_component_ref idref="oc-434"/>
      </symbol>
      <symbol id="sm-713">
         <name>_ZN10__cxxabiv121__vmi_class_type_infoD2Ev</name>
         <value>0x1d2d</value>
         <object_component_ref idref="oc-3bd"/>
      </symbol>
      <symbol id="sm-714">
         <name>_ZTSN10__cxxabiv117__class_type_infoE</name>
         <value>0x2a01</value>
         <object_component_ref idref="oc-3f7"/>
      </symbol>
      <symbol id="sm-715">
         <name>_ZN10__cxxabiv120__function_type_infoD2Ev</name>
         <value>0x1d41</value>
         <object_component_ref idref="oc-3bd"/>
      </symbol>
      <symbol id="sm-716">
         <name>_ZN10__cxxabiv117__class_type_infoD2Ev</name>
         <value>0x1d5f</value>
         <object_component_ref idref="oc-3bd"/>
      </symbol>
      <symbol id="sm-717">
         <name>_ZN10__cxxabiv116__enum_type_infoD2Ev</name>
         <value>0x1d73</value>
         <object_component_ref idref="oc-3bd"/>
      </symbol>
      <symbol id="sm-718">
         <name>_ZN10__cxxabiv119__pointer_type_infoD2Ev</name>
         <value>0x1d4b</value>
         <object_component_ref idref="oc-3bd"/>
      </symbol>
      <symbol id="sm-719">
         <name>_ZN10__cxxabiv120__si_class_type_infoD2Ev</name>
         <value>0x1d37</value>
         <object_component_ref idref="oc-3bd"/>
      </symbol>
      <symbol id="sm-71a">
         <name>_ZN10__cxxabiv117__pbase_type_infoD2Ev</name>
         <value>0x1d55</value>
         <object_component_ref idref="oc-3bd"/>
      </symbol>
      <symbol id="sm-71b">
         <name>_ZTVN10__cxxabiv117__class_type_infoE</name>
         <value>0x2ac4</value>
         <object_component_ref idref="oc-39c"/>
      </symbol>
      <symbol id="sm-71c">
         <name>_ZN10__cxxabiv117__array_type_infoD2Ev</name>
         <value>0x1d69</value>
         <object_component_ref idref="oc-3bd"/>
      </symbol>
      <symbol id="sm-71d">
         <name>_ZNSt9type_infoD1Ev</name>
         <value>0x1cd1</value>
         <object_component_ref idref="oc-3bd"/>
      </symbol>
      <symbol id="sm-71e">
         <name>_ZTIN10__cxxabiv123__fundamental_type_infoE</name>
         <value>0x2b5c</value>
         <object_component_ref idref="oc-43e"/>
      </symbol>
      <symbol id="sm-71f">
         <name>_ZTISt9type_info</name>
         <value>0x2b78</value>
         <object_component_ref idref="oc-3fc"/>
      </symbol>
      <symbol id="sm-720">
         <name>_ZN10__cxxabiv123__fundamental_type_infoD0Ev</name>
         <value>0x1d25</value>
         <object_component_ref idref="oc-3bd"/>
      </symbol>
      <symbol id="sm-721">
         <name>_ZTIN10__cxxabiv117__pbase_type_infoE</name>
         <value>0x2b38</value>
         <object_component_ref idref="oc-439"/>
      </symbol>
      <symbol id="sm-722">
         <name>_ZTSe</name>
         <value>0x2a45</value>
         <object_component_ref idref="oc-42d"/>
      </symbol>
      <symbol id="sm-723">
         <name>_ZNKSt9type_info4nameEv</name>
         <value>0x1cdb</value>
         <object_component_ref idref="oc-3bd"/>
      </symbol>
      <symbol id="sm-724">
         <name>_ZTIN10__cxxabiv117__class_type_infoE</name>
         <value>0x2b2c</value>
         <object_component_ref idref="oc-3c6"/>
      </symbol>
      <symbol id="sm-725">
         <name>_ZN10__cxxabiv129__pointer_to_member_type_infoD0Ev</name>
         <value>0x1d1b</value>
         <object_component_ref idref="oc-3bd"/>
      </symbol>
      <symbol id="sm-726">
         <name>_ZN10__cxxabiv120__si_class_type_infoD1Ev</name>
         <value>0x1d37</value>
         <object_component_ref idref="oc-3bd"/>
      </symbol>
      <symbol id="sm-727">
         <name>_ZTIN10__cxxabiv120__si_class_type_infoE</name>
         <value>0x2b50</value>
         <object_component_ref idref="oc-3b8"/>
      </symbol>
      <symbol id="sm-728">
         <name>_ZNSt9type_infoD0Ev</name>
         <value>0x1cd3</value>
         <object_component_ref idref="oc-3bd"/>
      </symbol>
      <symbol id="sm-729">
         <name>_ZN10__cxxabiv120__function_type_infoD0Ev</name>
         <value>0x1d43</value>
         <object_component_ref idref="oc-3bd"/>
      </symbol>
      <symbol id="sm-72a">
         <name>_ZN10__cxxabiv117__class_type_infoD0Ev</name>
         <value>0x1d61</value>
         <object_component_ref idref="oc-3bd"/>
      </symbol>
      <symbol id="sm-72b">
         <name>_ZTSN10__cxxabiv117__pbase_type_infoE</name>
         <value>0x2a23</value>
         <object_component_ref idref="oc-443"/>
      </symbol>
      <symbol id="sm-72c">
         <name>_ZN10__cxxabiv116__enum_type_infoD0Ev</name>
         <value>0x1d75</value>
         <object_component_ref idref="oc-3bd"/>
      </symbol>
      <symbol id="sm-72d">
         <name>_ZTIe</name>
         <value>0x2b80</value>
         <object_component_ref idref="oc-413"/>
      </symbol>
      <symbol id="sm-72e">
         <name>_ZN10__cxxabiv121__vmi_class_type_infoD0Ev</name>
         <value>0x1d2f</value>
         <object_component_ref idref="oc-3bd"/>
      </symbol>
      <symbol id="sm-72f">
         <name>_ZTVN10__cxxabiv120__si_class_type_infoE</name>
         <value>0x2ae4</value>
         <object_component_ref idref="oc-38d"/>
      </symbol>
      <symbol id="sm-730">
         <name>_ZN10__cxxabiv117__pbase_type_infoD0Ev</name>
         <value>0x1d57</value>
         <object_component_ref idref="oc-3bd"/>
      </symbol>
      <symbol id="sm-731">
         <name>_ZN10__cxxabiv117__array_type_infoD0Ev</name>
         <value>0x1d6b</value>
         <object_component_ref idref="oc-3bd"/>
      </symbol>
      <symbol id="sm-732">
         <name>_ZSt21__gen_dummy_typeinfosv</name>
         <value>0x1cc9</value>
         <object_component_ref idref="oc-3bd"/>
      </symbol>
      <symbol id="sm-733">
         <name>_ZN10__cxxabiv129__pointer_to_member_type_infoD1Ev</name>
         <value>0x1d19</value>
         <object_component_ref idref="oc-3bd"/>
      </symbol>
      <symbol id="sm-734">
         <name>_ZN10__cxxabiv119__pointer_type_infoD0Ev</name>
         <value>0x1d4d</value>
         <object_component_ref idref="oc-3bd"/>
      </symbol>
      <symbol id="sm-735">
         <name>_ZN10__cxxabiv120__si_class_type_infoD0Ev</name>
         <value>0x1d39</value>
         <object_component_ref idref="oc-3bd"/>
      </symbol>
      <symbol id="sm-736">
         <name>_ZTIPKe</name>
         <value>0x2a84</value>
         <object_component_ref idref="oc-3e0"/>
      </symbol>
      <symbol id="sm-737">
         <name>_ZNKSt9type_infoeqERKS_</name>
         <value>0x1cf5</value>
         <object_component_ref idref="oc-3bd"/>
      </symbol>
      <symbol id="sm-741">
         <name>__aeabi_ul2d</name>
         <value>0x238d</value>
         <object_component_ref idref="oc-1b0"/>
      </symbol>
      <symbol id="sm-75a">
         <name>_nop</name>
         <value>0x2483</value>
         <object_component_ref idref="oc-15a"/>
      </symbol>
      <symbol id="sm-75b">
         <name>_lock</name>
         <value>0x200006d4</value>
         <object_component_ref idref="oc-b7"/>
      </symbol>
      <symbol id="sm-75c">
         <name>_unlock</name>
         <value>0x200006d8</value>
         <object_component_ref idref="oc-b7"/>
      </symbol>
      <symbol id="sm-75d">
         <name>_register_lock</name>
         <value>0x247b</value>
         <object_component_ref idref="oc-15a"/>
      </symbol>
      <symbol id="sm-75e">
         <name>_register_unlock</name>
         <value>0x2475</value>
         <object_component_ref idref="oc-15a"/>
      </symbol>
      <symbol id="sm-772">
         <name>_args_main</name>
         <value>0x2449</value>
         <object_component_ref idref="oc-69"/>
      </symbol>
      <symbol id="sm-79c">
         <name>__TI_auto_init</name>
         <value>0x20e9</value>
         <object_component_ref idref="oc-63"/>
      </symbol>
      <symbol id="sm-7b6">
         <name>copy_in</name>
         <value>0x2311</value>
         <object_component_ref idref="oc-a4"/>
      </symbol>
      <symbol id="sm-7c4">
         <name>_ZdlPv</name>
         <value>0x2511</value>
         <object_component_ref idref="oc-3d9"/>
      </symbol>
      <symbol id="sm-838">
         <name>_sys_memory</name>
         <value>0x20000000</value>
         <object_component_ref idref="oc-31"/>
      </symbol>
      <symbol id="sm-839">
         <name>free</name>
         <value>0x10c3</value>
         <object_component_ref idref="oc-401"/>
      </symbol>
      <symbol id="sm-83a">
         <name>realloc</name>
         <value>0x1185</value>
         <object_component_ref idref="oc-401"/>
      </symbol>
      <symbol id="sm-83b">
         <name>memalign</name>
         <value>0x128d</value>
         <object_component_ref idref="oc-401"/>
      </symbol>
      <symbol id="sm-83c">
         <name>calloc</name>
         <value>0x1379</value>
         <object_component_ref idref="oc-401"/>
      </symbol>
      <symbol id="sm-83d">
         <name>malloc</name>
         <value>0x1059</value>
         <object_component_ref idref="oc-401"/>
      </symbol>
      <symbol id="sm-83e">
         <name>minit</name>
         <value>0xfd9</value>
         <object_component_ref idref="oc-401"/>
      </symbol>
      <symbol id="sm-848">
         <name>_system_post_cinit</name>
         <value>0x188b</value>
         <object_component_ref idref="oc-aa"/>
      </symbol>
      <symbol id="sm-849">
         <name>__TI_static_base__</name>
         <value>0x0</value>
      </symbol>
      <symbol id="sm-84c">
         <name>NMI_Handler</name>
         <value>0x24bf</value>
      </symbol>
      <symbol id="sm-84d">
         <name>HardFault_Handler</name>
         <value>0x24bf</value>
      </symbol>
      <symbol id="sm-84e">
         <name>MemManage_Handler</name>
         <value>0x24bf</value>
      </symbol>
      <symbol id="sm-84f">
         <name>BusFault_Handler</name>
         <value>0x24bf</value>
      </symbol>
      <symbol id="sm-850">
         <name>UsageFault_Handler</name>
         <value>0x24bf</value>
      </symbol>
      <symbol id="sm-851">
         <name>SVC_Handler</name>
         <value>0x24bf</value>
      </symbol>
      <symbol id="sm-852">
         <name>DebugMon_Handler</name>
         <value>0x24bf</value>
      </symbol>
      <symbol id="sm-853">
         <name>PendSV_Handler</name>
         <value>0x24bf</value>
      </symbol>
      <symbol id="sm-854">
         <name>SysTick_Handler</name>
         <value>0x24bf</value>
      </symbol>
      <symbol id="sm-855">
         <name>PSS_IRQHandler</name>
         <value>0x24bf</value>
      </symbol>
      <symbol id="sm-856">
         <name>CS_IRQHandler</name>
         <value>0x24bf</value>
      </symbol>
      <symbol id="sm-857">
         <name>PCM_IRQHandler</name>
         <value>0x24bf</value>
      </symbol>
      <symbol id="sm-858">
         <name>WDT_A_IRQHandler</name>
         <value>0x24bf</value>
      </symbol>
      <symbol id="sm-859">
         <name>FPU_IRQHandler</name>
         <value>0x24bf</value>
      </symbol>
      <symbol id="sm-85a">
         <name>FLCTL_IRQHandler</name>
         <value>0x24bf</value>
      </symbol>
      <symbol id="sm-85b">
         <name>COMP_E0_IRQHandler</name>
         <value>0x24bf</value>
      </symbol>
      <symbol id="sm-85c">
         <name>COMP_E1_IRQHandler</name>
         <value>0x24bf</value>
      </symbol>
      <symbol id="sm-85d">
         <name>TA0_0_IRQHandler</name>
         <value>0x24bf</value>
      </symbol>
      <symbol id="sm-85e">
         <name>TA0_N_IRQHandler</name>
         <value>0x24bf</value>
      </symbol>
      <symbol id="sm-85f">
         <name>TA1_0_IRQHandler</name>
         <value>0x24bf</value>
      </symbol>
      <symbol id="sm-860">
         <name>TA1_N_IRQHandler</name>
         <value>0x24bf</value>
      </symbol>
      <symbol id="sm-861">
         <name>TA2_0_IRQHandler</name>
         <value>0x24bf</value>
      </symbol>
      <symbol id="sm-862">
         <name>TA2_N_IRQHandler</name>
         <value>0x24bf</value>
      </symbol>
      <symbol id="sm-863">
         <name>TA3_0_IRQHandler</name>
         <value>0x24bf</value>
      </symbol>
      <symbol id="sm-864">
         <name>TA3_N_IRQHandler</name>
         <value>0x24bf</value>
      </symbol>
      <symbol id="sm-865">
         <name>EUSCIA0_IRQHandler</name>
         <value>0x24bf</value>
      </symbol>
      <symbol id="sm-866">
         <name>EUSCIA1_IRQHandler</name>
         <value>0x24bf</value>
      </symbol>
      <symbol id="sm-867">
         <name>EUSCIA2_IRQHandler</name>
         <value>0x24bf</value>
      </symbol>
      <symbol id="sm-868">
         <name>EUSCIA3_IRQHandler</name>
         <value>0x24bf</value>
      </symbol>
      <symbol id="sm-869">
         <name>EUSCIB0_IRQHandler</name>
         <value>0x24bf</value>
      </symbol>
      <symbol id="sm-86a">
         <name>EUSCIB1_IRQHandler</name>
         <value>0x24bf</value>
      </symbol>
      <symbol id="sm-86b">
         <name>EUSCIB2_IRQHandler</name>
         <value>0x24bf</value>
      </symbol>
      <symbol id="sm-86c">
         <name>EUSCIB3_IRQHandler</name>
         <value>0x24bf</value>
      </symbol>
      <symbol id="sm-86d">
         <name>ADC14_IRQHandler</name>
         <value>0xeed</value>
      </symbol>
      <symbol id="sm-86e">
         <name>T32_INT1_IRQHandler</name>
         <value>0xec5</value>
      </symbol>
      <symbol id="sm-86f">
         <name>T32_INT2_IRQHandler</name>
         <value>0x24bf</value>
      </symbol>
      <symbol id="sm-870">
         <name>T32_INTC_IRQHandler</name>
         <value>0x24bf</value>
      </symbol>
      <symbol id="sm-871">
         <name>AES256_IRQHandler</name>
         <value>0x24bf</value>
      </symbol>
      <symbol id="sm-872">
         <name>RTC_C_IRQHandler</name>
         <value>0x24bf</value>
      </symbol>
      <symbol id="sm-873">
         <name>DMA_ERR_IRQHandler</name>
         <value>0x24bf</value>
      </symbol>
      <symbol id="sm-874">
         <name>DMA_INT3_IRQHandler</name>
         <value>0x24bf</value>
      </symbol>
      <symbol id="sm-875">
         <name>DMA_INT2_IRQHandler</name>
         <value>0x24bf</value>
      </symbol>
      <symbol id="sm-876">
         <name>DMA_INT1_IRQHandler</name>
         <value>0x24bf</value>
      </symbol>
      <symbol id="sm-877">
         <name>DMA_INT0_IRQHandler</name>
         <value>0x24bf</value>
      </symbol>
      <symbol id="sm-878">
         <name>PORT1_IRQHandler</name>
         <value>0x24bf</value>
      </symbol>
      <symbol id="sm-879">
         <name>PORT2_IRQHandler</name>
         <value>0x24bf</value>
      </symbol>
      <symbol id="sm-87a">
         <name>PORT3_IRQHandler</name>
         <value>0x24bf</value>
      </symbol>
      <symbol id="sm-87b">
         <name>PORT4_IRQHandler</name>
         <value>0x24bf</value>
      </symbol>
      <symbol id="sm-87c">
         <name>PORT5_IRQHandler</name>
         <value>0x24bf</value>
      </symbol>
      <symbol id="sm-87d">
         <name>PORT6_IRQHandler</name>
         <value>0x24bf</value>
      </symbol>
   </symbol_table>
   <title>Link successful</title>
</link_info>
