<?xml version="1.0"?>
<link_info>
   <banner>TI ARM Linker PC v16.9.3.LTS</banner>
   <copyright>Copyright (c) 1996-2017 Texas Instruments Incorporated</copyright>
   <link_time>0x59f60ee2</link_time>
   <link_errors>0x1</link_errors>
   <output_file>Lab_02_final.out</output_file>
   <entry_point>
      <name>_c_int00</name>
      <address>0x1191</address>
   </entry_point>
   <input_file_list>
      <input_file id="fl-2">
         <path>.\</path>
         <kind>object</kind>
         <file>LED.obj</file>
         <name>LED.obj</name>
      </input_file>
      <input_file id="fl-3">
         <path>.\</path>
         <kind>object</kind>
         <file>Scheduler.obj</file>
         <name>Scheduler.obj</name>
      </input_file>
      <input_file id="fl-4">
         <path>.\</path>
         <kind>object</kind>
         <file>Task.obj</file>
         <name>Task.obj</name>
      </input_file>
      <input_file id="fl-5">
         <path>.\</path>
         <kind>object</kind>
         <file>main.obj</file>
         <name>main.obj</name>
      </input_file>
      <input_file id="fl-6">
         <path>.\</path>
         <kind>object</kind>
         <file>startup_msp432p401r_ccs.obj</file>
         <name>startup_msp432p401r_ccs.obj</name>
      </input_file>
      <input_file id="fl-7">
         <path>.\</path>
         <kind>object</kind>
         <file>system_msp432p401r.obj</file>
         <name>system_msp432p401r.obj</name>
      </input_file>
      <input_file id="fl-8">
         <path>.\LcdDriver\</path>
         <kind>object</kind>
         <file>Crystalfontz128x128_ST7735.obj</file>
         <name>Crystalfontz128x128_ST7735.obj</name>
      </input_file>
      <input_file id="fl-9">
         <path>.\LcdDriver\</path>
         <kind>object</kind>
         <file>HAL_MSP_EXP432P401R_Crystalfontz128x128_ST7735.obj</file>
         <name>HAL_MSP_EXP432P401R_Crystalfontz128x128_ST7735.obj</name>
      </input_file>
      <input_file id="fl-12">
         <kind>object</kind>
         <file>&lt;internal&gt;</file>
         <name>&lt;internal&gt;</name>
      </input_file>
      <input_file id="fl-13">
         <path>C:\ti\simplelink_msp432_sdk_1_40_01_00\source\ti\devices\msp432p4xx\driverlib\ccs\</path>
         <kind>archive</kind>
         <file>msp432p4xx_driverlib.lib</file>
         <name>gpio.obj</name>
      </input_file>
      <input_file id="fl-14">
         <path>C:\ti\simplelink_msp432_sdk_1_40_01_00\source\ti\devices\msp432p4xx\driverlib\ccs\</path>
         <kind>archive</kind>
         <file>msp432p4xx_driverlib.lib</file>
         <name>interrupt.obj</name>
      </input_file>
      <input_file id="fl-15">
         <path>C:\ti\simplelink_msp432_sdk_1_40_01_00\source\ti\devices\msp432p4xx\driverlib\ccs\</path>
         <kind>archive</kind>
         <file>msp432p4xx_driverlib.lib</file>
         <name>spi.obj</name>
      </input_file>
      <input_file id="fl-16">
         <path>C:\ti\simplelink_msp432_sdk_1_40_01_00\source\ti\devices\msp432p4xx\driverlib\ccs\</path>
         <kind>archive</kind>
         <file>msp432p4xx_driverlib.lib</file>
         <name>cpu.obj</name>
      </input_file>
      <input_file id="fl-cc">
         <path>C:\ti\ccsv7\tools\compiler\ti-cgt-arm_16.9.3.LTS\lib\</path>
         <kind>archive</kind>
         <file>rtsv7M4_T_le_v4SPD16_eabi.lib</file>
         <name>boot.obj</name>
      </input_file>
      <input_file id="fl-cd">
         <path>C:\ti\ccsv7\tools\compiler\ti-cgt-arm_16.9.3.LTS\lib\</path>
         <kind>archive</kind>
         <file>rtsv7M4_T_le_v4SPD16_eabi.lib</file>
         <name>copy_decompress_lzss.obj</name>
      </input_file>
      <input_file id="fl-ce">
         <path>C:\ti\ccsv7\tools\compiler\ti-cgt-arm_16.9.3.LTS\lib\</path>
         <kind>archive</kind>
         <file>rtsv7M4_T_le_v4SPD16_eabi.lib</file>
         <name>copy_decompress_none.obj</name>
      </input_file>
      <input_file id="fl-cf">
         <path>C:\ti\ccsv7\tools\compiler\ti-cgt-arm_16.9.3.LTS\lib\</path>
         <kind>archive</kind>
         <file>rtsv7M4_T_le_v4SPD16_eabi.lib</file>
         <name>copy_zero_init.obj</name>
      </input_file>
      <input_file id="fl-d0">
         <path>C:\ti\ccsv7\tools\compiler\ti-cgt-arm_16.9.3.LTS\lib\</path>
         <kind>archive</kind>
         <file>rtsv7M4_T_le_v4SPD16_eabi.lib</file>
         <name>exit.obj</name>
      </input_file>
      <input_file id="fl-d1">
         <path>C:\ti\ccsv7\tools\compiler\ti-cgt-arm_16.9.3.LTS\lib\</path>
         <kind>archive</kind>
         <file>rtsv7M4_T_le_v4SPD16_eabi.lib</file>
         <name>memcpy_t2.obj</name>
      </input_file>
      <input_file id="fl-d2">
         <path>C:\ti\ccsv7\tools\compiler\ti-cgt-arm_16.9.3.LTS\lib\</path>
         <kind>archive</kind>
         <file>rtsv7M4_T_le_v4SPD16_eabi.lib</file>
         <name>memset_t2.obj</name>
      </input_file>
      <input_file id="fl-d3">
         <path>C:\ti\ccsv7\tools\compiler\ti-cgt-arm_16.9.3.LTS\lib\</path>
         <kind>archive</kind>
         <file>rtsv7M4_T_le_v4SPD16_eabi.lib</file>
         <name>mpu_init.obj</name>
      </input_file>
      <input_file id="fl-d4">
         <path>C:\ti\ccsv7\tools\compiler\ti-cgt-arm_16.9.3.LTS\lib\</path>
         <kind>archive</kind>
         <file>rtsv7M4_T_le_v4SPD16_eabi.lib</file>
         <name>pre_init.obj</name>
      </input_file>
      <input_file id="fl-d5">
         <path>C:\ti\ccsv7\tools\compiler\ti-cgt-arm_16.9.3.LTS\lib\</path>
         <kind>archive</kind>
         <file>rtsv7M4_T_le_v4SPD16_eabi.lib</file>
         <name>stkdepth_vars.obj</name>
      </input_file>
      <input_file id="fl-d6">
         <path>C:\ti\ccsv7\tools\compiler\ti-cgt-arm_16.9.3.LTS\lib\</path>
         <kind>archive</kind>
         <file>rtsv7M4_T_le_v4SPD16_eabi.lib</file>
         <name>typeinfo_.obj</name>
      </input_file>
      <input_file id="fl-d7">
         <path>C:\ti\ccsv7\tools\compiler\ti-cgt-arm_16.9.3.LTS\lib\</path>
         <kind>archive</kind>
         <file>rtsv7M4_T_le_v4SPD16_eabi.lib</file>
         <name>_lock.obj</name>
      </input_file>
      <input_file id="fl-d8">
         <path>C:\ti\ccsv7\tools\compiler\ti-cgt-arm_16.9.3.LTS\lib\</path>
         <kind>archive</kind>
         <file>rtsv7M4_T_le_v4SPD16_eabi.lib</file>
         <name>args_main.obj</name>
      </input_file>
      <input_file id="fl-d9">
         <path>C:\ti\ccsv7\tools\compiler\ti-cgt-arm_16.9.3.LTS\lib\</path>
         <kind>archive</kind>
         <file>rtsv7M4_T_le_v4SPD16_eabi.lib</file>
         <name>autoinit.obj</name>
      </input_file>
      <input_file id="fl-da">
         <path>C:\ti\ccsv7\tools\compiler\ti-cgt-arm_16.9.3.LTS\lib\</path>
         <kind>archive</kind>
         <file>rtsv7M4_T_le_v4SPD16_eabi.lib</file>
         <name>cpy_tbl.obj</name>
      </input_file>
      <input_file id="fl-db">
         <path>C:\ti\ccsv7\tools\compiler\ti-cgt-arm_16.9.3.LTS\lib\</path>
         <kind>archive</kind>
         <file>rtsv7M4_T_le_v4SPD16_eabi.lib</file>
         <name>delete.obj</name>
      </input_file>
      <input_file id="fl-dc">
         <path>C:\ti\ccsv7\tools\compiler\ti-cgt-arm_16.9.3.LTS\lib\</path>
         <kind>archive</kind>
         <file>rtsv7M4_T_le_v4SPD16_eabi.lib</file>
         <name>memory.obj</name>
      </input_file>
      <input_file id="fl-dd">
         <path>C:\ti\ccsv7\tools\compiler\ti-cgt-arm_16.9.3.LTS\lib\</path>
         <kind>archive</kind>
         <file>rtsv7M4_T_le_v4SPD16_eabi.lib</file>
         <name>startup.obj</name>
      </input_file>
   </input_file_list>
   <object_component_list>
      <object_component id="oc-2d">
         <name>.intvecs:retain</name>
         <load_address>0x0</load_address>
         <run_address>0x0</run_address>
         <size>0xe4</size>
         <input_file_ref idref="fl-6"/>
      </object_component>
      <object_component id="oc-2c2">
         <name>.text</name>
         <load_address>0xe4</load_address>
         <run_address>0xe4</run_address>
         <size>0x3d0</size>
         <input_file_ref idref="fl-dc"/>
      </object_component>
      <object_component id="oc-c5">
         <name>.text</name>
         <load_address>0x4b4</load_address>
         <run_address>0x4b4</run_address>
         <size>0x3b2</size>
         <input_file_ref idref="fl-3"/>
      </object_component>
      <object_component id="oc-57">
         <name>.text</name>
         <load_address>0x866</load_address>
         <run_address>0x866</run_address>
         <size>0x2</size>
         <input_file_ref idref="fl-d3"/>
      </object_component>
      <object_component id="oc-eb">
         <name>.text</name>
         <load_address>0x868</load_address>
         <run_address>0x868</run_address>
         <size>0x32c</size>
         <input_file_ref idref="fl-7"/>
      </object_component>
      <object_component id="oc-79">
         <name>.text</name>
         <load_address>0xb94</load_address>
         <run_address>0xb94</run_address>
         <size>0x25c</size>
         <input_file_ref idref="fl-5"/>
      </object_component>
      <object_component id="oc-287">
         <name>.text</name>
         <load_address>0xdf0</load_address>
         <run_address>0xdf0</run_address>
         <size>0xbc</size>
         <input_file_ref idref="fl-d6"/>
      </object_component>
      <object_component id="oc-3f">
         <name>.text</name>
         <load_address>0xeac</load_address>
         <run_address>0xeac</run_address>
         <size>0x9c</size>
         <input_file_ref idref="fl-d1"/>
      </object_component>
      <object_component id="oc-cb">
         <name>.text</name>
         <load_address>0xf48</load_address>
         <run_address>0xf48</run_address>
         <size>0x80</size>
         <input_file_ref idref="fl-4"/>
      </object_component>
      <object_component id="oc-4b">
         <name>.text</name>
         <load_address>0xfc8</load_address>
         <run_address>0xfc8</run_address>
         <size>0x7a</size>
         <input_file_ref idref="fl-d2"/>
      </object_component>
      <object_component id="oc-aa">
         <name>.text</name>
         <load_address>0x1042</load_address>
         <run_address>0x1042</run_address>
         <size>0x2</size>
         <input_file_ref idref="fl-dd"/>
      </object_component>
      <object_component id="oc-bf">
         <name>.text</name>
         <load_address>0x1044</load_address>
         <run_address>0x1044</run_address>
         <size>0x74</size>
         <input_file_ref idref="fl-2"/>
      </object_component>
      <object_component id="oc-63">
         <name>.text</name>
         <load_address>0x10b8</load_address>
         <run_address>0x10b8</run_address>
         <size>0x70</size>
         <input_file_ref idref="fl-d9"/>
      </object_component>
      <object_component id="oc-14">
         <name>.text:decompress:lzss</name>
         <load_address>0x1128</load_address>
         <run_address>0x1128</run_address>
         <size>0x68</size>
         <input_file_ref idref="fl-cd"/>
      </object_component>
      <object_component id="oc-26">
         <name>.text</name>
         <load_address>0x1190</load_address>
         <run_address>0x1190</run_address>
         <size>0x54</size>
         <input_file_ref idref="fl-cc"/>
      </object_component>
      <object_component id="oc-6f">
         <name>.text</name>
         <load_address>0x11e4</load_address>
         <run_address>0x11e4</run_address>
         <size>0x54</size>
         <input_file_ref idref="fl-d0"/>
      </object_component>
      <object_component id="oc-a4">
         <name>.text</name>
         <load_address>0x1238</load_address>
         <run_address>0x1238</run_address>
         <size>0x4c</size>
         <input_file_ref idref="fl-da"/>
      </object_component>
      <object_component id="oc-69">
         <name>.text</name>
         <load_address>0x1284</load_address>
         <run_address>0x1284</run_address>
         <size>0x18</size>
         <input_file_ref idref="fl-d8"/>
      </object_component>
      <object_component id="oc-11a">
         <name>.text</name>
         <load_address>0x129c</load_address>
         <run_address>0x129c</run_address>
         <size>0x14</size>
         <input_file_ref idref="fl-d7"/>
      </object_component>
      <object_component id="oc-1a">
         <name>.text:decompress:none</name>
         <load_address>0x12b0</load_address>
         <run_address>0x12b0</run_address>
         <size>0xe</size>
         <input_file_ref idref="fl-ce"/>
      </object_component>
      <object_component id="oc-7f">
         <name>.text</name>
         <load_address>0x12be</load_address>
         <run_address>0x12be</run_address>
         <size>0xe</size>
         <input_file_ref idref="fl-6"/>
      </object_component>
      <object_component id="oc-253">
         <name>.text:_ZN4Task3runEv</name>
         <load_address>0x12cc</load_address>
         <run_address>0x12cc</run_address>
         <size>0xc</size>
         <input_file_ref idref="fl-4"/>
      </object_component>
      <object_component id="oc-25a">
         <name>.text:_ZN4Task5setupEv</name>
         <load_address>0x12d8</load_address>
         <run_address>0x12d8</run_address>
         <size>0xc</size>
         <input_file_ref idref="fl-4"/>
      </object_component>
      <object_component id="oc-20">
         <name>.text:decompress:ZI</name>
         <load_address>0x12e4</load_address>
         <run_address>0x12e4</run_address>
         <size>0xc</size>
         <input_file_ref idref="fl-cf"/>
      </object_component>
      <object_component id="oc-29a">
         <name>.text</name>
         <load_address>0x12f0</load_address>
         <run_address>0x12f0</run_address>
         <size>0x8</size>
         <input_file_ref idref="fl-db"/>
      </object_component>
      <object_component id="oc-5d">
         <name>.text</name>
         <load_address>0x12f8</load_address>
         <run_address>0x12f8</run_address>
         <size>0x4</size>
         <input_file_ref idref="fl-d4"/>
      </object_component>
      <object_component id="oc-309">
         <name>.const:.typeinfo:_ZTSN10__cxxabiv123__fundamental_type_infoE</name>
         <load_address>0x12fc</load_address>
         <run_address>0x12fc</run_address>
         <size>0x28</size>
         <input_file_ref idref="fl-d6"/>
      </object_component>
      <object_component id="oc-295">
         <name>.const:.typeinfo:_ZTSN10__cxxabiv120__si_class_type_infoE</name>
         <load_address>0x1324</load_address>
         <run_address>0x1324</run_address>
         <size>0x25</size>
         <input_file_ref idref="fl-d6"/>
      </object_component>
      <object_component id="oc-2f5">
         <name>.const:.typeinfo:_ZTSN10__cxxabiv119__pointer_type_infoE</name>
         <load_address>0x1349</load_address>
         <run_address>0x1349</run_address>
         <size>0x24</size>
         <input_file_ref idref="fl-d6"/>
      </object_component>
      <object_component id="oc-2b8">
         <name>.const:.typeinfo:_ZTSN10__cxxabiv117__class_type_infoE</name>
         <load_address>0x136d</load_address>
         <run_address>0x136d</run_address>
         <size>0x22</size>
         <input_file_ref idref="fl-d6"/>
      </object_component>
      <object_component id="oc-304">
         <name>.const:.typeinfo:_ZTSN10__cxxabiv117__pbase_type_infoE</name>
         <load_address>0x138f</load_address>
         <run_address>0x138f</run_address>
         <size>0x22</size>
         <input_file_ref idref="fl-d6"/>
      </object_component>
      <object_component id="oc-2ee">
         <name>.const:.typeinfo:_ZTSe</name>
         <load_address>0x13b1</load_address>
         <run_address>0x13b1</run_address>
         <size>0x2</size>
         <input_file_ref idref="fl-d6"/>
      </object_component>
      <object_component id="oc-2a1">
         <name>.const:.typeinfo:_ZTIPKe</name>
         <load_address>0x13b4</load_address>
         <run_address>0x13b4</run_address>
         <size>0x10</size>
         <input_file_ref idref="fl-d6"/>
      </object_component>
      <object_component id="oc-126">
         <name>.const:_ZTV3LED</name>
         <load_address>0x13c4</load_address>
         <run_address>0x13c4</run_address>
         <size>0x10</size>
         <input_file_ref idref="fl-2"/>
      </object_component>
      <object_component id="oc-13b">
         <name>.const:_ZTV4Task</name>
         <load_address>0x13d4</load_address>
         <run_address>0x13d4</run_address>
         <size>0x10</size>
         <input_file_ref idref="fl-4"/>
      </object_component>
      <object_component id="oc-278">
         <name>.const:_ZTVN10__cxxabiv117__class_type_infoE</name>
         <load_address>0x13e4</load_address>
         <run_address>0x13e4</run_address>
         <size>0x10</size>
         <input_file_ref idref="fl-d6"/>
      </object_component>
      <object_component id="oc-2ca">
         <name>.const:_ZTVN10__cxxabiv119__pointer_type_infoE</name>
         <load_address>0x13f4</load_address>
         <run_address>0x13f4</run_address>
         <size>0x10</size>
         <input_file_ref idref="fl-d6"/>
      </object_component>
      <object_component id="oc-26e">
         <name>.const:_ZTVN10__cxxabiv120__si_class_type_infoE</name>
         <load_address>0x1404</load_address>
         <run_address>0x1404</run_address>
         <size>0x10</size>
         <input_file_ref idref="fl-d6"/>
      </object_component>
      <object_component id="oc-2e9">
         <name>.const:_ZTVN10__cxxabiv123__fundamental_type_infoE</name>
         <load_address>0x1414</load_address>
         <run_address>0x1414</run_address>
         <size>0x10</size>
         <input_file_ref idref="fl-d6"/>
      </object_component>
      <object_component id="oc-2d9">
         <name>.const:.typeinfo:_ZTSSt9type_info</name>
         <load_address>0x1424</load_address>
         <run_address>0x1424</run_address>
         <size>0xd</size>
         <input_file_ref idref="fl-d6"/>
      </object_component>
      <object_component id="oc-245">
         <name>.const:.typeinfo:_ZTI3LED</name>
         <load_address>0x1434</load_address>
         <run_address>0x1434</run_address>
         <size>0xc</size>
         <input_file_ref idref="fl-2"/>
      </object_component>
      <object_component id="oc-290">
         <name>.const:.typeinfo:_ZTIN10__cxxabiv117__class_type_infoE</name>
         <load_address>0x1440</load_address>
         <run_address>0x1440</run_address>
         <size>0xc</size>
         <input_file_ref idref="fl-d6"/>
      </object_component>
      <object_component id="oc-2fa">
         <name>.const:.typeinfo:_ZTIN10__cxxabiv117__pbase_type_infoE</name>
         <load_address>0x144c</load_address>
         <run_address>0x144c</run_address>
         <size>0xc</size>
         <input_file_ref idref="fl-d6"/>
      </object_component>
      <object_component id="oc-2e4">
         <name>.const:.typeinfo:_ZTIN10__cxxabiv119__pointer_type_infoE</name>
         <load_address>0x1458</load_address>
         <run_address>0x1458</run_address>
         <size>0xc</size>
         <input_file_ref idref="fl-d6"/>
      </object_component>
      <object_component id="oc-282">
         <name>.const:.typeinfo:_ZTIN10__cxxabiv120__si_class_type_infoE</name>
         <load_address>0x1464</load_address>
         <run_address>0x1464</run_address>
         <size>0xc</size>
         <input_file_ref idref="fl-d6"/>
      </object_component>
      <object_component id="oc-2ff">
         <name>.const:.typeinfo:_ZTIN10__cxxabiv123__fundamental_type_infoE</name>
         <load_address>0x1470</load_address>
         <run_address>0x1470</run_address>
         <size>0xc</size>
         <input_file_ref idref="fl-d6"/>
      </object_component>
      <object_component id="oc-24e">
         <name>.const:.typeinfo:_ZTI4Task</name>
         <load_address>0x147c</load_address>
         <run_address>0x147c</run_address>
         <size>0x8</size>
         <input_file_ref idref="fl-2"/>
      </object_component>
      <object_component id="oc-2bd">
         <name>.const:.typeinfo:_ZTISt9type_info</name>
         <load_address>0x1484</load_address>
         <run_address>0x1484</run_address>
         <size>0x8</size>
         <input_file_ref idref="fl-d6"/>
      </object_component>
      <object_component id="oc-2d4">
         <name>.const:.typeinfo:_ZTIe</name>
         <load_address>0x148c</load_address>
         <run_address>0x148c</run_address>
         <size>0x8</size>
         <input_file_ref idref="fl-d6"/>
      </object_component>
      <object_component id="oc-27d">
         <name>.const:.typeinfo:_ZTS4Task</name>
         <load_address>0x1494</load_address>
         <run_address>0x1494</run_address>
         <size>0x6</size>
         <input_file_ref idref="fl-2"/>
      </object_component>
      <object_component id="oc-273">
         <name>.const:.typeinfo:_ZTS3LED</name>
         <load_address>0x149a</load_address>
         <run_address>0x149a</run_address>
         <size>0x5</size>
         <input_file_ref idref="fl-2"/>
      </object_component>
      <object_component id="oc-2cf">
         <name>.const:.typeinfo:_ZTSPKe</name>
         <load_address>0x149f</load_address>
         <run_address>0x149f</run_address>
         <size>0x4</size>
         <input_file_ref idref="fl-d6"/>
      </object_component>
      <object_component id="oc-335">
         <name>.cinit..data.load</name>
         <load_address>0x14a8</load_address>
         <run_address>0x14a8</run_address>
         <size>0x21</size>
      </object_component>
      <object_component id="oc-333">
         <name>__TI_handler_table</name>
         <load_address>0x14cc</load_address>
         <run_address>0x14cc</run_address>
         <size>0xc</size>
      </object_component>
      <object_component id="oc-336">
         <name>.cinit..bss.load</name>
         <load_address>0x14d8</load_address>
         <run_address>0x14d8</run_address>
         <size>0x8</size>
      </object_component>
      <object_component id="oc-334">
         <name>__TI_cinit_table</name>
         <load_address>0x14e0</load_address>
         <run_address>0x14e0</run_address>
         <size>0x10</size>
      </object_component>
      <object_component id="oc-2c">
         <name>.init_array</name>
         <load_address>0x14a4</load_address>
         <run_address>0x14a4</run_address>
         <size>0x4</size>
         <input_file_ref idref="fl-5"/>
      </object_component>
      <object_component id="oc-310">
         <name>.binit</name>
         <load_address>0x0</load_address>
         <run_address>0x0</run_address>
         <size>0x0</size>
      </object_component>
      <object_component id="oc-d8">
         <name>.data</name>
         <load_address>0x20000958</load_address>
         <run_address>0x20000958</run_address>
         <size>0x9</size>
         <input_file_ref idref="fl-5"/>
      </object_component>
      <object_component id="oc-22d">
         <name>.data</name>
         <load_address>0x20000970</load_address>
         <run_address>0x20000970</run_address>
         <size>0x4</size>
         <input_file_ref idref="fl-7"/>
      </object_component>
      <object_component id="oc-b4">
         <name>.data:$O1$$</name>
         <load_address>0x20000940</load_address>
         <run_address>0x20000940</run_address>
         <size>0xc</size>
         <input_file_ref idref="fl-d0"/>
      </object_component>
      <object_component id="oc-75">
         <name>.data</name>
         <load_address>0x2000096c</load_address>
         <run_address>0x2000096c</run_address>
         <size>0x4</size>
         <input_file_ref idref="fl-d5"/>
      </object_component>
      <object_component id="oc-b7">
         <name>.data:$O1$$</name>
         <load_address>0x20000964</load_address>
         <run_address>0x20000964</run_address>
         <size>0x8</size>
         <input_file_ref idref="fl-d7"/>
      </object_component>
      <object_component id="oc-2de">
         <name>.data:$O1$$</name>
         <load_address>0x2000094c</load_address>
         <run_address>0x2000094c</run_address>
         <size>0xc</size>
         <input_file_ref idref="fl-dc"/>
      </object_component>
      <object_component id="oc-d1">
         <name>.bss:g_MainScheduler</name>
         <uninitialized>true</uninitialized>
         <run_address>0x20000000</run_address>
         <size>0x520</size>
         <input_file_ref idref="fl-5"/>
      </object_component>
      <object_component id="oc-d4">
         <name>.common:prueba</name>
         <uninitialized>true</uninitialized>
         <run_address>0x20000520</run_address>
         <size>0x18</size>
      </object_component>
      <object_component id="oc-2a0">
         <name>.common:_ZSt16__dummy_typeinfo</name>
         <uninitialized>true</uninitialized>
         <run_address>0x20000538</run_address>
         <size>0x4</size>
      </object_component>
      <object_component id="oc-31">
         <name>.sysmem</name>
         <uninitialized>true</uninitialized>
         <run_address>0x20000540</run_address>
         <size>0x8</size>
         <input_file_ref idref="fl-dc"/>
      </object_component>
      <object_component id="oc-338">
         <name>.sysmem</name>
         <uninitialized>true</uninitialized>
         <run_address>0x20000540</run_address>
         <size>0x0</size>
      </object_component>
      <object_component id="oc-30">
         <name>.stack</name>
         <uninitialized>true</uninitialized>
         <run_address>0x2000fe00</run_address>
         <size>0x0</size>
         <input_file_ref idref="fl-cc"/>
      </object_component>
      <object_component id="oc-337">
         <name>.stack</name>
         <uninitialized>true</uninitialized>
         <run_address>0x2000fe00</run_address>
         <size>0x0</size>
      </object_component>
      <object_component id="oc-12c">
         <name>.debug_info</name>
         <load_address>0x0</load_address>
         <run_address>0x0</run_address>
         <size>0x61e0</size>
         <input_file_ref idref="fl-2"/>
      </object_component>
      <object_component id="oc-127">
         <name>.debug_info</name>
         <load_address>0x61e0</load_address>
         <run_address>0x61e0</run_address>
         <size>0xe5</size>
         <input_file_ref idref="fl-2"/>
      </object_component>
      <object_component id="oc-246">
         <name>.debug_info</name>
         <load_address>0x62c5</load_address>
         <run_address>0x62c5</run_address>
         <size>0xd7</size>
         <input_file_ref idref="fl-2"/>
      </object_component>
      <object_component id="oc-24f">
         <name>.debug_info</name>
         <load_address>0x639c</load_address>
         <run_address>0x639c</run_address>
         <size>0xd9</size>
         <input_file_ref idref="fl-2"/>
      </object_component>
      <object_component id="oc-27e">
         <name>.debug_info</name>
         <load_address>0x6475</load_address>
         <run_address>0x6475</run_address>
         <size>0xde</size>
         <input_file_ref idref="fl-2"/>
      </object_component>
      <object_component id="oc-274">
         <name>.debug_info</name>
         <load_address>0x6553</load_address>
         <run_address>0x6553</run_address>
         <size>0xdc</size>
         <input_file_ref idref="fl-2"/>
      </object_component>
      <object_component id="oc-c0">
         <name>.debug_info</name>
         <load_address>0x662f</load_address>
         <run_address>0x662f</run_address>
         <size>0x27b</size>
         <input_file_ref idref="fl-2"/>
      </object_component>
      <object_component id="oc-19b">
         <name>.debug_info</name>
         <load_address>0x68aa</load_address>
         <run_address>0x68aa</run_address>
         <size>0x4f6</size>
         <input_file_ref idref="fl-2"/>
      </object_component>
      <object_component id="oc-1d2">
         <name>.debug_info</name>
         <load_address>0x6da0</load_address>
         <run_address>0x6da0</run_address>
         <size>0xb3b</size>
         <input_file_ref idref="fl-2"/>
      </object_component>
      <object_component id="oc-16f">
         <name>.debug_info</name>
         <load_address>0x78db</load_address>
         <run_address>0x78db</run_address>
         <size>0x794</size>
         <input_file_ref idref="fl-2"/>
      </object_component>
      <object_component id="oc-1c3">
         <name>.debug_info</name>
         <load_address>0x806f</load_address>
         <run_address>0x806f</run_address>
         <size>0xee</size>
         <input_file_ref idref="fl-2"/>
      </object_component>
      <object_component id="oc-1c8">
         <name>.debug_info</name>
         <load_address>0x815d</load_address>
         <run_address>0x815d</run_address>
         <size>0x1f0</size>
         <input_file_ref idref="fl-2"/>
      </object_component>
      <object_component id="oc-14c">
         <name>.debug_info</name>
         <load_address>0x834d</load_address>
         <run_address>0x834d</run_address>
         <size>0x1268</size>
         <input_file_ref idref="fl-2"/>
      </object_component>
      <object_component id="oc-e1">
         <name>.debug_info</name>
         <load_address>0x95b5</load_address>
         <run_address>0x95b5</run_address>
         <size>0x3f8f</size>
         <input_file_ref idref="fl-2"/>
      </object_component>
      <object_component id="oc-151">
         <name>.debug_info</name>
         <load_address>0xd544</load_address>
         <run_address>0xd544</run_address>
         <size>0xd8</size>
         <input_file_ref idref="fl-2"/>
      </object_component>
      <object_component id="oc-15b">
         <name>.debug_info</name>
         <load_address>0xd61c</load_address>
         <run_address>0xd61c</run_address>
         <size>0x80f</size>
         <input_file_ref idref="fl-2"/>
      </object_component>
      <object_component id="oc-dc">
         <name>.debug_info</name>
         <load_address>0xde2b</load_address>
         <run_address>0xde2b</run_address>
         <size>0xfb</size>
         <input_file_ref idref="fl-2"/>
      </object_component>
      <object_component id="oc-12f">
         <name>.debug_info</name>
         <load_address>0xdf26</load_address>
         <run_address>0xdf26</run_address>
         <size>0x270</size>
         <input_file_ref idref="fl-2"/>
      </object_component>
      <object_component id="oc-165">
         <name>.debug_info</name>
         <load_address>0xe196</load_address>
         <run_address>0xe196</run_address>
         <size>0x5a</size>
         <input_file_ref idref="fl-2"/>
      </object_component>
      <object_component id="oc-141">
         <name>.debug_info</name>
         <load_address>0xe1f0</load_address>
         <run_address>0xe1f0</run_address>
         <size>0x1dc</size>
         <input_file_ref idref="fl-2"/>
      </object_component>
      <object_component id="oc-16a">
         <name>.debug_info</name>
         <load_address>0xe3cc</load_address>
         <run_address>0xe3cc</run_address>
         <size>0x2a3</size>
         <input_file_ref idref="fl-2"/>
      </object_component>
      <object_component id="oc-17e">
         <name>.debug_info</name>
         <load_address>0xe66f</load_address>
         <run_address>0xe66f</run_address>
         <size>0x3908</size>
         <input_file_ref idref="fl-2"/>
      </object_component>
      <object_component id="oc-183">
         <name>.debug_info</name>
         <load_address>0x11f77</load_address>
         <run_address>0x11f77</run_address>
         <size>0xc1</size>
         <input_file_ref idref="fl-2"/>
      </object_component>
      <object_component id="oc-188">
         <name>.debug_info</name>
         <load_address>0x12038</load_address>
         <run_address>0x12038</run_address>
         <size>0x12cf</size>
         <input_file_ref idref="fl-2"/>
      </object_component>
      <object_component id="oc-18d">
         <name>.debug_info</name>
         <load_address>0x13307</load_address>
         <run_address>0x13307</run_address>
         <size>0xc1b</size>
         <input_file_ref idref="fl-2"/>
      </object_component>
      <object_component id="oc-192">
         <name>.debug_info</name>
         <load_address>0x13f22</load_address>
         <run_address>0x13f22</run_address>
         <size>0x5e</size>
         <input_file_ref idref="fl-2"/>
      </object_component>
      <object_component id="oc-196">
         <name>.debug_info</name>
         <load_address>0x13f80</load_address>
         <run_address>0x13f80</run_address>
         <size>0x374</size>
         <input_file_ref idref="fl-2"/>
      </object_component>
      <object_component id="oc-1a0">
         <name>.debug_info</name>
         <load_address>0x142f4</load_address>
         <run_address>0x142f4</run_address>
         <size>0x46</size>
         <input_file_ref idref="fl-2"/>
      </object_component>
      <object_component id="oc-1a5">
         <name>.debug_info</name>
         <load_address>0x1433a</load_address>
         <run_address>0x1433a</run_address>
         <size>0x9a1</size>
         <input_file_ref idref="fl-2"/>
      </object_component>
      <object_component id="oc-1af">
         <name>.debug_info</name>
         <load_address>0x14cdb</load_address>
         <run_address>0x14cdb</run_address>
         <size>0x11ff</size>
         <input_file_ref idref="fl-2"/>
      </object_component>
      <object_component id="oc-1b9">
         <name>.debug_info</name>
         <load_address>0x15eda</load_address>
         <run_address>0x15eda</run_address>
         <size>0x519</size>
         <input_file_ref idref="fl-2"/>
      </object_component>
      <object_component id="oc-1be">
         <name>.debug_info</name>
         <load_address>0x163f3</load_address>
         <run_address>0x163f3</run_address>
         <size>0x1e7b</size>
         <input_file_ref idref="fl-2"/>
      </object_component>
      <object_component id="oc-21c">
         <name>.debug_info</name>
         <load_address>0x1826e</load_address>
         <run_address>0x1826e</run_address>
         <size>0x545</size>
         <input_file_ref idref="fl-2"/>
      </object_component>
      <object_component id="oc-136">
         <name>.debug_info</name>
         <load_address>0x187b3</load_address>
         <run_address>0x187b3</run_address>
         <size>0x8b</size>
         <input_file_ref idref="fl-2"/>
      </object_component>
      <object_component id="oc-20e">
         <name>.debug_info</name>
         <load_address>0x1883e</load_address>
         <run_address>0x1883e</run_address>
         <size>0x14d</size>
         <input_file_ref idref="fl-2"/>
      </object_component>
      <object_component id="oc-1ff">
         <name>.debug_info</name>
         <load_address>0x1898b</load_address>
         <run_address>0x1898b</run_address>
         <size>0xda</size>
         <input_file_ref idref="fl-2"/>
      </object_component>
      <object_component id="oc-204">
         <name>.debug_info</name>
         <load_address>0x18a65</load_address>
         <run_address>0x18a65</run_address>
         <size>0x14a</size>
         <input_file_ref idref="fl-2"/>
      </object_component>
      <object_component id="oc-209">
         <name>.debug_info</name>
         <load_address>0x18baf</load_address>
         <run_address>0x18baf</run_address>
         <size>0x18a</size>
         <input_file_ref idref="fl-2"/>
      </object_component>
      <object_component id="oc-e6">
         <name>.debug_info</name>
         <load_address>0x18d39</load_address>
         <run_address>0x18d39</run_address>
         <size>0x18b</size>
         <input_file_ref idref="fl-2"/>
      </object_component>
      <object_component id="oc-1e6">
         <name>.debug_info</name>
         <load_address>0x18ec4</load_address>
         <run_address>0x18ec4</run_address>
         <size>0x6b5</size>
         <input_file_ref idref="fl-2"/>
      </object_component>
      <object_component id="oc-267">
         <name>.debug_info</name>
         <load_address>0x19579</load_address>
         <run_address>0x19579</run_address>
         <size>0x4f</size>
         <input_file_ref idref="fl-2"/>
      </object_component>
      <object_component id="oc-1dc">
         <name>.debug_info</name>
         <load_address>0x195c8</load_address>
         <run_address>0x195c8</run_address>
         <size>0x60</size>
         <input_file_ref idref="fl-2"/>
      </object_component>
      <object_component id="oc-1cd">
         <name>.debug_info</name>
         <load_address>0x19628</load_address>
         <run_address>0x19628</run_address>
         <size>0x39</size>
         <input_file_ref idref="fl-2"/>
      </object_component>
      <object_component id="oc-226">
         <name>.debug_info</name>
         <load_address>0x19661</load_address>
         <run_address>0x19661</run_address>
         <size>0x60</size>
         <input_file_ref idref="fl-2"/>
      </object_component>
      <object_component id="oc-1e1">
         <name>.debug_info</name>
         <load_address>0x196c1</load_address>
         <run_address>0x196c1</run_address>
         <size>0xca</size>
         <input_file_ref idref="fl-2"/>
      </object_component>
      <object_component id="oc-1d7">
         <name>.debug_info</name>
         <load_address>0x1978b</load_address>
         <run_address>0x1978b</run_address>
         <size>0x370</size>
         <input_file_ref idref="fl-2"/>
      </object_component>
      <object_component id="oc-1eb">
         <name>.debug_info</name>
         <load_address>0x19afb</load_address>
         <run_address>0x19afb</run_address>
         <size>0x67</size>
         <input_file_ref idref="fl-2"/>
      </object_component>
      <object_component id="oc-1f0">
         <name>.debug_info</name>
         <load_address>0x19b62</load_address>
         <run_address>0x19b62</run_address>
         <size>0x3ee</size>
         <input_file_ref idref="fl-2"/>
      </object_component>
      <object_component id="oc-218">
         <name>.debug_info</name>
         <load_address>0x19f50</load_address>
         <run_address>0x19f50</run_address>
         <size>0x28</size>
         <input_file_ref idref="fl-2"/>
      </object_component>
      <object_component id="oc-263">
         <name>.debug_info</name>
         <load_address>0x19f78</load_address>
         <run_address>0x19f78</run_address>
         <size>0x43</size>
         <input_file_ref idref="fl-2"/>
      </object_component>
      <object_component id="oc-221">
         <name>.debug_info</name>
         <load_address>0x19fbb</load_address>
         <run_address>0x19fbb</run_address>
         <size>0xf5</size>
         <input_file_ref idref="fl-2"/>
      </object_component>
      <object_component id="oc-134">
         <name>.debug_info</name>
         <load_address>0x1a0b0</load_address>
         <run_address>0x1a0b0</run_address>
         <size>0x5ce9</size>
         <input_file_ref idref="fl-3"/>
      </object_component>
      <object_component id="oc-c6">
         <name>.debug_info</name>
         <load_address>0x1fd99</load_address>
         <run_address>0x1fd99</run_address>
         <size>0x88d</size>
         <input_file_ref idref="fl-3"/>
      </object_component>
      <object_component id="oc-146">
         <name>.debug_info</name>
         <load_address>0x20626</load_address>
         <run_address>0x20626</run_address>
         <size>0x6050</size>
         <input_file_ref idref="fl-4"/>
      </object_component>
      <object_component id="oc-13c">
         <name>.debug_info</name>
         <load_address>0x26676</load_address>
         <run_address>0x26676</run_address>
         <size>0xe8</size>
         <input_file_ref idref="fl-4"/>
      </object_component>
      <object_component id="oc-254">
         <name>.debug_info</name>
         <load_address>0x2675e</load_address>
         <run_address>0x2675e</run_address>
         <size>0x125</size>
         <input_file_ref idref="fl-4"/>
      </object_component>
      <object_component id="oc-25b">
         <name>.debug_info</name>
         <load_address>0x26883</load_address>
         <run_address>0x26883</run_address>
         <size>0x129</size>
         <input_file_ref idref="fl-4"/>
      </object_component>
      <object_component id="oc-cc">
         <name>.debug_info</name>
         <load_address>0x269ac</load_address>
         <run_address>0x269ac</run_address>
         <size>0x1f9</size>
         <input_file_ref idref="fl-4"/>
      </object_component>
      <object_component id="oc-d5">
         <name>.debug_info</name>
         <load_address>0x26ba5</load_address>
         <run_address>0x26ba5</run_address>
         <size>0x6429</size>
         <input_file_ref idref="fl-5"/>
      </object_component>
      <object_component id="oc-d9">
         <name>.debug_info</name>
         <load_address>0x2cfce</load_address>
         <run_address>0x2cfce</run_address>
         <size>0x11b</size>
         <input_file_ref idref="fl-5"/>
      </object_component>
      <object_component id="oc-d2">
         <name>.debug_info</name>
         <load_address>0x2d0e9</load_address>
         <run_address>0x2d0e9</run_address>
         <size>0xde</size>
         <input_file_ref idref="fl-5"/>
      </object_component>
      <object_component id="oc-7a">
         <name>.debug_info</name>
         <load_address>0x2d1c7</load_address>
         <run_address>0x2d1c7</run_address>
         <size>0x68b</size>
         <input_file_ref idref="fl-5"/>
      </object_component>
      <object_component id="oc-156">
         <name>.debug_info</name>
         <load_address>0x2d852</load_address>
         <run_address>0x2d852</run_address>
         <size>0x4e8</size>
         <input_file_ref idref="fl-5"/>
      </object_component>
      <object_component id="oc-160">
         <name>.debug_info</name>
         <load_address>0x2dd3a</load_address>
         <run_address>0x2dd3a</run_address>
         <size>0x1ef</size>
         <input_file_ref idref="fl-5"/>
      </object_component>
      <object_component id="oc-174">
         <name>.debug_info</name>
         <load_address>0x2df29</load_address>
         <run_address>0x2df29</run_address>
         <size>0xb7</size>
         <input_file_ref idref="fl-5"/>
      </object_component>
      <object_component id="oc-179">
         <name>.debug_info</name>
         <load_address>0x2dfe0</load_address>
         <run_address>0x2dfe0</run_address>
         <size>0xa3</size>
         <input_file_ref idref="fl-5"/>
      </object_component>
      <object_component id="oc-1aa">
         <name>.debug_info</name>
         <load_address>0x2e083</load_address>
         <run_address>0x2e083</run_address>
         <size>0xdf</size>
         <input_file_ref idref="fl-5"/>
      </object_component>
      <object_component id="oc-1b4">
         <name>.debug_info</name>
         <load_address>0x2e162</load_address>
         <run_address>0x2e162</run_address>
         <size>0x3d7</size>
         <input_file_ref idref="fl-5"/>
      </object_component>
      <object_component id="oc-1f5">
         <name>.debug_info</name>
         <load_address>0x2e539</load_address>
         <run_address>0x2e539</run_address>
         <size>0x163</size>
         <input_file_ref idref="fl-5"/>
      </object_component>
      <object_component id="oc-1fa">
         <name>.debug_info</name>
         <load_address>0x2e69c</load_address>
         <run_address>0x2e69c</run_address>
         <size>0x107</size>
         <input_file_ref idref="fl-5"/>
      </object_component>
      <object_component id="oc-213">
         <name>.debug_info</name>
         <load_address>0x2e7a3</load_address>
         <run_address>0x2e7a3</run_address>
         <size>0xb7</size>
         <input_file_ref idref="fl-5"/>
      </object_component>
      <object_component id="oc-87">
         <name>.debug_info</name>
         <load_address>0x2e85a</load_address>
         <run_address>0x2e85a</run_address>
         <size>0x2b3</size>
         <input_file_ref idref="fl-6"/>
      </object_component>
      <object_component id="oc-2e">
         <name>.debug_info</name>
         <load_address>0x2eb0d</load_address>
         <run_address>0x2eb0d</run_address>
         <size>0xf1</size>
         <input_file_ref idref="fl-6"/>
      </object_component>
      <object_component id="oc-80">
         <name>.debug_info</name>
         <load_address>0x2ebfe</load_address>
         <run_address>0x2ebfe</run_address>
         <size>0x1b8</size>
         <input_file_ref idref="fl-6"/>
      </object_component>
      <object_component id="oc-3a">
         <name>.debug_info</name>
         <load_address>0x2edb6</load_address>
         <run_address>0x2edb6</run_address>
         <size>0x84</size>
         <input_file_ref idref="fl-6"/>
      </object_component>
      <object_component id="oc-231">
         <name>.debug_info</name>
         <load_address>0x2ee3a</load_address>
         <run_address>0x2ee3a</run_address>
         <size>0x18b</size>
         <input_file_ref idref="fl-6"/>
      </object_component>
      <object_component id="oc-22e">
         <name>.debug_info</name>
         <load_address>0x2efc5</load_address>
         <run_address>0x2efc5</run_address>
         <size>0xea</size>
         <input_file_ref idref="fl-7"/>
      </object_component>
      <object_component id="oc-ec">
         <name>.debug_info</name>
         <load_address>0x2f0af</load_address>
         <run_address>0x2f0af</run_address>
         <size>0x25c</size>
         <input_file_ref idref="fl-7"/>
      </object_component>
      <object_component id="oc-27">
         <name>.debug_info</name>
         <load_address>0x2f30b</load_address>
         <run_address>0x2f30b</run_address>
         <size>0x160</size>
         <input_file_ref idref="fl-cc"/>
      </object_component>
      <object_component id="oc-91">
         <name>.debug_info</name>
         <load_address>0x2f46b</load_address>
         <run_address>0x2f46b</run_address>
         <size>0x293</size>
         <input_file_ref idref="fl-cd"/>
      </object_component>
      <object_component id="oc-16">
         <name>.debug_info</name>
         <load_address>0x2f6fe</load_address>
         <run_address>0x2f6fe</run_address>
         <size>0x245</size>
         <input_file_ref idref="fl-cd"/>
      </object_component>
      <object_component id="oc-35">
         <name>.debug_info</name>
         <load_address>0x2f943</load_address>
         <run_address>0x2f943</run_address>
         <size>0x60</size>
         <input_file_ref idref="fl-cd"/>
      </object_component>
      <object_component id="oc-8c">
         <name>.debug_info</name>
         <load_address>0x2f9a3</load_address>
         <run_address>0x2f9a3</run_address>
         <size>0x46</size>
         <input_file_ref idref="fl-cd"/>
      </object_component>
      <object_component id="oc-4a">
         <name>.debug_info</name>
         <load_address>0x2f9e9</load_address>
         <run_address>0x2f9e9</run_address>
         <size>0x2da</size>
         <input_file_ref idref="fl-ce"/>
      </object_component>
      <object_component id="oc-1d">
         <name>.debug_info</name>
         <load_address>0x2fcc3</load_address>
         <run_address>0x2fcc3</run_address>
         <size>0x1df</size>
         <input_file_ref idref="fl-ce"/>
      </object_component>
      <object_component id="oc-45">
         <name>.debug_info</name>
         <load_address>0x2fea2</load_address>
         <run_address>0x2fea2</run_address>
         <size>0x46</size>
         <input_file_ref idref="fl-ce"/>
      </object_component>
      <object_component id="oc-93">
         <name>.debug_info</name>
         <load_address>0x2fee8</load_address>
         <run_address>0x2fee8</run_address>
         <size>0x2c</size>
         <input_file_ref idref="fl-ce"/>
      </object_component>
      <object_component id="oc-56">
         <name>.debug_info</name>
         <load_address>0x2ff14</load_address>
         <run_address>0x2ff14</run_address>
         <size>0x2c9</size>
         <input_file_ref idref="fl-cf"/>
      </object_component>
      <object_component id="oc-23">
         <name>.debug_info</name>
         <load_address>0x301dd</load_address>
         <run_address>0x301dd</run_address>
         <size>0x1aa</size>
         <input_file_ref idref="fl-cf"/>
      </object_component>
      <object_component id="oc-51">
         <name>.debug_info</name>
         <load_address>0x30387</load_address>
         <run_address>0x30387</run_address>
         <size>0x46</size>
         <input_file_ref idref="fl-cf"/>
      </object_component>
      <object_component id="oc-9b">
         <name>.debug_info</name>
         <load_address>0x303cd</load_address>
         <run_address>0x303cd</run_address>
         <size>0x2c</size>
         <input_file_ref idref="fl-cf"/>
      </object_component>
      <object_component id="oc-bb">
         <name>.debug_info</name>
         <load_address>0x303f9</load_address>
         <run_address>0x303f9</run_address>
         <size>0x3ce</size>
         <input_file_ref idref="fl-d0"/>
      </object_component>
      <object_component id="oc-b5">
         <name>.debug_info</name>
         <load_address>0x307c7</load_address>
         <run_address>0x307c7</run_address>
         <size>0x185</size>
         <input_file_ref idref="fl-d0"/>
      </object_component>
      <object_component id="oc-71">
         <name>.debug_info</name>
         <load_address>0x3094c</load_address>
         <run_address>0x3094c</run_address>
         <size>0x214</size>
         <input_file_ref idref="fl-d0"/>
      </object_component>
      <object_component id="oc-42">
         <name>.debug_info</name>
         <load_address>0x30b60</load_address>
         <run_address>0x30b60</run_address>
         <size>0x111</size>
         <input_file_ref idref="fl-d1"/>
      </object_component>
      <object_component id="oc-4c">
         <name>.debug_info</name>
         <load_address>0x30c71</load_address>
         <run_address>0x30c71</run_address>
         <size>0x13f</size>
         <input_file_ref idref="fl-d2"/>
      </object_component>
      <object_component id="oc-58">
         <name>.debug_info</name>
         <load_address>0x30db0</load_address>
         <run_address>0x30db0</run_address>
         <size>0x138</size>
         <input_file_ref idref="fl-d3"/>
      </object_component>
      <object_component id="oc-5f">
         <name>.debug_info</name>
         <load_address>0x30ee8</load_address>
         <run_address>0x30ee8</run_address>
         <size>0x148</size>
         <input_file_ref idref="fl-d4"/>
      </object_component>
      <object_component id="oc-76">
         <name>.debug_info</name>
         <load_address>0x31030</load_address>
         <run_address>0x31030</run_address>
         <size>0x109</size>
         <input_file_ref idref="fl-d5"/>
      </object_component>
      <object_component id="oc-28d">
         <name>.debug_info</name>
         <load_address>0x31139</load_address>
         <run_address>0x31139</run_address>
         <size>0x817</size>
         <input_file_ref idref="fl-d6"/>
      </object_component>
      <object_component id="oc-279">
         <name>.debug_info</name>
         <load_address>0x31950</load_address>
         <run_address>0x31950</run_address>
         <size>0x14d</size>
         <input_file_ref idref="fl-d6"/>
      </object_component>
      <object_component id="oc-2ea">
         <name>.debug_info</name>
         <load_address>0x31a9d</load_address>
         <run_address>0x31a9d</run_address>
         <size>0x159</size>
         <input_file_ref idref="fl-d6"/>
      </object_component>
      <object_component id="oc-2cb">
         <name>.debug_info</name>
         <load_address>0x31bf6</load_address>
         <run_address>0x31bf6</run_address>
         <size>0x151</size>
         <input_file_ref idref="fl-d6"/>
      </object_component>
      <object_component id="oc-2d5">
         <name>.debug_info</name>
         <load_address>0x31d47</load_address>
         <run_address>0x31d47</run_address>
         <size>0x10d</size>
         <input_file_ref idref="fl-d6"/>
      </object_component>
      <object_component id="oc-2ef">
         <name>.debug_info</name>
         <load_address>0x31e54</load_address>
         <run_address>0x31e54</run_address>
         <size>0x112</size>
         <input_file_ref idref="fl-d6"/>
      </object_component>
      <object_component id="oc-2a2">
         <name>.debug_info</name>
         <load_address>0x31f66</load_address>
         <run_address>0x31f66</run_address>
         <size>0x117</size>
         <input_file_ref idref="fl-d6"/>
      </object_component>
      <object_component id="oc-2d0">
         <name>.debug_info</name>
         <load_address>0x3207d</load_address>
         <run_address>0x3207d</run_address>
         <size>0x11c</size>
         <input_file_ref idref="fl-d6"/>
      </object_component>
      <object_component id="oc-26f">
         <name>.debug_info</name>
         <load_address>0x32199</load_address>
         <run_address>0x32199</run_address>
         <size>0x153</size>
         <input_file_ref idref="fl-d6"/>
      </object_component>
      <object_component id="oc-2be">
         <name>.debug_info</name>
         <load_address>0x322ec</load_address>
         <run_address>0x322ec</run_address>
         <size>0x11b</size>
         <input_file_ref idref="fl-d6"/>
      </object_component>
      <object_component id="oc-300">
         <name>.debug_info</name>
         <load_address>0x32407</load_address>
         <run_address>0x32407</run_address>
         <size>0x14b</size>
         <input_file_ref idref="fl-d6"/>
      </object_component>
      <object_component id="oc-291">
         <name>.debug_info</name>
         <load_address>0x32552</load_address>
         <run_address>0x32552</run_address>
         <size>0x13f</size>
         <input_file_ref idref="fl-d6"/>
      </object_component>
      <object_component id="oc-283">
         <name>.debug_info</name>
         <load_address>0x32691</load_address>
         <run_address>0x32691</run_address>
         <size>0x145</size>
         <input_file_ref idref="fl-d6"/>
      </object_component>
      <object_component id="oc-2fb">
         <name>.debug_info</name>
         <load_address>0x327d6</load_address>
         <run_address>0x327d6</run_address>
         <size>0x13f</size>
         <input_file_ref idref="fl-d6"/>
      </object_component>
      <object_component id="oc-2e5">
         <name>.debug_info</name>
         <load_address>0x32915</load_address>
         <run_address>0x32915</run_address>
         <size>0x143</size>
         <input_file_ref idref="fl-d6"/>
      </object_component>
      <object_component id="oc-2da">
         <name>.debug_info</name>
         <load_address>0x32a58</load_address>
         <run_address>0x32a58</run_address>
         <size>0x120</size>
         <input_file_ref idref="fl-d6"/>
      </object_component>
      <object_component id="oc-30a">
         <name>.debug_info</name>
         <load_address>0x32b78</load_address>
         <run_address>0x32b78</run_address>
         <size>0x150</size>
         <input_file_ref idref="fl-d6"/>
      </object_component>
      <object_component id="oc-2b9">
         <name>.debug_info</name>
         <load_address>0x32cc8</load_address>
         <run_address>0x32cc8</run_address>
         <size>0x144</size>
         <input_file_ref idref="fl-d6"/>
      </object_component>
      <object_component id="oc-296">
         <name>.debug_info</name>
         <load_address>0x32e0c</load_address>
         <run_address>0x32e0c</run_address>
         <size>0x14a</size>
         <input_file_ref idref="fl-d6"/>
      </object_component>
      <object_component id="oc-305">
         <name>.debug_info</name>
         <load_address>0x32f56</load_address>
         <run_address>0x32f56</run_address>
         <size>0x144</size>
         <input_file_ref idref="fl-d6"/>
      </object_component>
      <object_component id="oc-2f6">
         <name>.debug_info</name>
         <load_address>0x3309a</load_address>
         <run_address>0x3309a</run_address>
         <size>0x148</size>
         <input_file_ref idref="fl-d6"/>
      </object_component>
      <object_component id="oc-28a">
         <name>.debug_info</name>
         <load_address>0x331e2</load_address>
         <run_address>0x331e2</run_address>
         <size>0x10ad</size>
         <input_file_ref idref="fl-d6"/>
      </object_component>
      <object_component id="oc-2ac">
         <name>.debug_info</name>
         <load_address>0x3428f</load_address>
         <run_address>0x3428f</run_address>
         <size>0x582</size>
         <input_file_ref idref="fl-d6"/>
      </object_component>
      <object_component id="oc-2b3">
         <name>.debug_info</name>
         <load_address>0x34811</load_address>
         <run_address>0x34811</run_address>
         <size>0x2c</size>
         <input_file_ref idref="fl-d6"/>
      </object_component>
      <object_component id="oc-2a7">
         <name>.debug_info</name>
         <load_address>0x3483d</load_address>
         <run_address>0x3483d</run_address>
         <size>0xec</size>
         <input_file_ref idref="fl-d6"/>
      </object_component>
      <object_component id="oc-122">
         <name>.debug_info</name>
         <load_address>0x34929</load_address>
         <run_address>0x34929</run_address>
         <size>0x2be</size>
         <input_file_ref idref="fl-d7"/>
      </object_component>
      <object_component id="oc-b8">
         <name>.debug_info</name>
         <load_address>0x34be7</load_address>
         <run_address>0x34be7</run_address>
         <size>0x113</size>
         <input_file_ref idref="fl-d7"/>
      </object_component>
      <object_component id="oc-11e">
         <name>.debug_info</name>
         <load_address>0x34cfa</load_address>
         <run_address>0x34cfa</run_address>
         <size>0x21f</size>
         <input_file_ref idref="fl-d7"/>
      </object_component>
      <object_component id="oc-b3">
         <name>.debug_info</name>
         <load_address>0x34f19</load_address>
         <run_address>0x34f19</run_address>
         <size>0x300</size>
         <input_file_ref idref="fl-d8"/>
      </object_component>
      <object_component id="oc-6c">
         <name>.debug_info</name>
         <load_address>0x35219</load_address>
         <run_address>0x35219</run_address>
         <size>0x167</size>
         <input_file_ref idref="fl-d8"/>
      </object_component>
      <object_component id="oc-113">
         <name>.debug_info</name>
         <load_address>0x35380</load_address>
         <run_address>0x35380</run_address>
         <size>0x5e</size>
         <input_file_ref idref="fl-d8"/>
      </object_component>
      <object_component id="oc-b1">
         <name>.debug_info</name>
         <load_address>0x353de</load_address>
         <run_address>0x353de</run_address>
         <size>0x483</size>
         <input_file_ref idref="fl-d9"/>
      </object_component>
      <object_component id="oc-64">
         <name>.debug_info</name>
         <load_address>0x35861</load_address>
         <run_address>0x35861</run_address>
         <size>0x190</size>
         <input_file_ref idref="fl-d9"/>
      </object_component>
      <object_component id="oc-107">
         <name>.debug_info</name>
         <load_address>0x359f1</load_address>
         <run_address>0x359f1</run_address>
         <size>0x39</size>
         <input_file_ref idref="fl-d9"/>
      </object_component>
      <object_component id="oc-23d">
         <name>.debug_info</name>
         <load_address>0x35a2a</load_address>
         <run_address>0x35a2a</run_address>
         <size>0x39</size>
         <input_file_ref idref="fl-d9"/>
      </object_component>
      <object_component id="oc-10c">
         <name>.debug_info</name>
         <load_address>0x35a63</load_address>
         <run_address>0x35a63</run_address>
         <size>0xcd</size>
         <input_file_ref idref="fl-d9"/>
      </object_component>
      <object_component id="oc-103">
         <name>.debug_info</name>
         <load_address>0x35b30</load_address>
         <run_address>0x35b30</run_address>
         <size>0x37a</size>
         <input_file_ref idref="fl-da"/>
      </object_component>
      <object_component id="oc-a6">
         <name>.debug_info</name>
         <load_address>0x35eaa</load_address>
         <run_address>0x35eaa</run_address>
         <size>0x183</size>
         <input_file_ref idref="fl-da"/>
      </object_component>
      <object_component id="oc-238">
         <name>.debug_info</name>
         <load_address>0x3602d</load_address>
         <run_address>0x3602d</run_address>
         <size>0x2c</size>
         <input_file_ref idref="fl-da"/>
      </object_component>
      <object_component id="oc-2c9">
         <name>.debug_info</name>
         <load_address>0x36059</load_address>
         <run_address>0x36059</run_address>
         <size>0x296</size>
         <input_file_ref idref="fl-db"/>
      </object_component>
      <object_component id="oc-29d">
         <name>.debug_info</name>
         <load_address>0x362ef</load_address>
         <run_address>0x362ef</run_address>
         <size>0x164</size>
         <input_file_ref idref="fl-db"/>
      </object_component>
      <object_component id="oc-8a">
         <name>.debug_info</name>
         <load_address>0x36453</load_address>
         <run_address>0x36453</run_address>
         <size>0x3bc</size>
         <input_file_ref idref="fl-dc"/>
      </object_component>
      <object_component id="oc-32">
         <name>.debug_info</name>
         <load_address>0x3680f</load_address>
         <run_address>0x3680f</run_address>
         <size>0x101</size>
         <input_file_ref idref="fl-dc"/>
      </object_component>
      <object_component id="oc-2df">
         <name>.debug_info</name>
         <load_address>0x36910</load_address>
         <run_address>0x36910</run_address>
         <size>0x14c</size>
         <input_file_ref idref="fl-dc"/>
      </object_component>
      <object_component id="oc-2c4">
         <name>.debug_info</name>
         <load_address>0x36a5c</load_address>
         <run_address>0x36a5c</run_address>
         <size>0x885</size>
         <input_file_ref idref="fl-dc"/>
      </object_component>
      <object_component id="oc-f6">
         <name>.debug_info</name>
         <load_address>0x372e1</load_address>
         <run_address>0x372e1</run_address>
         <size>0x2c</size>
         <input_file_ref idref="fl-dc"/>
      </object_component>
      <object_component id="oc-fb">
         <name>.debug_info</name>
         <load_address>0x3730d</load_address>
         <run_address>0x3730d</run_address>
         <size>0x62</size>
         <input_file_ref idref="fl-dc"/>
      </object_component>
      <object_component id="oc-ab">
         <name>.debug_info</name>
         <load_address>0x3736f</load_address>
         <run_address>0x3736f</run_address>
         <size>0x145</size>
         <input_file_ref idref="fl-dd"/>
      </object_component>
      <object_component id="oc-339">
         <name>.debug_info</name>
         <load_address>0x374b4</load_address>
         <run_address>0x374b4</run_address>
         <size>0xa0</size>
      </object_component>
      <object_component id="oc-24b">
         <name>.debug_line</name>
         <load_address>0x0</load_address>
         <run_address>0x0</run_address>
         <size>0x3d</size>
         <input_file_ref idref="fl-2"/>
      </object_component>
      <object_component id="oc-12a">
         <name>.debug_line</name>
         <load_address>0x3d</load_address>
         <run_address>0x3d</run_address>
         <size>0x2e</size>
         <input_file_ref idref="fl-2"/>
      </object_component>
      <object_component id="oc-249">
         <name>.debug_line</name>
         <load_address>0x6b</load_address>
         <run_address>0x6b</run_address>
         <size>0x2e</size>
         <input_file_ref idref="fl-2"/>
      </object_component>
      <object_component id="oc-252">
         <name>.debug_line</name>
         <load_address>0x99</load_address>
         <run_address>0x99</run_address>
         <size>0x2e</size>
         <input_file_ref idref="fl-2"/>
      </object_component>
      <object_component id="oc-281">
         <name>.debug_line</name>
         <load_address>0xc7</load_address>
         <run_address>0xc7</run_address>
         <size>0x2e</size>
         <input_file_ref idref="fl-2"/>
      </object_component>
      <object_component id="oc-277">
         <name>.debug_line</name>
         <load_address>0xf5</load_address>
         <run_address>0xf5</run_address>
         <size>0x2e</size>
         <input_file_ref idref="fl-2"/>
      </object_component>
      <object_component id="oc-c3">
         <name>.debug_line</name>
         <load_address>0x123</load_address>
         <run_address>0x123</run_address>
         <size>0x7d</size>
         <input_file_ref idref="fl-2"/>
      </object_component>
      <object_component id="oc-19e">
         <name>.debug_line</name>
         <load_address>0x1a0</load_address>
         <run_address>0x1a0</run_address>
         <size>0x6c</size>
         <input_file_ref idref="fl-2"/>
      </object_component>
      <object_component id="oc-1d5">
         <name>.debug_line</name>
         <load_address>0x20c</load_address>
         <run_address>0x20c</run_address>
         <size>0xb8</size>
         <input_file_ref idref="fl-2"/>
      </object_component>
      <object_component id="oc-172">
         <name>.debug_line</name>
         <load_address>0x2c4</load_address>
         <run_address>0x2c4</run_address>
         <size>0x6d</size>
         <input_file_ref idref="fl-2"/>
      </object_component>
      <object_component id="oc-1c6">
         <name>.debug_line</name>
         <load_address>0x331</load_address>
         <run_address>0x331</run_address>
         <size>0x70</size>
         <input_file_ref idref="fl-2"/>
      </object_component>
      <object_component id="oc-1cb">
         <name>.debug_line</name>
         <load_address>0x3a1</load_address>
         <run_address>0x3a1</run_address>
         <size>0x71</size>
         <input_file_ref idref="fl-2"/>
      </object_component>
      <object_component id="oc-14f">
         <name>.debug_line</name>
         <load_address>0x412</load_address>
         <run_address>0x412</run_address>
         <size>0x76</size>
         <input_file_ref idref="fl-2"/>
      </object_component>
      <object_component id="oc-e4">
         <name>.debug_line</name>
         <load_address>0x488</load_address>
         <run_address>0x488</run_address>
         <size>0x52</size>
         <input_file_ref idref="fl-2"/>
      </object_component>
      <object_component id="oc-154">
         <name>.debug_line</name>
         <load_address>0x4da</load_address>
         <run_address>0x4da</run_address>
         <size>0x64</size>
         <input_file_ref idref="fl-2"/>
      </object_component>
      <object_component id="oc-15e">
         <name>.debug_line</name>
         <load_address>0x53e</load_address>
         <run_address>0x53e</run_address>
         <size>0xba</size>
         <input_file_ref idref="fl-2"/>
      </object_component>
      <object_component id="oc-df">
         <name>.debug_line</name>
         <load_address>0x5f8</load_address>
         <run_address>0x5f8</run_address>
         <size>0x2e</size>
         <input_file_ref idref="fl-2"/>
      </object_component>
      <object_component id="oc-132">
         <name>.debug_line</name>
         <load_address>0x626</load_address>
         <run_address>0x626</run_address>
         <size>0x34</size>
         <input_file_ref idref="fl-2"/>
      </object_component>
      <object_component id="oc-168">
         <name>.debug_line</name>
         <load_address>0x65a</load_address>
         <run_address>0x65a</run_address>
         <size>0x7c</size>
         <input_file_ref idref="fl-2"/>
      </object_component>
      <object_component id="oc-144">
         <name>.debug_line</name>
         <load_address>0x6d6</load_address>
         <run_address>0x6d6</run_address>
         <size>0x2f</size>
         <input_file_ref idref="fl-2"/>
      </object_component>
      <object_component id="oc-16d">
         <name>.debug_line</name>
         <load_address>0x705</load_address>
         <run_address>0x705</run_address>
         <size>0x69</size>
         <input_file_ref idref="fl-2"/>
      </object_component>
      <object_component id="oc-181">
         <name>.debug_line</name>
         <load_address>0x76e</load_address>
         <run_address>0x76e</run_address>
         <size>0x68</size>
         <input_file_ref idref="fl-2"/>
      </object_component>
      <object_component id="oc-186">
         <name>.debug_line</name>
         <load_address>0x7d6</load_address>
         <run_address>0x7d6</run_address>
         <size>0x6a</size>
         <input_file_ref idref="fl-2"/>
      </object_component>
      <object_component id="oc-18b">
         <name>.debug_line</name>
         <load_address>0x840</load_address>
         <run_address>0x840</run_address>
         <size>0x6c</size>
         <input_file_ref idref="fl-2"/>
      </object_component>
      <object_component id="oc-190">
         <name>.debug_line</name>
         <load_address>0x8ac</load_address>
         <run_address>0x8ac</run_address>
         <size>0x67</size>
         <input_file_ref idref="fl-2"/>
      </object_component>
      <object_component id="oc-194">
         <name>.debug_line</name>
         <load_address>0x913</load_address>
         <run_address>0x913</run_address>
         <size>0x69</size>
         <input_file_ref idref="fl-2"/>
      </object_component>
      <object_component id="oc-199">
         <name>.debug_line</name>
         <load_address>0x97c</load_address>
         <run_address>0x97c</run_address>
         <size>0xb1</size>
         <input_file_ref idref="fl-2"/>
      </object_component>
      <object_component id="oc-1a3">
         <name>.debug_line</name>
         <load_address>0xa2d</load_address>
         <run_address>0xa2d</run_address>
         <size>0x69</size>
         <input_file_ref idref="fl-2"/>
      </object_component>
      <object_component id="oc-1a8">
         <name>.debug_line</name>
         <load_address>0xa96</load_address>
         <run_address>0xa96</run_address>
         <size>0x68</size>
         <input_file_ref idref="fl-2"/>
      </object_component>
      <object_component id="oc-1b2">
         <name>.debug_line</name>
         <load_address>0xafe</load_address>
         <run_address>0xafe</run_address>
         <size>0x68</size>
         <input_file_ref idref="fl-2"/>
      </object_component>
      <object_component id="oc-1bc">
         <name>.debug_line</name>
         <load_address>0xb66</load_address>
         <run_address>0xb66</run_address>
         <size>0xf7</size>
         <input_file_ref idref="fl-2"/>
      </object_component>
      <object_component id="oc-1c1">
         <name>.debug_line</name>
         <load_address>0xc5d</load_address>
         <run_address>0xc5d</run_address>
         <size>0xc0</size>
         <input_file_ref idref="fl-2"/>
      </object_component>
      <object_component id="oc-21f">
         <name>.debug_line</name>
         <load_address>0xd1d</load_address>
         <run_address>0xd1d</run_address>
         <size>0x6a</size>
         <input_file_ref idref="fl-2"/>
      </object_component>
      <object_component id="oc-139">
         <name>.debug_line</name>
         <load_address>0xd87</load_address>
         <run_address>0xd87</run_address>
         <size>0x20</size>
         <input_file_ref idref="fl-2"/>
      </object_component>
      <object_component id="oc-211">
         <name>.debug_line</name>
         <load_address>0xda7</load_address>
         <run_address>0xda7</run_address>
         <size>0x65</size>
         <input_file_ref idref="fl-2"/>
      </object_component>
      <object_component id="oc-202">
         <name>.debug_line</name>
         <load_address>0xe0c</load_address>
         <run_address>0xe0c</run_address>
         <size>0x62</size>
         <input_file_ref idref="fl-2"/>
      </object_component>
      <object_component id="oc-207">
         <name>.debug_line</name>
         <load_address>0xe6e</load_address>
         <run_address>0xe6e</run_address>
         <size>0x68</size>
         <input_file_ref idref="fl-2"/>
      </object_component>
      <object_component id="oc-20c">
         <name>.debug_line</name>
         <load_address>0xed6</load_address>
         <run_address>0xed6</run_address>
         <size>0x6f</size>
         <input_file_ref idref="fl-2"/>
      </object_component>
      <object_component id="oc-e9">
         <name>.debug_line</name>
         <load_address>0xf45</load_address>
         <run_address>0xf45</run_address>
         <size>0x65</size>
         <input_file_ref idref="fl-2"/>
      </object_component>
      <object_component id="oc-1e9">
         <name>.debug_line</name>
         <load_address>0xfaa</load_address>
         <run_address>0xfaa</run_address>
         <size>0x6c</size>
         <input_file_ref idref="fl-2"/>
      </object_component>
      <object_component id="oc-26a">
         <name>.debug_line</name>
         <load_address>0x1016</load_address>
         <run_address>0x1016</run_address>
         <size>0x64</size>
         <input_file_ref idref="fl-2"/>
      </object_component>
      <object_component id="oc-1df">
         <name>.debug_line</name>
         <load_address>0x107a</load_address>
         <run_address>0x107a</run_address>
         <size>0x65</size>
         <input_file_ref idref="fl-2"/>
      </object_component>
      <object_component id="oc-1d0">
         <name>.debug_line</name>
         <load_address>0x10df</load_address>
         <run_address>0x10df</run_address>
         <size>0x65</size>
         <input_file_ref idref="fl-2"/>
      </object_component>
      <object_component id="oc-229">
         <name>.debug_line</name>
         <load_address>0x1144</load_address>
         <run_address>0x1144</run_address>
         <size>0x6f</size>
         <input_file_ref idref="fl-2"/>
      </object_component>
      <object_component id="oc-1e4">
         <name>.debug_line</name>
         <load_address>0x11b3</load_address>
         <run_address>0x11b3</run_address>
         <size>0x6c</size>
         <input_file_ref idref="fl-2"/>
      </object_component>
      <object_component id="oc-1da">
         <name>.debug_line</name>
         <load_address>0x121f</load_address>
         <run_address>0x121f</run_address>
         <size>0x74</size>
         <input_file_ref idref="fl-2"/>
      </object_component>
      <object_component id="oc-1ee">
         <name>.debug_line</name>
         <load_address>0x1293</load_address>
         <run_address>0x1293</run_address>
         <size>0x65</size>
         <input_file_ref idref="fl-2"/>
      </object_component>
      <object_component id="oc-1f3">
         <name>.debug_line</name>
         <load_address>0x12f8</load_address>
         <run_address>0x12f8</run_address>
         <size>0x6a</size>
         <input_file_ref idref="fl-2"/>
      </object_component>
      <object_component id="oc-21a">
         <name>.debug_line</name>
         <load_address>0x1362</load_address>
         <run_address>0x1362</run_address>
         <size>0x66</size>
         <input_file_ref idref="fl-2"/>
      </object_component>
      <object_component id="oc-265">
         <name>.debug_line</name>
         <load_address>0x13c8</load_address>
         <run_address>0x13c8</run_address>
         <size>0x6a</size>
         <input_file_ref idref="fl-2"/>
      </object_component>
      <object_component id="oc-224">
         <name>.debug_line</name>
         <load_address>0x1432</load_address>
         <run_address>0x1432</run_address>
         <size>0x6a</size>
         <input_file_ref idref="fl-2"/>
      </object_component>
      <object_component id="oc-24d">
         <name>.debug_line</name>
         <load_address>0x149c</load_address>
         <run_address>0x149c</run_address>
         <size>0x20</size>
         <input_file_ref idref="fl-3"/>
      </object_component>
      <object_component id="oc-ca">
         <name>.debug_line</name>
         <load_address>0x14bc</load_address>
         <run_address>0x14bc</run_address>
         <size>0x1f3</size>
         <input_file_ref idref="fl-3"/>
      </object_component>
      <object_component id="oc-262">
         <name>.debug_line</name>
         <load_address>0x16af</load_address>
         <run_address>0x16af</run_address>
         <size>0x3e</size>
         <input_file_ref idref="fl-4"/>
      </object_component>
      <object_component id="oc-13f">
         <name>.debug_line</name>
         <load_address>0x16ed</load_address>
         <run_address>0x16ed</run_address>
         <size>0x2f</size>
         <input_file_ref idref="fl-4"/>
      </object_component>
      <object_component id="oc-257">
         <name>.debug_line</name>
         <load_address>0x171c</load_address>
         <run_address>0x171c</run_address>
         <size>0x44</size>
         <input_file_ref idref="fl-4"/>
      </object_component>
      <object_component id="oc-25e">
         <name>.debug_line</name>
         <load_address>0x1760</load_address>
         <run_address>0x1760</run_address>
         <size>0x44</size>
         <input_file_ref idref="fl-4"/>
      </object_component>
      <object_component id="oc-cf">
         <name>.debug_line</name>
         <load_address>0x17a4</load_address>
[...]
         <name>main_func_sp</name>
         <value>0x2000096c</value>
         <object_component_ref idref="oc-75"/>
      </symbol>
      <symbol id="sm-413">
         <name>_ZSt16__dummy_typeinfo</name>
         <value>0x20000538</value>
      </symbol>
      <symbol id="sm-414">
         <name>_ZN10__cxxabiv120__function_type_infoD1Ev</name>
         <value>0xe69</value>
         <object_component_ref idref="oc-287"/>
      </symbol>
      <symbol id="sm-415">
         <name>_ZTIN10__cxxabiv119__pointer_type_infoE</name>
         <value>0x1458</value>
         <object_component_ref idref="oc-2e4"/>
      </symbol>
      <symbol id="sm-416">
         <name>_ZTSSt9type_info</name>
         <value>0x1424</value>
         <object_component_ref idref="oc-2d9"/>
      </symbol>
      <symbol id="sm-417">
         <name>_ZN10__cxxabiv123__fundamental_type_infoD2Ev</name>
         <value>0xe4b</value>
         <object_component_ref idref="oc-287"/>
      </symbol>
      <symbol id="sm-418">
         <name>_ZN10__cxxabiv117__class_type_infoD1Ev</name>
         <value>0xe87</value>
         <object_component_ref idref="oc-287"/>
      </symbol>
      <symbol id="sm-419">
         <name>_ZN10__cxxabiv129__pointer_to_member_type_infoD2Ev</name>
         <value>0xe41</value>
         <object_component_ref idref="oc-287"/>
      </symbol>
      <symbol id="sm-41a">
         <name>_ZN10__cxxabiv116__enum_type_infoD1Ev</name>
         <value>0xe9b</value>
         <object_component_ref idref="oc-287"/>
      </symbol>
      <symbol id="sm-41b">
         <name>_ZN10__cxxabiv121__vmi_class_type_infoD1Ev</name>
         <value>0xe55</value>
         <object_component_ref idref="oc-287"/>
      </symbol>
      <symbol id="sm-41c">
         <name>_ZTSN10__cxxabiv123__fundamental_type_infoE</name>
         <value>0x12fc</value>
         <object_component_ref idref="oc-309"/>
      </symbol>
      <symbol id="sm-41d">
         <name>_ZN10__cxxabiv117__pbase_type_infoD1Ev</name>
         <value>0xe7d</value>
         <object_component_ref idref="oc-287"/>
      </symbol>
      <symbol id="sm-41e">
         <name>_ZTVN10__cxxabiv123__fundamental_type_infoE</name>
         <value>0x1414</value>
         <object_component_ref idref="oc-2e9"/>
      </symbol>
      <symbol id="sm-41f">
         <name>_ZTSN10__cxxabiv120__si_class_type_infoE</name>
         <value>0x1324</value>
         <object_component_ref idref="oc-295"/>
      </symbol>
      <symbol id="sm-420">
         <name>_ZN10__cxxabiv117__array_type_infoD1Ev</name>
         <value>0xe91</value>
         <object_component_ref idref="oc-287"/>
      </symbol>
      <symbol id="sm-421">
         <name>_ZTVN10__cxxabiv119__pointer_type_infoE</name>
         <value>0x13f4</value>
         <object_component_ref idref="oc-2ca"/>
      </symbol>
      <symbol id="sm-422">
         <name>_ZTSPKe</name>
         <value>0x149f</value>
         <object_component_ref idref="oc-2cf"/>
      </symbol>
      <symbol id="sm-423">
         <name>_ZNKSt9type_infoneERKS_</name>
         <value>0xe07</value>
         <object_component_ref idref="oc-287"/>
      </symbol>
      <symbol id="sm-424">
         <name>_ZN10__cxxabiv119__pointer_type_infoD1Ev</name>
         <value>0xe73</value>
         <object_component_ref idref="oc-287"/>
      </symbol>
      <symbol id="sm-425">
         <name>_ZNSt9type_infoD2Ev</name>
         <value>0xdf9</value>
         <object_component_ref idref="oc-287"/>
      </symbol>
      <symbol id="sm-426">
         <name>_ZNKSt9type_info6beforeERKS_</name>
         <value>0xe33</value>
         <object_component_ref idref="oc-287"/>
      </symbol>
      <symbol id="sm-427">
         <name>_ZN10__cxxabiv123__fundamental_type_infoD1Ev</name>
         <value>0xe4b</value>
         <object_component_ref idref="oc-287"/>
      </symbol>
      <symbol id="sm-428">
         <name>_ZTSN10__cxxabiv119__pointer_type_infoE</name>
         <value>0x1349</value>
         <object_component_ref idref="oc-2f5"/>
      </symbol>
      <symbol id="sm-429">
         <name>_ZN10__cxxabiv121__vmi_class_type_infoD2Ev</name>
         <value>0xe55</value>
         <object_component_ref idref="oc-287"/>
      </symbol>
      <symbol id="sm-42a">
         <name>_ZTSN10__cxxabiv117__class_type_infoE</name>
         <value>0x136d</value>
         <object_component_ref idref="oc-2b8"/>
      </symbol>
      <symbol id="sm-42b">
         <name>_ZN10__cxxabiv120__function_type_infoD2Ev</name>
         <value>0xe69</value>
         <object_component_ref idref="oc-287"/>
      </symbol>
      <symbol id="sm-42c">
         <name>_ZN10__cxxabiv117__class_type_infoD2Ev</name>
         <value>0xe87</value>
         <object_component_ref idref="oc-287"/>
      </symbol>
      <symbol id="sm-42d">
         <name>_ZN10__cxxabiv116__enum_type_infoD2Ev</name>
         <value>0xe9b</value>
         <object_component_ref idref="oc-287"/>
      </symbol>
      <symbol id="sm-42e">
         <name>_ZN10__cxxabiv119__pointer_type_infoD2Ev</name>
         <value>0xe73</value>
         <object_component_ref idref="oc-287"/>
      </symbol>
      <symbol id="sm-42f">
         <name>_ZN10__cxxabiv120__si_class_type_infoD2Ev</name>
         <value>0xe5f</value>
         <object_component_ref idref="oc-287"/>
      </symbol>
      <symbol id="sm-430">
         <name>_ZN10__cxxabiv117__pbase_type_infoD2Ev</name>
         <value>0xe7d</value>
         <object_component_ref idref="oc-287"/>
      </symbol>
      <symbol id="sm-431">
         <name>_ZTVN10__cxxabiv117__class_type_infoE</name>
         <value>0x13e4</value>
         <object_component_ref idref="oc-278"/>
      </symbol>
      <symbol id="sm-432">
         <name>_ZN10__cxxabiv117__array_type_infoD2Ev</name>
         <value>0xe91</value>
         <object_component_ref idref="oc-287"/>
      </symbol>
      <symbol id="sm-433">
         <name>_ZNSt9type_infoD1Ev</name>
         <value>0xdf9</value>
         <object_component_ref idref="oc-287"/>
      </symbol>
      <symbol id="sm-434">
         <name>_ZTIN10__cxxabiv123__fundamental_type_infoE</name>
         <value>0x1470</value>
         <object_component_ref idref="oc-2ff"/>
      </symbol>
      <symbol id="sm-435">
         <name>_ZTISt9type_info</name>
         <value>0x1484</value>
         <object_component_ref idref="oc-2bd"/>
      </symbol>
      <symbol id="sm-436">
         <name>_ZN10__cxxabiv123__fundamental_type_infoD0Ev</name>
         <value>0xe4d</value>
         <object_component_ref idref="oc-287"/>
      </symbol>
      <symbol id="sm-437">
         <name>_ZTIN10__cxxabiv117__pbase_type_infoE</name>
         <value>0x144c</value>
         <object_component_ref idref="oc-2fa"/>
      </symbol>
      <symbol id="sm-438">
         <name>_ZTSe</name>
         <value>0x13b1</value>
         <object_component_ref idref="oc-2ee"/>
      </symbol>
      <symbol id="sm-439">
         <name>_ZNKSt9type_info4nameEv</name>
         <value>0xe03</value>
         <object_component_ref idref="oc-287"/>
      </symbol>
      <symbol id="sm-43a">
         <name>_ZTIN10__cxxabiv117__class_type_infoE</name>
         <value>0x1440</value>
         <object_component_ref idref="oc-290"/>
      </symbol>
      <symbol id="sm-43b">
         <name>_ZN10__cxxabiv129__pointer_to_member_type_infoD0Ev</name>
         <value>0xe43</value>
         <object_component_ref idref="oc-287"/>
      </symbol>
      <symbol id="sm-43c">
         <name>_ZN10__cxxabiv120__si_class_type_infoD1Ev</name>
         <value>0xe5f</value>
         <object_component_ref idref="oc-287"/>
      </symbol>
      <symbol id="sm-43d">
         <name>_ZTIN10__cxxabiv120__si_class_type_infoE</name>
         <value>0x1464</value>
         <object_component_ref idref="oc-282"/>
      </symbol>
      <symbol id="sm-43e">
         <name>_ZNSt9type_infoD0Ev</name>
         <value>0xdfb</value>
         <object_component_ref idref="oc-287"/>
      </symbol>
      <symbol id="sm-43f">
         <name>_ZN10__cxxabiv120__function_type_infoD0Ev</name>
         <value>0xe6b</value>
         <object_component_ref idref="oc-287"/>
      </symbol>
      <symbol id="sm-440">
         <name>_ZN10__cxxabiv117__class_type_infoD0Ev</name>
         <value>0xe89</value>
         <object_component_ref idref="oc-287"/>
      </symbol>
      <symbol id="sm-441">
         <name>_ZTSN10__cxxabiv117__pbase_type_infoE</name>
         <value>0x138f</value>
         <object_component_ref idref="oc-304"/>
      </symbol>
      <symbol id="sm-442">
         <name>_ZN10__cxxabiv116__enum_type_infoD0Ev</name>
         <value>0xe9d</value>
         <object_component_ref idref="oc-287"/>
      </symbol>
      <symbol id="sm-443">
         <name>_ZTIe</name>
         <value>0x148c</value>
         <object_component_ref idref="oc-2d4"/>
      </symbol>
      <symbol id="sm-444">
         <name>_ZN10__cxxabiv121__vmi_class_type_infoD0Ev</name>
         <value>0xe57</value>
         <object_component_ref idref="oc-287"/>
      </symbol>
      <symbol id="sm-445">
         <name>_ZTVN10__cxxabiv120__si_class_type_infoE</name>
         <value>0x1404</value>
         <object_component_ref idref="oc-26e"/>
      </symbol>
      <symbol id="sm-446">
         <name>_ZN10__cxxabiv117__pbase_type_infoD0Ev</name>
         <value>0xe7f</value>
         <object_component_ref idref="oc-287"/>
      </symbol>
      <symbol id="sm-447">
         <name>_ZN10__cxxabiv117__array_type_infoD0Ev</name>
         <value>0xe93</value>
         <object_component_ref idref="oc-287"/>
      </symbol>
      <symbol id="sm-448">
         <name>_ZSt21__gen_dummy_typeinfosv</name>
         <value>0xdf1</value>
         <object_component_ref idref="oc-287"/>
      </symbol>
      <symbol id="sm-449">
         <name>_ZN10__cxxabiv129__pointer_to_member_type_infoD1Ev</name>
         <value>0xe41</value>
         <object_component_ref idref="oc-287"/>
      </symbol>
      <symbol id="sm-44a">
         <name>_ZN10__cxxabiv119__pointer_type_infoD0Ev</name>
         <value>0xe75</value>
         <object_component_ref idref="oc-287"/>
      </symbol>
      <symbol id="sm-44b">
         <name>_ZN10__cxxabiv120__si_class_type_infoD0Ev</name>
         <value>0xe61</value>
         <object_component_ref idref="oc-287"/>
      </symbol>
      <symbol id="sm-44c">
         <name>_ZTIPKe</name>
         <value>0x13b4</value>
         <object_component_ref idref="oc-2a1"/>
      </symbol>
      <symbol id="sm-44d">
         <name>_ZNKSt9type_infoeqERKS_</name>
         <value>0xe1d</value>
         <object_component_ref idref="oc-287"/>
      </symbol>
      <symbol id="sm-466">
         <name>_nop</name>
         <value>0x12ab</value>
         <object_component_ref idref="oc-11a"/>
      </symbol>
      <symbol id="sm-467">
         <name>_lock</name>
         <value>0x20000964</value>
         <object_component_ref idref="oc-b7"/>
      </symbol>
      <symbol id="sm-468">
         <name>_unlock</name>
         <value>0x20000968</value>
         <object_component_ref idref="oc-b7"/>
      </symbol>
      <symbol id="sm-469">
         <name>_register_lock</name>
         <value>0x12a3</value>
         <object_component_ref idref="oc-11a"/>
      </symbol>
      <symbol id="sm-46a">
         <name>_register_unlock</name>
         <value>0x129d</value>
         <object_component_ref idref="oc-11a"/>
      </symbol>
      <symbol id="sm-47e">
         <name>_args_main</name>
         <value>0x1285</value>
         <object_component_ref idref="oc-69"/>
      </symbol>
      <symbol id="sm-4a8">
         <name>__TI_auto_init</name>
         <value>0x10b9</value>
         <object_component_ref idref="oc-63"/>
      </symbol>
      <symbol id="sm-4c2">
         <name>copy_in</name>
         <value>0x1239</value>
         <object_component_ref idref="oc-a4"/>
      </symbol>
      <symbol id="sm-4d0">
         <name>_ZdlPv</name>
         <value>0x12f1</value>
         <object_component_ref idref="oc-29a"/>
      </symbol>
      <symbol id="sm-544">
         <name>_sys_memory</name>
         <value>0x20000540</value>
         <object_component_ref idref="oc-31"/>
      </symbol>
      <symbol id="sm-545">
         <name>free</name>
         <value>0x1cf</value>
         <object_component_ref idref="oc-2c2"/>
      </symbol>
      <symbol id="sm-546">
         <name>realloc</name>
         <value>0x291</value>
         <object_component_ref idref="oc-2c2"/>
      </symbol>
      <symbol id="sm-547">
         <name>memalign</name>
         <value>0x399</value>
         <object_component_ref idref="oc-2c2"/>
      </symbol>
      <symbol id="sm-548">
         <name>calloc</name>
         <value>0x485</value>
         <object_component_ref idref="oc-2c2"/>
      </symbol>
      <symbol id="sm-549">
         <name>malloc</name>
         <value>0x165</value>
         <object_component_ref idref="oc-2c2"/>
      </symbol>
      <symbol id="sm-54a">
         <name>minit</name>
         <value>0xe5</value>
         <object_component_ref idref="oc-2c2"/>
      </symbol>
      <symbol id="sm-554">
         <name>_system_post_cinit</name>
         <value>0x1043</value>
         <object_component_ref idref="oc-aa"/>
      </symbol>
      <symbol id="sm-555">
         <name>__TI_static_base__</name>
         <value>0x0</value>
      </symbol>
      <symbol id="sm-558">
         <name>_Z24Crystalfontz128x128_Initv</name>
         <value>0x0</value>
      </symbol>
      <symbol id="sm-559">
         <name>_Z34Crystalfontz128x128_SetOrientationh</name>
         <value>0x0</value>
      </symbol>
      <symbol id="sm-55a">
         <name>NMI_Handler</name>
         <value>0x12cb</value>
      </symbol>
      <symbol id="sm-55b">
         <name>HardFault_Handler</name>
         <value>0x12cb</value>
      </symbol>
      <symbol id="sm-55c">
         <name>MemManage_Handler</name>
         <value>0x12cb</value>
      </symbol>
      <symbol id="sm-55d">
         <name>BusFault_Handler</name>
         <value>0x12cb</value>
      </symbol>
      <symbol id="sm-55e">
         <name>UsageFault_Handler</name>
         <value>0x12cb</value>
      </symbol>
      <symbol id="sm-55f">
         <name>SVC_Handler</name>
         <value>0x12cb</value>
      </symbol>
      <symbol id="sm-560">
         <name>DebugMon_Handler</name>
         <value>0x12cb</value>
      </symbol>
      <symbol id="sm-561">
         <name>PendSV_Handler</name>
         <value>0x12cb</value>
      </symbol>
      <symbol id="sm-562">
         <name>SysTick_Handler</name>
         <value>0x12cb</value>
      </symbol>
      <symbol id="sm-563">
         <name>PSS_IRQHandler</name>
         <value>0x12cb</value>
      </symbol>
      <symbol id="sm-564">
         <name>CS_IRQHandler</name>
         <value>0x12cb</value>
      </symbol>
      <symbol id="sm-565">
         <name>PCM_IRQHandler</name>
         <value>0x12cb</value>
      </symbol>
      <symbol id="sm-566">
         <name>WDT_A_IRQHandler</name>
         <value>0x12cb</value>
      </symbol>
      <symbol id="sm-567">
         <name>FPU_IRQHandler</name>
         <value>0x12cb</value>
      </symbol>
      <symbol id="sm-568">
         <name>FLCTL_IRQHandler</name>
         <value>0x12cb</value>
      </symbol>
      <symbol id="sm-569">
         <name>COMP_E0_IRQHandler</name>
         <value>0x12cb</value>
      </symbol>
      <symbol id="sm-56a">
         <name>COMP_E1_IRQHandler</name>
         <value>0x12cb</value>
      </symbol>
      <symbol id="sm-56b">
         <name>TA0_0_IRQHandler</name>
         <value>0x12cb</value>
      </symbol>
      <symbol id="sm-56c">
         <name>TA0_N_IRQHandler</name>
         <value>0x12cb</value>
      </symbol>
      <symbol id="sm-56d">
         <name>TA1_0_IRQHandler</name>
         <value>0x12cb</value>
      </symbol>
      <symbol id="sm-56e">
         <name>TA1_N_IRQHandler</name>
         <value>0x12cb</value>
      </symbol>
      <symbol id="sm-56f">
         <name>TA2_0_IRQHandler</name>
         <value>0x12cb</value>
      </symbol>
      <symbol id="sm-570">
         <name>TA2_N_IRQHandler</name>
         <value>0x12cb</value>
      </symbol>
      <symbol id="sm-571">
         <name>TA3_0_IRQHandler</name>
         <value>0x12cb</value>
      </symbol>
      <symbol id="sm-572">
         <name>TA3_N_IRQHandler</name>
         <value>0x12cb</value>
      </symbol>
      <symbol id="sm-573">
         <name>EUSCIA0_IRQHandler</name>
         <value>0x12cb</value>
      </symbol>
      <symbol id="sm-574">
         <name>EUSCIA1_IRQHandler</name>
         <value>0x12cb</value>
      </symbol>
      <symbol id="sm-575">
         <name>EUSCIA2_IRQHandler</name>
         <value>0x12cb</value>
      </symbol>
      <symbol id="sm-576">
         <name>EUSCIA3_IRQHandler</name>
         <value>0x12cb</value>
      </symbol>
      <symbol id="sm-577">
         <name>EUSCIB0_IRQHandler</name>
         <value>0x12cb</value>
      </symbol>
      <symbol id="sm-578">
         <name>EUSCIB1_IRQHandler</name>
         <value>0x12cb</value>
      </symbol>
      <symbol id="sm-579">
         <name>EUSCIB2_IRQHandler</name>
         <value>0x12cb</value>
      </symbol>
      <symbol id="sm-57a">
         <name>EUSCIB3_IRQHandler</name>
         <value>0x12cb</value>
      </symbol>
      <symbol id="sm-57b">
         <name>ADC14_IRQHandler</name>
         <value>0x12cb</value>
      </symbol>
      <symbol id="sm-57c">
         <name>T32_INT1_IRQHandler</name>
         <value>0xd6d</value>
      </symbol>
      <symbol id="sm-57d">
         <name>T32_INT2_IRQHandler</name>
         <value>0x12cb</value>
      </symbol>
      <symbol id="sm-57e">
         <name>T32_INTC_IRQHandler</name>
         <value>0x12cb</value>
      </symbol>
      <symbol id="sm-57f">
         <name>AES256_IRQHandler</name>
         <value>0x12cb</value>
      </symbol>
      <symbol id="sm-580">
         <name>RTC_C_IRQHandler</name>
         <value>0x12cb</value>
      </symbol>
      <symbol id="sm-581">
         <name>DMA_ERR_IRQHandler</name>
         <value>0x12cb</value>
      </symbol>
      <symbol id="sm-582">
         <name>DMA_INT3_IRQHandler</name>
         <value>0x12cb</value>
      </symbol>
      <symbol id="sm-583">
         <name>DMA_INT2_IRQHandler</name>
         <value>0x12cb</value>
      </symbol>
      <symbol id="sm-584">
         <name>DMA_INT1_IRQHandler</name>
         <value>0x12cb</value>
      </symbol>
      <symbol id="sm-585">
         <name>DMA_INT0_IRQHandler</name>
         <value>0x12cb</value>
      </symbol>
      <symbol id="sm-586">
         <name>PORT1_IRQHandler</name>
         <value>0x12cb</value>
      </symbol>
      <symbol id="sm-587">
         <name>PORT2_IRQHandler</name>
         <value>0x12cb</value>
      </symbol>
      <symbol id="sm-588">
         <name>PORT3_IRQHandler</name>
         <value>0x12cb</value>
      </symbol>
      <symbol id="sm-589">
         <name>PORT4_IRQHandler</name>
         <value>0x12cb</value>
      </symbol>
      <symbol id="sm-58a">
         <name>PORT5_IRQHandler</name>
         <value>0x12cb</value>
      </symbol>
      <symbol id="sm-58b">
         <name>PORT6_IRQHandler</name>
         <value>0x12cb</value>
      </symbol>
   </symbol_table>
   <title>Link errors: red sections failed placement</title>
</link_info>
